
running 5 tests
test bindings_aliases_and_failures_are_context_local ... FAILED
test disconnected_failure_and_constructor_arity_affect_complete_observations ... FAILED
test nonbinding_equality_never_instantiates_or_fails_a_region ... FAILED
test finite_tree_occurs_checks_follow_aliases_and_preserve_good_arms ... FAILED
test reflexive_choice_arm_is_not_a_constructor_cycle ... FAILED

failures:

---- bindings_aliases_and_failures_are_context_local stdout ----

thread 'bindings_aliases_and_failures_are_context_local' (164) panicked at research/chr-direct-choice/src/equality.rs:4:39:
not yet implemented
note: run with `RUST_BACKTRACE=1` environment variable to display a backtrace

---- disconnected_failure_and_constructor_arity_affect_complete_observations stdout ----

thread 'disconnected_failure_and_constructor_arity_affect_complete_observations' (165) panicked at research/chr-direct-choice/src/equality.rs:4:39:
not yet implemented

---- nonbinding_equality_never_instantiates_or_fails_a_region stdout ----

thread 'nonbinding_equality_never_instantiates_or_fails_a_region' (167) panicked at research/chr-direct-choice/src/equality.rs:7:39:
not yet implemented

---- finite_tree_occurs_checks_follow_aliases_and_preserve_good_arms stdout ----

thread 'finite_tree_occurs_checks_follow_aliases_and_preserve_good_arms' (166) panicked at research/chr-direct-choice/src/equality.rs:4:39:
not yet implemented

---- reflexive_choice_arm_is_not_a_constructor_cycle stdout ----

thread 'reflexive_choice_arm_is_not_a_constructor_cycle' (168) panicked at research/chr-direct-choice/src/equality.rs:4:39:
not yet implemented


failures:
    bindings_aliases_and_failures_are_context_local
    disconnected_failure_and_constructor_arity_affect_complete_observations
    finite_tree_occurs_checks_follow_aliases_and_preserve_good_arms
    nonbinding_equality_never_instantiates_or_fails_a_region
    reflexive_choice_arm_is_not_a_constructor_cycle

test result: FAILED. 0 passed; 5 failed; 0 ignored; 0 measured; 0 filtered out; finished in 0.00s

   Compiling chr-direct-choice v0.1.0 (/home/ahart/Documents/CHRLang/research/chr-direct-choice)
    Finished `test` profile [unoptimized + debuginfo] target(s) in 0.26s
     Running tests/equality.rs (target/debug/deps/equality-fc444baf98e6dc86)
error: test failed, to rerun pass `-p chr-direct-choice --test equality`
