   Compiling chr-relational v0.1.0 (/home/ahart/Documents/CHRLang/research/chr-relational)
    Finished `test` profile [unoptimized + debuginfo] target(s) in 0.49s
     Running unittests src/lib.rs (target/debug/deps/chr_relational-01bc1605d4c8412b)

running 12 tests
test contextual::ownership_tests::cached_maps_do_not_keep_their_arena_alive ... ok
test contextual::cursor_order_tests::cursor_retains_all_partial_constructor_environments_in_order ... ok
READY_READ,depth=4,kind=post,background=3,selected=5
test contextual_execute::shared_deduction_tests::source_execution_reuses_post_fork_equality_states ... ok
test execute::interleaving_tests::merged_constructor_facts_are_unique_but_source_occurrences_are_not ... ok
depth=4 deep=false fail=false interleaved=5 settled=5
READY_PRIORITY,depth=4,early=false,clash=false,tokens=1,background=1,selected=7
READY_READ,depth=4,kind=constructor,background=1,selected=7
depth=4 deep=false fail=true interleaved=2 settled=5
READY_PRIORITY,depth=4,early=false,clash=false,tokens=2,background=1,selected=7
READY_READ,depth=4,kind=repeated,background=1,selected=5
READY_RESOURCE,depth=4,shared=false,clash=false
READY_SEPARATE,depth=4,possible=false,shared=false,outcome=success,tokens=1,background=8,selected=0,full=8,pending=[1],turns=12,full_turns=9
depth=4 deep=true fail=false interleaved=5 settled=5
READY_PRIORITY,depth=4,early=false,clash=true,tokens=1,background=0,selected=7
READY_PRIORITY,depth=4,early=false,clash=true,tokens=2,background=0,selected=7
depth=4 deep=true fail=true interleaved=5 settled=5
READY_RESOURCE,depth=4,shared=false,clash=true
READY_PRIORITY,depth=4,early=true,clash=false,tokens=1,background=1,selected=7
PRIORITY,depth=4,early=false,clash=false,tokens=1,eager=8,settled=8,pending_at_claim=1
READY_SEPARATE,depth=4,possible=false,shared=false,outcome=success,tokens=2,background=8,selected=0,full=8,pending=[1],turns=12,full_turns=9
READY_PRIORITY,depth=4,early=true,clash=false,tokens=2,background=1,selected=7
READY_RESOURCE,depth=4,shared=true,clash=false
READY_READ,depth=16,kind=post,background=3,selected=17
READY_PRIORITY,depth=4,early=true,clash=true,tokens=1,background=0,selected=7
READY_SEPARATE,depth=4,possible=false,shared=false,outcome=fail,tokens=1,background=4,selected=0,full=7,pending=[1],turns=8,full_turns=8
READY_PRIORITY,depth=4,early=true,clash=true,tokens=2,background=0,selected=7
READY_RESOURCE,depth=4,shared=true,clash=true
depth=16 deep=false fail=false interleaved=17 settled=17
READY_SEPARATE,depth=4,possible=false,shared=false,outcome=fail,tokens=2,background=4,selected=0,full=7,pending=[1],turns=8,full_turns=8
PRIORITY,depth=4,early=false,clash=false,tokens=2,eager=8,settled=8,pending_at_claim=1
READY_READ,depth=16,kind=constructor,background=1,selected=19
depth=16 deep=false fail=true interleaved=2 settled=17
READY_SEPARATE,depth=4,possible=false,shared=false,outcome=clash,tokens=1,background=8,selected=0,full=7,pending=[1],turns=12,full_turns=7
READY_PRIORITY,depth=16,early=false,clash=false,tokens=1,background=1,selected=19
READY_SEPARATE,depth=4,possible=false,shared=false,outcome=clash,tokens=2,background=8,selected=0,full=7,pending=[1],turns=12,full_turns=7
READY_READ,depth=16,kind=repeated,background=1,selected=17
PRIORITY,depth=4,early=false,clash=true,tokens=1,eager=8,settled=7,pending_at_claim=1
READY_RESOURCE,depth=16,shared=false,clash=false
test contextual_execute::deduction_cost_source_tests::measured_sources_exercise_reuse_and_adverse_keys ... ok
READY_PRIORITY,depth=16,early=false,clash=false,tokens=2,background=1,selected=19
READY_SEPARATE,depth=4,possible=false,shared=true,outcome=success,tokens=1,background=3,selected=5,full=8,pending=[0],turns=9,full_turns=9
depth=16 deep=true fail=false interleaved=17 settled=17
PRIORITY,depth=4,early=false,clash=true,tokens=2,eager=8,settled=7,pending_at_claim=1
READY_SEPARATE,depth=4,possible=false,shared=true,outcome=success,tokens=2,background=3,selected=5,full=8,pending=[0],turns=9,full_turns=9
READY_PRIORITY,depth=16,early=false,clash=true,tokens=1,background=0,selected=19
READY_SEPARATE,depth=4,possible=false,shared=true,outcome=fail,tokens=1,background=2,selected=5,full=7,pending=[0],turns=8,full_turns=8
READY_RESOURCE,depth=16,shared=false,clash=true
depth=16 deep=true fail=true interleaved=17 settled=17
PRIORITY,depth=4,early=true,clash=false,tokens=1,eager=8,settled=8,pending_at_claim=1
READY_PRIORITY,depth=16,early=false,clash=true,tokens=2,background=0,selected=19
READY_SEPARATE,depth=4,possible=false,shared=true,outcome=fail,tokens=2,background=2,selected=5,full=7,pending=[0],turns=8,full_turns=8
READY_SEPARATE,depth=4,possible=false,shared=true,outcome=clash,tokens=1,background=2,selected=5,full=7,pending=[],turns=7,full_turns=7
READY_SEPARATE,depth=4,possible=false,shared=true,outcome=clash,tokens=2,background=2,selected=5,full=7,pending=[],turns=7,full_turns=7
READY_PRIORITY,depth=16,early=true,clash=false,tokens=1,background=1,selected=19
PRIORITY,depth=4,early=true,clash=false,tokens=2,eager=8,settled=8,pending_at_claim=1
READY_SEPARATE,depth=4,possible=true,shared=false,outcome=success,tokens=1,background=8,selected=0,full=8,pending=[1],turns=12,full_turns=9
READY_SEPARATE,depth=4,possible=true,shared=false,outcome=success,tokens=2,background=8,selected=0,full=8,pending=[1],turns=12,full_turns=9
READY_RESOURCE,depth=16,shared=true,clash=false
READY_SEPARATE,depth=4,possible=true,shared=false,outcome=fail,tokens=1,background=4,selected=0,full=7,pending=[1],turns=8,full_turns=8
READY_SEPARATE,depth=4,possible=true,shared=false,outcome=fail,tokens=2,background=4,selected=0,full=7,pending=[1],turns=8,full_turns=8
READY_PRIORITY,depth=16,early=true,clash=false,tokens=2,background=1,selected=19
PRIORITY,depth=4,early=true,clash=true,tokens=1,eager=8,settled=7,pending_at_claim=1
READY_SEPARATE,depth=4,possible=true,shared=false,outcome=clash,tokens=1,background=8,selected=0,full=7,pending=[1],turns=12,full_turns=7
READY_SEPARATE,depth=4,possible=true,shared=false,outcome=clash,tokens=2,background=8,selected=0,full=7,pending=[1],turns=12,full_turns=7
READY_SEPARATE,depth=4,possible=true,shared=true,outcome=success,tokens=1,background=3,selected=5,full=8,pending=[0],turns=9,full_turns=9
READY_PRIORITY,depth=16,early=true,clash=true,tokens=1,background=0,selected=19
PRIORITY,depth=4,early=true,clash=true,tokens=2,eager=8,settled=7,pending_at_claim=1
READY_SEPARATE,depth=4,possible=true,shared=true,outcome=success,tokens=2,background=3,selected=5,full=8,pending=[0],turns=9,full_turns=9
READY_CANCEL,outcome=success
READY_SEPARATE,depth=4,possible=true,shared=true,outcome=fail,tokens=1,background=2,selected=5,full=7,pending=[0],turns=8,full_turns=8
READY_RESOURCE,depth=16,shared=true,clash=true
READY_SEPARATE,depth=4,possible=true,shared=true,outcome=fail,tokens=2,background=2,selected=5,full=7,pending=[0],turns=8,full_turns=8
READY_SEPARATE,depth=4,possible=true,shared=true,outcome=clash,tokens=1,background=2,selected=5,full=7,pending=[],turns=7,full_turns=7
READY_PRIORITY,depth=16,early=true,clash=true,tokens=2,background=0,selected=19
READY_SEPARATE,depth=4,possible=true,shared=true,outcome=clash,tokens=2,background=2,selected=5,full=7,pending=[],turns=7,full_turns=7
READY_SEPARATE,depth=16,possible=false,shared=false,outcome=success,tokens=1,background=20,selected=0,full=20,pending=[1],turns=24,full_turns=9
READY_CANCEL,outcome=fail
READY_SEPARATE,depth=16,possible=false,shared=false,outcome=success,tokens=2,background=20,selected=0,full=20,pending=[1],turns=24,full_turns=9
PRIORITY,depth=16,early=false,clash=false,tokens=1,eager=20,settled=20,pending_at_claim=1
READY_SEPARATE,depth=16,possible=false,shared=false,outcome=fail,tokens=1,background=4,selected=0,full=19,pending=[1],turns=8,full_turns=8
READY_SEPARATE,depth=16,possible=false,shared=false,outcome=fail,tokens=2,background=4,selected=0,full=19,pending=[1],turns=8,full_turns=8
READY_READ,depth=64,kind=post,background=3,selected=65
READY_SEPARATE,depth=16,possible=false,shared=false,outcome=clash,tokens=1,background=20,selected=0,full=19,pending=[1],turns=24,full_turns=7
READY_SEPARATE,depth=16,possible=false,shared=false,outcome=clash,tokens=2,background=20,selected=0,full=19,pending=[1],turns=24,full_turns=7
PRIORITY,depth=16,early=false,clash=false,tokens=2,eager=20,settled=20,pending_at_claim=1
READY_SEPARATE,depth=16,possible=false,shared=true,outcome=success,tokens=1,background=3,selected=17,full=20,pending=[0],turns=9,full_turns=9
PRIORITY,depth=16,early=false,clash=true,tokens=1,eager=20,settled=19,pending_at_claim=1
READY_SEPARATE,depth=16,possible=false,shared=true,outcome=success,tokens=2,background=3,selected=17,full=20,pending=[0],turns=9,full_turns=9
PRIORITY,depth=16,early=false,clash=true,tokens=2,eager=20,settled=19,pending_at_claim=1
READY_SEPARATE,depth=16,possible=false,shared=true,outcome=fail,tokens=1,background=2,selected=17,full=19,pending=[0],turns=8,full_turns=8
READY_PRIORITY,depth=64,early=false,clash=false,tokens=1,background=1,selected=67
READY_SEPARATE,depth=16,possible=false,shared=true,outcome=fail,tokens=2,background=2,selected=17,full=19,pending=[0],turns=8,full_turns=8
depth=64 deep=false fail=false interleaved=65 settled=65
READY_CANCEL,outcome=clash
PRIORITY,depth=16,early=true,clash=false,tokens=1,eager=20,settled=20,pending_at_claim=1
test execute::interleaving_tests::matcher_settlement_cancellation_does_not_contaminate_prepared_reuse ... ok
READY_SEPARATE,depth=16,possible=false,shared=true,outcome=clash,tokens=1,background=2,selected=17,full=19,pending=[],turns=7,full_turns=7
PRIORITY,depth=16,early=true,clash=false,tokens=2,eager=20,settled=20,pending_at_claim=1
READY_READ,depth=64,kind=constructor,background=1,selected=67
READY_SEPARATE,depth=16,possible=false,shared=true,outcome=clash,tokens=2,background=2,selected=17,full=19,pending=[],turns=7,full_turns=7
PRIORITY,depth=16,early=true,clash=true,tokens=1,eager=20,settled=19,pending_at_claim=1
READY_SEPARATE,depth=16,possible=true,shared=false,outcome=success,tokens=1,background=20,selected=0,full=20,pending=[1],turns=24,full_turns=9
PRIORITY,depth=16,early=true,clash=true,tokens=2,eager=20,settled=19,pending_at_claim=1
READY_RESOURCE,depth=64,shared=false,clash=false
READY_SEPARATE,depth=16,possible=true,shared=false,outcome=success,tokens=2,background=20,selected=0,full=20,pending=[1],turns=24,full_turns=9
READY_SEPARATE,depth=16,possible=true,shared=false,outcome=fail,tokens=1,background=4,selected=0,full=19,pending=[1],turns=8,full_turns=8
depth=64 deep=false fail=true interleaved=2 settled=65
READY_PRIORITY,depth=64,early=false,clash=false,tokens=2,background=1,selected=67
READY_SEPARATE,depth=16,possible=true,shared=false,outcome=fail,tokens=2,background=4,selected=0,full=19,pending=[1],turns=8,full_turns=8
READY_SEPARATE,depth=16,possible=true,shared=false,outcome=clash,tokens=1,background=20,selected=0,full=19,pending=[1],turns=24,full_turns=7
READY_READ,depth=64,kind=repeated,background=1,selected=65
test execute::interleaving_tests::matcher_settlement_covers_new_posts_constructors_and_repeated_variables ... ok
READY_SEPARATE,depth=16,possible=true,shared=false,outcome=clash,tokens=2,background=20,selected=0,full=19,pending=[1],turns=24,full_turns=7
READY_SEPARATE,depth=16,possible=true,shared=true,outcome=success,tokens=1,background=3,selected=17,full=20,pending=[0],turns=9,full_turns=9
READY_SEPARATE,depth=16,possible=true,shared=true,outcome=success,tokens=2,background=3,selected=17,full=20,pending=[0],turns=9,full_turns=9
READY_RESOURCE,depth=64,shared=false,clash=true
READY_PRIORITY,depth=64,early=false,clash=true,tokens=1,background=0,selected=67
PRIORITY,depth=64,early=false,clash=false,tokens=1,eager=68,settled=68,pending_at_claim=1
READY_SEPARATE,depth=16,possible=true,shared=true,outcome=fail,tokens=1,background=2,selected=17,full=19,pending=[0],turns=8,full_turns=8
READY_SEPARATE,depth=16,possible=true,shared=true,outcome=fail,tokens=2,background=2,selected=17,full=19,pending=[0],turns=8,full_turns=8
READY_SEPARATE,depth=16,possible=true,shared=true,outcome=clash,tokens=1,background=2,selected=17,full=19,pending=[],turns=7,full_turns=7
READY_SEPARATE,depth=16,possible=true,shared=true,outcome=clash,tokens=2,background=2,selected=17,full=19,pending=[],turns=7,full_turns=7
READY_PRIORITY,depth=64,early=false,clash=true,tokens=2,background=0,selected=67
READY_RESOURCE,depth=64,shared=true,clash=false
PRIORITY,depth=64,early=false,clash=false,tokens=2,eager=68,settled=68,pending_at_claim=1
READY_PRIORITY,depth=64,early=true,clash=false,tokens=1,background=1,selected=67
READY_SEPARATE,depth=64,possible=false,shared=false,outcome=success,tokens=1,background=68,selected=0,full=68,pending=[1],turns=72,full_turns=9
READY_RESOURCE,depth=64,shared=true,clash=true
depth=64 deep=true fail=false interleaved=65 settled=65
test execute::interleaving_tests::matcher_settlement_handles_shared_and_disjoint_consumption ... ok
READY_PRIORITY,depth=64,early=true,clash=false,tokens=2,background=1,selected=67
PRIORITY,depth=64,early=false,clash=true,tokens=1,eager=68,settled=67,pending_at_claim=1
READY_SEPARATE,depth=64,possible=false,shared=false,outcome=success,tokens=2,background=68,selected=0,full=68,pending=[1],turns=72,full_turns=9
READY_PRIORITY,depth=64,early=true,clash=true,tokens=1,background=0,selected=67
PRIORITY,depth=64,early=false,clash=true,tokens=2,eager=68,settled=67,pending_at_claim=1
READY_SEPARATE,depth=64,possible=false,shared=false,outcome=fail,tokens=1,background=4,selected=0,full=67,pending=[1],turns=8,full_turns=8
READY_PRIORITY,depth=64,early=true,clash=true,tokens=2,background=0,selected=67
test execute::interleaving_tests::matcher_settlement_preserves_the_priority_witness ... ok
READY_SEPARATE,depth=64,possible=false,shared=false,outcome=fail,tokens=2,background=4,selected=0,full=67,pending=[1],turns=8,full_turns=8
depth=64 deep=true fail=true interleaved=65 settled=65
test execute::interleaving_tests::useful_early_failure_and_settlement_dependent_control ... ok
PRIORITY,depth=64,early=true,clash=false,tokens=1,eager=68,settled=68,pending_at_claim=1
READY_SEPARATE,depth=64,possible=false,shared=false,outcome=clash,tokens=1,background=68,selected=0,full=67,pending=[1],turns=72,full_turns=7
READY_SEPARATE,depth=64,possible=false,shared=false,outcome=clash,tokens=2,background=68,selected=0,full=67,pending=[1],turns=72,full_turns=7
PRIORITY,depth=64,early=true,clash=false,tokens=2,eager=68,settled=68,pending_at_claim=1
READY_SEPARATE,depth=64,possible=false,shared=true,outcome=success,tokens=1,background=3,selected=65,full=68,pending=[0],turns=9,full_turns=9
PRIORITY,depth=64,early=true,clash=true,tokens=1,eager=68,settled=67,pending_at_claim=1
READY_SEPARATE,depth=64,possible=false,shared=true,outcome=success,tokens=2,background=3,selected=65,full=68,pending=[0],turns=9,full_turns=9
PRIORITY,depth=64,early=true,clash=true,tokens=2,eager=68,settled=67,pending_at_claim=1
test execute::interleaving_tests::partial_equality_distinguishes_priority_from_permitted_serialization ... ok
READY_SEPARATE,depth=64,possible=false,shared=true,outcome=fail,tokens=1,background=2,selected=65,full=67,pending=[0],turns=8,full_turns=8
READY_SEPARATE,depth=64,possible=false,shared=true,outcome=fail,tokens=2,background=2,selected=65,full=67,pending=[0],turns=8,full_turns=8
READY_SEPARATE,depth=64,possible=false,shared=true,outcome=clash,tokens=1,background=2,selected=65,full=67,pending=[],turns=7,full_turns=7
READY_SEPARATE,depth=64,possible=false,shared=true,outcome=clash,tokens=2,background=2,selected=65,full=67,pending=[],turns=7,full_turns=7
READY_SEPARATE,depth=64,possible=true,shared=false,outcome=success,tokens=1,background=68,selected=0,full=68,pending=[1],turns=72,full_turns=9
READY_SEPARATE,depth=64,possible=true,shared=false,outcome=success,tokens=2,background=68,selected=0,full=68,pending=[1],turns=72,full_turns=9
READY_SEPARATE,depth=64,possible=true,shared=false,outcome=fail,tokens=1,background=4,selected=0,full=67,pending=[1],turns=8,full_turns=8
READY_SEPARATE,depth=64,possible=true,shared=false,outcome=fail,tokens=2,background=4,selected=0,full=67,pending=[1],turns=8,full_turns=8
READY_SEPARATE,depth=64,possible=true,shared=false,outcome=clash,tokens=1,background=68,selected=0,full=67,pending=[1],turns=72,full_turns=7
READY_SEPARATE,depth=64,possible=true,shared=false,outcome=clash,tokens=2,background=68,selected=0,full=67,pending=[1],turns=72,full_turns=7
READY_SEPARATE,depth=64,possible=true,shared=true,outcome=success,tokens=1,background=3,selected=65,full=68,pending=[0],turns=9,full_turns=9
READY_SEPARATE,depth=64,possible=true,shared=true,outcome=success,tokens=2,background=3,selected=65,full=68,pending=[0],turns=9,full_turns=9
READY_SEPARATE,depth=64,possible=true,shared=true,outcome=fail,tokens=1,background=2,selected=65,full=67,pending=[0],turns=8,full_turns=8
READY_SEPARATE,depth=64,possible=true,shared=true,outcome=fail,tokens=2,background=2,selected=65,full=67,pending=[0],turns=8,full_turns=8
READY_SEPARATE,depth=64,possible=true,shared=true,outcome=clash,tokens=1,background=2,selected=65,full=67,pending=[],turns=7,full_turns=7
READY_SEPARATE,depth=64,possible=true,shared=true,outcome=clash,tokens=2,background=2,selected=65,full=67,pending=[],turns=7,full_turns=7
test execute::interleaving_tests::matcher_settlement_separates_output_work_from_competing_reads ... ok

test result: ok. 12 passed; 0 failed; 0 ignored; 0 measured; 0 filtered out; finished in 0.59s

