warning: method `access_key` is never used
   --> research/chr-integrated/../chr-compiled/src/generate.rs:229:8
    |
227 | impl Emit {
    | --------- method in this implementation
228 |     /// A key exists only when every source-pattern component is established.
229 |     fn access_key(&mut self, term: &Term) -> String {
    |        ^^^^^^^^^^
    |
    = note: `#[warn(dead_code)]` (part of `#[warn(unused)]`) on by default

warning: function `emit_access` is never used
   --> research/chr-integrated/../chr-compiled/src/generate.rs:255:8
    |
255 | pub fn emit_access(name: &str, rules: &[Rule]) -> Result<String, String> {
    |        ^^^^^^^^^^^

warning: function `update_columns` is never used
   --> research/chr-integrated/../chr-compiled/src/generate.rs:400:8
    |
400 | pub fn update_columns(rules: &[Rule]) -> BTreeMap<(String, usize), BTreeSet<usize>> {
    |        ^^^^^^^^^^^^^^

warning: `chr-integrated` (build script) generated 3 warnings
   Compiling chr-relational v0.1.0 (/home/ahart/Documents/CHRLang/research/chr-relational)
    Finished `test` profile [unoptimized + debuginfo] target(s) in 1.16s
     Running tests/chr_constructors.rs (target/debug/deps/chr_constructors-38f0999488686d52)

running 1 test
test local_broad_merge_repairs_every_alias_and_services_all_consumers ... ok

test result: ok. 1 passed; 0 failed; 0 ignored; 0 measured; 12 filtered out; finished in 0.01s

