    Checking chr-syntax v0.1.0 (/home/ahart/Documents/CHRLang/crates/chr-syntax)
    Checking chr-observe v0.1.0 (/home/ahart/Documents/CHRLang/research/chr-observe)
    Checking chr-programs v0.1.0 (/home/ahart/Documents/CHRLang/crates/chr-programs)
    Checking chr-direct-conditional v0.1.0 (/home/ahart/Documents/CHRLang/research/chr-direct-conditional)
    Checking chr-reference v0.1.0 (/home/ahart/Documents/CHRLang/crates/chr-reference)
    Checking chr-direct-choice v0.1.0 (/home/ahart/Documents/CHRLang/research/chr-direct-choice)
   Compiling chr-compiled v0.1.0 (/home/ahart/Documents/CHRLang/research/chr-compiled)
    Checking chr-cases v0.1.0 (/home/ahart/Documents/CHRLang/research/chr-cases)
    Checking chr-persistent v0.1.0 (/home/ahart/Documents/CHRLang/research/chr-persistent)
    Checking chr-reuse v0.1.0 (/home/ahart/Documents/CHRLang/research/chr-reuse)
error: this assertion has a constant value
   --> research/chr-reuse/examples/inert_ownership.rs:159:5
    |
159 |     assert!(!chr_reuse::continuations::COLLECT_METRICS);
    |     ^^^^^^^^^^^^^^^^^^^^^^^^^^^^^^^^^^^^^^^^^^^^^^^^^^^
    |
    = help: consider moving this into a const block: `const { assert!(..) }`
    = help: for further information visit https://rust-lang.github.io/rust-clippy/rust-1.97.0/index.html#assertions_on_constants
    = note: `-D clippy::assertions-on-constants` implied by `-D warnings`
    = help: to override `-D warnings` add `#[allow(clippy::assertions_on_constants)]`

error: could not compile `chr-reuse` (example "inert_ownership") due to 1 previous error
