   Compiling chr-relational v0.1.0 (/home/ahart/Documents/CHRLang/research/chr-relational)
   Compiling chr-direct-conditional v0.1.0 (/home/ahart/Documents/CHRLang/research/chr-direct-conditional)
    Finished `test` profile [unoptimized + debuginfo] target(s) in 2.46s
     Running tests/composition_progress.rs (target/debug/deps/composition_progress-b1ceedc89db04abf)

running 2 tests
test finite_mixed_sibling_and_owned_answer_survive_ongoing_work ... ok
test certified_fusion_and_ineligible_queries_across_organizations ... ok

test result: ok. 2 passed; 0 failed; 0 ignored; 0 measured; 0 filtered out; finished in 0.33s

     Running tests/matching_resources.rs (target/debug/deps/matching_resources-5cf20dc0394d7eda)

running 12 tests
test acknowledgement_keeps_other_pending_support_and_cancelled_prepare_has_no_effect ... ok
test propagation_keys_preserve_ordered_ids_and_pending_support_is_local ... ok
test occurrence_identity_and_body_readiness_are_preserved ... ok
test guard_locals_are_rigid_fresh_identities_without_head_bindings ... ok
test one_frame_completion_is_distinct_from_exhaustive_ineligibility ... ok
test opaque_slot_does_not_partition_conditional_values ... ok
test simpagation_keeps_only_declared_kept_occurrence ... ok
test rejecting_a_guard_frame_does_not_discard_an_eligible_alternative ... ok
test tokens_reject_foreign_and_stale_owners_without_partial_effects ... ok
test two_birth_consumption_intersects_crossing_supports ... ok
test propagation_resource_truth_masks_preserve_exact_effects_and_pending_body ... ok
test symbolic_matching_matches_independent_joint_slot_environments ... ok

test result: ok. 12 passed; 0 failed; 0 ignored; 0 measured; 0 filtered out; finished in 0.05s

     Running tests/post_continuation.rs (target/debug/deps/post_continuation-9e48941a23b73983)

running 2 tests
test generated_mixed_sources_match_source_preparation ... ok
test mixed_posts_preserve_complete_continuations_and_record_capability ... ok

test result: ok. 2 passed; 0 failed; 0 ignored; 0 measured; 0 filtered out; finished in 3.78s

     Running tests/producer_lead.rs (target/debug/deps/producer_lead-75dabbe92877b791)

running 1 test
test bounded_lead_preserves_continuing_alias_answers_and_progress ... ok

test result: ok. 1 passed; 0 failed; 0 ignored; 0 measured; 0 filtered out; finished in 0.06s

     Running tests/streaming.rs (target/debug/deps/streaming-7ac74594de0eaba7)

running 3 tests
test closed_form_checker_rejects_wrong_values_multiplicity_and_aliases ... ok
test conditional_finite_generator_has_exact_raw_count_and_exhaustion ... ok
test conditional_unbounded_prefixes_preserve_duplicates_and_consumer_ownership ... ok

test result: ok. 3 passed; 0 failed; 0 ignored; 0 measured; 0 filtered out; finished in 0.06s
