{"reserved":false,"family":"flat","size":2,"value":"a","applications":20,"rules":{"commit-earliest":2,"constructor-child":2,"dedup-eligible":2,"discover-eligible":5,"find-root":4,"link-roots":2,"prefer-earlier":1,"union-requests":2}}
{"reserved":false,"family":"flat","size":2,"value":"b","applications":20,"rules":{"commit-earliest":2,"constructor-child":2,"dedup-eligible":2,"discover-eligible":5,"find-root":4,"link-roots":2,"prefer-earlier":1,"union-requests":2}}
{"reserved":false,"family":"flat","size":6,"value":"a","applications":212,"rules":{"commit-earliest":6,"constructor-child":6,"dedup-eligible":70,"discover-eligible":91,"find-root":12,"link-roots":6,"prefer-earlier":15,"union-requests":6}}
{"reserved":false,"family":"flat","size":6,"value":"b","applications":212,"rules":{"commit-earliest":6,"constructor-child":6,"dedup-eligible":70,"discover-eligible":91,"find-root":12,"link-roots":6,"prefer-earlier":15,"union-requests":6}}
{"reserved":false,"family":"sparse","size":2,"value":"a","applications":9,"rules":{"commit-earliest":1,"constructor-child":1,"dedup-eligible":1,"discover-eligible":2,"find-root":2,"link-roots":1,"union-requests":1}}
{"reserved":false,"family":"sparse","size":2,"value":"b","applications":9,"rules":{"commit-earliest":1,"constructor-child":1,"dedup-eligible":1,"discover-eligible":2,"find-root":2,"link-roots":1,"union-requests":1}}
{"reserved":false,"family":"sparse","size":6,"value":"a","applications":17,"rules":{"commit-earliest":1,"constructor-child":1,"dedup-eligible":5,"discover-eligible":6,"find-root":2,"link-roots":1,"union-requests":1}}
{"reserved":false,"family":"sparse","size":6,"value":"b","applications":17,"rules":{"commit-earliest":1,"constructor-child":1,"dedup-eligible":5,"discover-eligible":6,"find-root":2,"link-roots":1,"union-requests":1}}
{"reserved":false,"family":"chain","size":2,"value":"a","applications":18,"rules":{"commit-earliest":2,"constructor-child":2,"dedup-eligible":1,"discover-eligible":3,"find-root":4,"link-roots":2,"repair-ticket-1":1,"transitive-below":1,"union-requests":2}}
{"reserved":false,"family":"chain","size":2,"value":"b","applications":18,"rules":{"commit-earliest":2,"constructor-child":2,"dedup-eligible":1,"discover-eligible":3,"find-root":4,"link-roots":2,"repair-ticket-1":1,"transitive-below":1,"union-requests":2}}
{"reserved":false,"family":"chain","size":6,"value":"a","applications":132,"rules":{"commit-earliest":6,"constructor-child":6,"dedup-below":20,"dedup-eligible":15,"discover-eligible":21,"find-root":12,"link-roots":6,"repair-ticket-1":5,"transitive-below":35,"union-requests":6}}
{"reserved":false,"family":"chain","size":6,"value":"b","applications":132,"rules":{"commit-earliest":6,"constructor-child":6,"dedup-below":20,"dedup-eligible":15,"discover-eligible":21,"find-root":12,"link-roots":6,"repair-ticket-1":5,"transitive-below":35,"union-requests":6}}
{"reserved":false,"family":"competition","size":2,"value":"a","applications":10,"rules":{"commit-earliest":1,"constructor-child":2,"discover-eligible":2,"find-root":2,"link-roots":1,"prefer-earlier":1,"union-requests":1}}
{"reserved":false,"family":"competition","size":2,"value":"b","applications":10,"rules":{"commit-earliest":1,"constructor-child":2,"discover-eligible":2,"find-root":2,"link-roots":1,"prefer-earlier":1,"union-requests":1}}
{"reserved":false,"family":"competition","size":6,"value":"a","applications":82,"rules":{"commit-earliest":3,"constructor-child":6,"dedup-eligible":17,"discover-eligible":32,"find-root":6,"link-roots":3,"prefer-earlier":12,"union-requests":3}}
{"reserved":false,"family":"competition","size":6,"value":"b","applications":82,"rules":{"commit-earliest":3,"constructor-child":6,"dedup-eligible":17,"discover-eligible":32,"find-root":6,"link-roots":3,"prefer-earlier":12,"union-requests":3}}
{"reserved":true,"family":"flat","size":2,"value":"a","applications":18,"rules":{"commit-earliest":2,"constructor-child":2,"discover-eligible":3,"find-root":4,"link-roots":2,"open-round":2,"prefer-earlier":1,"union-requests":2}}
{"reserved":true,"family":"flat","size":2,"value":"b","applications":18,"rules":{"commit-earliest":2,"constructor-child":2,"discover-eligible":3,"find-root":4,"link-roots":2,"open-round":2,"prefer-earlier":1,"union-requests":2}}
{"reserved":true,"family":"flat","size":6,"value":"a","applications":78,"rules":{"commit-earliest":6,"constructor-child":6,"discover-eligible":21,"find-root":12,"link-roots":6,"open-round":6,"prefer-earlier":15,"union-requests":6}}
{"reserved":true,"family":"flat","size":6,"value":"b","applications":78,"rules":{"commit-earliest":6,"constructor-child":6,"discover-eligible":21,"find-root":12,"link-roots":6,"open-round":6,"prefer-earlier":15,"union-requests":6}}
{"reserved":true,"family":"sparse","size":2,"value":"a","applications":8,"rules":{"commit-earliest":1,"constructor-child":1,"discover-eligible":1,"find-root":2,"link-roots":1,"open-round":1,"union-requests":1}}
{"reserved":true,"family":"sparse","size":2,"value":"b","applications":8,"rules":{"commit-earliest":1,"constructor-child":1,"discover-eligible":1,"find-root":2,"link-roots":1,"open-round":1,"union-requests":1}}
{"reserved":true,"family":"sparse","size":6,"value":"a","applications":8,"rules":{"commit-earliest":1,"constructor-child":1,"discover-eligible":1,"find-root":2,"link-roots":1,"open-round":1,"union-requests":1}}
{"reserved":true,"family":"sparse","size":6,"value":"b","applications":8,"rules":{"commit-earliest":1,"constructor-child":1,"discover-eligible":1,"find-root":2,"link-roots":1,"open-round":1,"union-requests":1}}
{"reserved":true,"family":"chain","size":2,"value":"a","applications":18,"rules":{"commit-earliest":2,"constructor-child":2,"discover-eligible":2,"find-root":4,"link-roots":2,"open-round":2,"repair-ticket-1":1,"transitive-below":1,"union-requests":2}}
{"reserved":true,"family":"chain","size":2,"value":"b","applications":18,"rules":{"commit-earliest":2,"constructor-child":2,"discover-eligible":2,"find-root":4,"link-roots":2,"open-round":2,"repair-ticket-1":1,"transitive-below":1,"union-requests":2}}
{"reserved":true,"family":"chain","size":6,"value":"a","applications":108,"rules":{"commit-earliest":6,"constructor-child":6,"dedup-below":20,"discover-eligible":6,"find-root":12,"link-roots":6,"open-round":6,"repair-ticket-1":5,"transitive-below":35,"union-requests":6}}
{"reserved":true,"family":"chain","size":6,"value":"b","applications":108,"rules":{"commit-earliest":6,"constructor-child":6,"dedup-below":20,"discover-eligible":6,"find-root":12,"link-roots":6,"open-round":6,"repair-ticket-1":5,"transitive-below":35,"union-requests":6}}
{"reserved":true,"family":"competition","size":2,"value":"a","applications":11,"rules":{"commit-earliest":1,"constructor-child":2,"discover-eligible":2,"find-root":2,"link-roots":1,"open-round":1,"prefer-earlier":1,"union-requests":1}}
{"reserved":true,"family":"competition","size":2,"value":"b","applications":11,"rules":{"commit-earliest":1,"constructor-child":2,"discover-eligible":2,"find-root":2,"link-roots":1,"open-round":1,"prefer-earlier":1,"union-requests":1}}
{"reserved":true,"family":"competition","size":6,"value":"a","applications":51,"rules":{"commit-earliest":3,"constructor-child":6,"discover-eligible":15,"find-root":6,"link-roots":3,"open-round":3,"prefer-earlier":12,"union-requests":3}}
{"reserved":true,"family":"competition","size":6,"value":"b","applications":51,"rules":{"commit-earliest":3,"constructor-child":6,"discover-eligible":15,"find-root":6,"link-roots":3,"open-round":3,"prefer-earlier":12,"union-requests":3}}
