0 eager vs recompute unresolved [1.012, 1.01]
0 covered vs recompute unresolved [0.847, 0.814]
0 reuse vs recompute gain [0.679, 0.658]
0 covered vs eager gain [0.824, 0.815]
0 reuse vs eager gain [0.659, 0.637]
0 reuse vs covered gain [0.817, 0.793]
1 eager vs recompute unresolved [1.008, 1.005]
1 covered vs recompute unresolved [0.996, 1.026]
1 reuse vs recompute gain [0.745, 0.775]
1 covered vs eager unresolved [0.986, 0.991]
1 reuse vs eager gain [0.764, 0.754]
1 reuse vs covered gain [0.762, 0.753]
2 eager vs recompute gain [0.342, 0.344]
2 covered vs recompute gain [0.299, 0.293]
2 reuse vs recompute gain [0.341, 0.349]
2 covered vs eager gain [0.877, 0.861]
2 reuse vs eager unresolved [0.99, 1.019]
2 reuse vs covered loss [1.128, 1.159]
3 eager vs recompute unresolved [1.008, 1.018]
3 covered vs recompute gain [0.816, 0.827]
3 reuse vs recompute unresolved [1.046, 1.014]
3 covered vs eager gain [0.809, 0.811]
3 reuse vs eager unresolved [1.025, 0.986]
3 reuse vs covered loss [1.283, 1.218]
4 eager vs recompute unresolved [0.993, 1.033]
4 covered vs recompute unresolved [1.012, 1.014]
4 reuse vs recompute unresolved [1.04, 0.961]
4 covered vs eager unresolved [1.02, 0.971]
4 reuse vs eager unresolved [1.009, 0.96]
4 reuse vs covered unresolved [1.06, 0.999]
