   Compiling chr-syntax v0.1.0 (/home/ahart/Documents/CHRLang/crates/chr-syntax)
   Compiling chr-observe v0.1.0 (/home/ahart/Documents/CHRLang/research/chr-observe)
   Compiling chr-direct-choice v0.1.0 (/home/ahart/Documents/CHRLang/research/chr-direct-choice)
   Compiling chr-compiled v0.1.0 (/home/ahart/Documents/CHRLang/research/chr-compiled)
   Compiling chr-persistent v0.1.0 (/home/ahart/Documents/CHRLang/research/chr-persistent)
   Compiling chr-relational v0.1.0 (/home/ahart/Documents/CHRLang/research/chr-relational)
   Compiling chr-direct-conditional v0.1.0 (/home/ahart/Documents/CHRLang/research/chr-direct-conditional)
    Finished `release` profile [optimized] target(s) in 10.18s
     Running unittests examples/dependency_ownership.rs (target/s03-post-controls-lifecycle-qualification/release/examples/dependency_ownership-869e02283e1fea7f)

running 1 test
test tests::post_families_preserve_complete_answers_and_prepared_reuse ... FAILED

failures:

---- tests::post_families_preserve_complete_answers_and_prepared_reuse stdout ----

thread 'tests::post_families_preserve_complete_answers_and_prepared_reuse' (318) panicked at research/chr-direct-conditional/examples/dependency_ownership.rs:82:22:
unknown mode
note: run with `RUST_BACKTRACE=1` environment variable to display a backtrace


failures:
    tests::post_families_preserve_complete_answers_and_prepared_reuse

test result: FAILED. 0 passed; 1 failed; 0 ignored; 0 measured; 0 filtered out; finished in 0.00s

error: test failed, to rerun pass `-p chr-direct-conditional --example dependency_ownership`
