   Compiling chr-restoration v0.1.0 (/home/ahart/Documents/CHRLang/research/chr-restoration)
    Finished `test` profile [unoptimized + debuginfo] target(s) in 0.18s
     Running tests/adaptive_reunion.rs (target/debug/deps/adaptive_reunion-c962c46d1f5d036a)

running 3 tests
test finite_answer_progress_failure_and_cancelled_query_reuse ... ok
plain depth=0 EveryBoundary: checks=31 skipped=0 private=420 coupled=284 epochs=15
plain depth=0 FixedSkip(1): checks=31 skipped=30 private=452 coupled=364 epochs=24
plain depth=0 FixedSkip(8): checks=18 skipped=141 private=194 coupled=660 epochs=16
plain depth=0 FailedCheckBackoff { max_skip: 1 }: checks=23 skipped=8 private=420 coupled=284 epochs=15
plain depth=0 FailedCheckBackoff { max_skip: 8 }: checks=19 skipped=12 private=420 coupled=284 epochs=15
plain depth=4 EveryBoundary: checks=31 skipped=0 private=900 coupled=284 epochs=15
plain depth=4 FixedSkip(1): checks=30 skipped=29 private=1054 coupled=340 epochs=22
plain depth=4 FixedSkip(8): checks=31 skipped=242 private=706 coupled=830 epochs=30
plain depth=4 FailedCheckBackoff { max_skip: 1 }: checks=23 skipped=8 private=900 coupled=284 epochs=15
plain depth=4 FailedCheckBackoff { max_skip: 8 }: checks=19 skipped=12 private=900 coupled=284 epochs=15
history depth=0 EveryBoundary: checks=31 skipped=0 private=580 coupled=284 epochs=31
history depth=0 FixedSkip(1): checks=31 skipped=30 private=594 coupled=364 epochs=31
history depth=0 FixedSkip(8): checks=18 skipped=141 private=326 coupled=660 epochs=18
history depth=0 FailedCheckBackoff { max_skip: 1 }: checks=31 skipped=0 private=580 coupled=284 epochs=31
history depth=0 FailedCheckBackoff { max_skip: 8 }: checks=31 skipped=0 private=580 coupled=284 epochs=31
history depth=4 EveryBoundary: checks=31 skipped=0 private=1060 coupled=284 epochs=31
history depth=4 FixedSkip(1): checks=30 skipped=29 private=1198 coupled=340 epochs=30
history depth=4 FixedSkip(8): checks=31 skipped=242 private=836 coupled=830 epochs=31
history depth=4 FailedCheckBackoff { max_skip: 1 }: checks=31 skipped=0 private=1060 coupled=284 epochs=31
history depth=4 FailedCheckBackoff { max_skip: 8 }: checks=31 skipped=0 private=1060 coupled=284 epochs=31
late depth=0 EveryBoundary: checks=87 skipped=0 private=392 coupled=382 epochs=29
late depth=0 FixedSkip(1): checks=63 skipped=63 private=284 coupled=491 epochs=35
late depth=0 FixedSkip(8): checks=18 skipped=141 private=95 coupled=642 epochs=11
late depth=0 FailedCheckBackoff { max_skip: 1 }: checks=58 skipped=29 private=392 coupled=382 epochs=29
late depth=0 FailedCheckBackoff { max_skip: 8 }: checks=63 skipped=58 private=341 coupled=450 epochs=46
late depth=4 EveryBoundary: checks=199 skipped=0 private=872 coupled=606 epochs=29
late depth=4 FixedSkip(1): checks=128 skipped=127 private=770 coupled=720 epochs=42
late depth=4 FixedSkip(8): checks=48 skipped=378 private=332 coupled=1127 epochs=27
late depth=4 FailedCheckBackoff { max_skip: 1 }: checks=114 skipped=85 private=872 coupled=606 epochs=29
late depth=4 FailedCheckBackoff { max_skip: 8 }: checks=69 skipped=152 private=838 coupled=650 epochs=39
test backoff_avoids_failed_attempts_on_late_links ... ok
test adaptive_and_fixed_schedules_preserve_complete_repeated_source_answers ... ok

test result: ok. 3 passed; 0 failed; 0 ignored; 0 measured; 0 filtered out; finished in 3.13s

