   Compiling chr-restoration v0.1.0 (/home/ahart/Documents/CHRLang/research/chr-restoration)
error[E0432]: unresolved import `chr_restoration::reunion::AttemptPolicy`
 --> research/chr-restoration/tests/adaptive_reunion.rs:6:32
  |
6 | use chr_restoration::reunion::{AttemptPolicy, PreparedPhase};
  |                                ^^^^^^^^^^^^^ no `AttemptPolicy` in `reunion`

warning: unused import: `v`
 --> research/chr-restoration/tests/adaptive_reunion.rs:8:58
  |
8 | use chr_syntax::{Answer, Goal, Query, Rule, atom, c, or, v};
  |                                                          ^
  |
  = note: `#[warn(unused_imports)]` (part of `#[warn(unused)]`) on by default

error[E0599]: no method named `start_repeated_with_policy` found for struct `Arc<PreparedPhase>` in the current scope
   --> research/chr-restoration/tests/adaptive_reunion.rs:42:46
    |
 42 |                         let mut e = prepared.start_repeated_with_policy(&q, policy).unwrap();
    |                                              ^^^^^^^^^^^^^^^^^^^^^^^^^^
    |
help: there is a method `start_repeated` with a similar name, but with different arguments
   --> research/chr-restoration/src/reunion.rs:489:5
    |
489 |     pub fn start_repeated(self: &Arc<Self>, query: &Query) -> Result<RepeatedEngine, String> {
    |     ^^^^^^^^^^^^^^^^^^^^^^^^^^^^^^^^^^^^^^^^^^^^^^^^^^^^^^^^^^^^^^^^^^^^^^^^^^^^^^^^^^^^^^^^

error[E0599]: no method named `start_repeated_with_policy` found for struct `Arc<PreparedPhase>` in the current scope
   --> research/chr-restoration/tests/adaptive_reunion.rs:65:27
    |
 65 |             let mut e = p.start_repeated_with_policy(&q, policy).unwrap();
    |                           ^^^^^^^^^^^^^^^^^^^^^^^^^^
    |
help: there is a method `start_repeated` with a similar name, but with different arguments
   --> research/chr-restoration/src/reunion.rs:489:5
    |
489 |     pub fn start_repeated(self: &Arc<Self>, query: &Query) -> Result<RepeatedEngine, String> {
    |     ^^^^^^^^^^^^^^^^^^^^^^^^^^^^^^^^^^^^^^^^^^^^^^^^^^^^^^^^^^^^^^^^^^^^^^^^^^^^^^^^^^^^^^^^

error[E0599]: no method named `start_repeated_with_policy` found for struct `Arc<PreparedPhase>` in the current scope
   --> research/chr-restoration/tests/adaptive_reunion.rs:70:23
    |
 70 |         let mut e = p.start_repeated_with_policy(&q, policy).unwrap();
    |                       ^^^^^^^^^^^^^^^^^^^^^^^^^^
    |
help: there is a method `start_repeated` with a similar name, but with different arguments
   --> research/chr-restoration/src/reunion.rs:489:5
    |
489 |     pub fn start_repeated(self: &Arc<Self>, query: &Query) -> Result<RepeatedEngine, String> {
    |     ^^^^^^^^^^^^^^^^^^^^^^^^^^^^^^^^^^^^^^^^^^^^^^^^^^^^^^^^^^^^^^^^^^^^^^^^^^^^^^^^^^^^^^^^

error[E0599]: no method named `start_repeated_with_policy` found for struct `Arc<PreparedPhase>` in the current scope
   --> research/chr-restoration/tests/adaptive_reunion.rs:84:23
    |
 84 |         let mut e = p.start_repeated_with_policy(&fail,policy).unwrap();
    |                       ^^^^^^^^^^^^^^^^^^^^^^^^^^
    |
help: there is a method `start_repeated` with a similar name, but with different arguments
   --> research/chr-restoration/src/reunion.rs:489:5
    |
489 |     pub fn start_repeated(self: &Arc<Self>, query: &Query) -> Result<RepeatedEngine, String> {
    |     ^^^^^^^^^^^^^^^^^^^^^^^^^^^^^^^^^^^^^^^^^^^^^^^^^^^^^^^^^^^^^^^^^^^^^^^^^^^^^^^^^^^^^^^^

Some errors have detailed explanations: E0432, E0599.
For more information about an error, try `rustc --explain E0432`.
warning: `chr-restoration` (test "adaptive_reunion") generated 1 warning
error: could not compile `chr-restoration` (test "adaptive_reunion") due to 5 previous errors; 1 warning emitted
