    Blocking waiting for file lock on build directory
   Compiling chr-persistent v0.1.0 (/home/ahart/Documents/CHRLang/research/chr-persistent)
   Compiling chr-compiled v0.1.0 (/home/ahart/Documents/CHRLang/research/chr-compiled)
    Finished `test` profile [unoptimized + debuginfo] target(s) in 6.10s
     Running unittests src/lib.rs (target/debug/deps/chr_compiled-c0aa192dcc5b7583)

running 5 tests
test regions::tests::sealed_selection_bypasses_tuple_cursor_and_history ... ok
test search::tests::finite_sibling_receives_service_beside_divergence ... ok
test search::tests::failure_is_branch_local_and_raw_duplicates_are_preserved ... ok
test search::tests::each_child_owns_live_indexed_resources_and_segment_counters ... ok
test search::tests::ordinary_engine_stops_at_explicit_split_then_search_separates_bindings ... ok

test result: ok. 5 passed; 0 failed; 0 ignored; 0 measured; 0 filtered out; finished in 0.00s

     Running tests/access.rs (target/debug/deps/access-ed3602702e80be9c)

running 10 tests
test execution_observation_and_teardown_are_separate_lifetimes ... ok
test ground_intermediate_output_is_not_a_completed_observation ... ok
test metric_availability_does_not_change_execution_or_retention ... ok
test no_head_residuals_keep_aliases_without_matcher_maintenance ... ok
test different_queries_share_only_static_preparation ... ok
test prepared_rules_and_queries_have_independent_lifetimes ... ok
test later_anchor_preserves_unknown_structure_repeated_slots_and_resources ... ok
test active_known_keys_bound_partner_discovery_on_flat_chains ... ok
test flat_keys_collisions_and_low_yield_repairs_have_independent_checks ... ok
test indexed_and_scanned_access_preserve_full_observations_and_traces ... ok

test result: ok. 10 passed; 0 failed; 0 ignored; 0 measured; 0 filtered out; finished in 0.04s

     Running tests/arena_cow.rs (target/debug/deps/arena_cow-e47592f0720f4bd2)

running 3 tests
test refork_after_insertion_keeps_new_node_ids_and_aliases_valid ... ok
test insertion_answer_oracle_rejects_missing_or_split_constructed_aliases ... ok
test fired_constructor_insertion_then_failure_isolates_siblings_and_reuses_prepared ... ok

test result: ok. 3 passed; 0 failed; 0 ignored; 0 measured; 0 filtered out; finished in 0.02s

     Running tests/carriers.rs (target/debug/deps/carriers-5f242b4560fa713e)

running 0 tests

test result: ok. 0 passed; 0 failed; 0 ignored; 0 measured; 0 filtered out; finished in 0.00s

     Running tests/closed_subtrees.rs (target/debug/deps/closed_subtrees-70f08d33ca0f4ad6)

running 2 tests
test syntactically_open_bound_variable_still_reactivates_after_alias_target_changes ... ok
test open_parent_follows_new_alias_targets_across_forks_and_failed_equations ... ok

test result: ok. 2 passed; 0 failed; 0 ignored; 0 measured; 0 filtered out; finished in 0.00s

     Running tests/fork_diagnostics.rs (target/debug/deps/fork_diagnostics-319b0494c8c01759)

running 0 tests

test result: ok. 0 passed; 0 failed; 0 ignored; 0 measured; 0 filtered out; finished in 0.00s

     Running tests/generated_access.rs (target/debug/deps/generated_access-adb18cdf7cfc4c0b)

running 4 tests
test source_derived_updates_do_not_index_head_local_output_arguments ... ok
test independent_native_queries_outlive_preparation_and_abandoned_work ... ok
test native_continuations_preserve_finite_source_effects_without_frame_snapshots ... ok
test projected_updates_preserve_late_keys_and_opaque_payload_bindings ... ok

test result: ok. 4 passed; 0 failed; 0 ignored; 0 measured; 0 filtered out; finished in 0.11s

     Running tests/generated_access_artifact.rs (target/debug/deps/generated_access_artifact-e13475ca45aff457)

running 1 test
test independent_artifact_preserves_rollback_and_changed_queries ... ok

test result: ok. 1 passed; 0 failed; 0 ignored; 0 measured; 0 filtered out; finished in 1.13s

     Running tests/join_screen.rs (target/debug/deps/join_screen-0c09458ee310d2ed)

running 4 tests
test oracle_rejects_alias_and_receipt_mutations ... ok
test consumed_partner_is_replaced_with_fresh_occurrence ... ok
test late_binding_wakes_waiting_request ... ok
test full_receipts_aliases_cleanup_and_source_replay ... ok

test result: ok. 4 passed; 0 failed; 0 ignored; 0 measured; 0 filtered out; finished in 0.03s

     Running tests/pure_prefix.rs (target/debug/deps/pure_prefix-9d1c40f263228e18)

running 11 tests
test observers_late_heads_and_recursive_prefixes_are_not_eliminated ... ok
test resource_priority_is_a_required_condition ... ok
test fresh_variables_from_distinct_calls_remain_distinct ... ok
test emitted_program_eliminates_private_applications_in_actual_execution ... ok
test body_calls_and_finite_sibling_survive_ordinary_recursion ... ok
test reusable_artifacts_preserve_failures_names_source_changes_and_empty_queries ... ok
test reusable_artifact_eliminates_execution_and_keeps_finite_service ... ok
test prefix_selection_agrees_with_bounded_dependency_graphs ... ok
test independent_calls_can_bind_competing_resource_consumers ... ok
test reusable_artifact_accepts_changed_terms_aliases_and_resources ... ok
test source_derived_prefix_preserves_consumption_choices_and_fresh_aliases ... ok

test result: ok. 11 passed; 0 failed; 0 ignored; 0 measured; 0 filtered out; finished in 0.01s

     Running tests/query_template.rs (target/debug/deps/query_template-5c70233c639eb62b)

running 1 test
test prepared_topology_preserves_changed_givens_raw_answers_and_early_drop ... ok

test result: ok. 1 passed; 0 failed; 0 ignored; 0 measured; 0 filtered out; finished in 0.01s

     Running tests/recursive_matrix.rs (target/debug/deps/recursive_matrix-f838966ff8311506)

running 2 tests
test mathematical_spine_and_alias_expectations ... ok
test alias_and_constructor_cross_product_preserves_full_raw_observations ... ok

test result: ok. 2 passed; 0 failed; 0 ignored; 0 measured; 0 filtered out; finished in 0.01s

     Running tests/recursive_native_artifact.rs (target/debug/deps/recursive_native_artifact-81ecdfe6cc3ec919)

running 1 test
test emitted_artifact_preserves_changed_queries_and_admission ... ok

test result: ok. 1 passed; 0 failed; 0 ignored; 0 measured; 0 filtered out; finished in 2.22s

     Running tests/recursive_relations.rs (target/debug/deps/recursive_relations-0125794d9cd09380)

running 6 tests
test reject_source_and_query_context_outside_certificate ... ok
test unknown_control_and_context_are_explicitly_unsupported ... ok
test conflicts_and_occurs_fail_without_unsupported_fallback ... ok
test control_equations_are_executed_and_entire_query_checked_first ... ok
test reused_equations_preserve_fresh_joint_aliases ... ok
test inferred_names_positions_order_and_different_bodies ... ok

test result: ok. 6 passed; 0 failed; 0 ignored; 0 measured; 0 filtered out; finished in 0.00s

     Running tests/recursive_session_artifact.rs (target/debug/deps/recursive_session_artifact-22e59e48370ffa78)

running 1 test
test three_executables_preserve_complete_changed_query_sessions ... ok

test result: ok. 1 passed; 0 failed; 0 ignored; 0 measured; 0 filtered out; finished in 5.28s

     Running tests/recursive_session_protocol.rs (target/debug/deps/recursive_session_protocol-916d7ae76acf5280)

running 5 tests
test each_response_is_flushed_and_clean_eof_never_executes ... ok
test exact_handcoded_query_and_joint_answer_roundtrip ... ok
test malformed_complete_frame_does_not_poison_changed_requests ... ok
test framing_and_limits_are_explicit_errors ... ok
test aggregate_nodes_depth_utf8_and_response_resource_failure ... ok

test result: ok. 5 passed; 0 failed; 0 ignored; 0 measured; 0 filtered out; finished in 0.07s

     Running tests/region_boundaries.rs (target/debug/deps/region_boundaries-e5367c7931307f97)

running 8 tests
test entailment_guards_cannot_be_used_as_solver_assertions ... ok
test equal_choice_arms_and_open_constructors_remain_observable ... ok
test external_observation_requires_occurrence_boundary ... ok
test constructor_and_repeated_heads_cannot_become_binding_equations ... ok
test unique_predicate_does_not_authorize_effect_reordering ... ok
test recursive_choice_unfolding_preserves_observed_finite_prefix_in_closed_query ... ok
test closed_query_inlining_preserves_opaque_unknowns_and_fresh_locals ... ok
test equal_answer_sets_do_not_establish_equal_exhaustion_behavior ... ok

test result: ok. 8 passed; 0 failed; 0 ignored; 0 measured; 0 filtered out; finished in 0.02s

     Running tests/regional_serial_control.rs (target/debug/deps/regional_serial_control-7491f82e9856e071)

running 1 test
test specialized_serial_preserves_regional_finite_contracts ... ok

test result: ok. 1 passed; 0 failed; 0 ignored; 0 measured; 0 filtered out; finished in 0.16s

     Running tests/search.rs (target/debug/deps/search-2a79facc7c89b141)

running 2 tests
test prepared_search_reuse_and_direct_branch_split_are_explicit ... ok
test branch_tree_has_exact_independent_observations_and_resource_effects ... ok

test result: ok. 2 passed; 0 failed; 0 ignored; 0 measured; 0 filtered out; finished in 0.61s

     Running tests/selective_join_gate.rs (target/debug/deps/selective_join_gate-b38c664021f8a005)

running 6 tests
test selective_work_diagnostics_separate_lookup_from_retention ... ok
test zero_requests_missing_matches_and_certificate_boundaries ... ok
test blocked_tail_after_binding_and_consumption_preserves_source_residual ... ok
test retained_consumption_invalidates_all_shared_partners_and_reuses_preparation ... ok
test structural_unknowns_broad_aliases_and_late_receipt_values ... ok
test key_fanout_selectivity_updates_and_consumption_match_source ... ok

test result: ok. 6 passed; 0 failed; 0 ignored; 0 measured; 0 filtered out; finished in 0.85s

     Running tests/semantic.rs (target/debug/deps/semantic-e526ea46c7dd51ec)

running 8 tests
test equation_change_report_is_commit_only ... ok
test nonconfluent_policies_may_choose_different_legal_schedules ... ok
test native_rules_do_not_call_generic_template_walkers ... ok
test partner_traversal_resumes_at_candidate_boundaries ... ok
test source_effects_and_matching_do_not_publish_invalid_answers ... ok
test active_changes_history_and_runtime_queries ... ok
test integrated_hand_cases_have_independent_complete_answers ... ok
test independent_source_checker_validates_commits_and_quiescence ... ok

test result: ok. 8 passed; 0 failed; 0 ignored; 0 measured; 0 filtered out; finished in 0.01s

     Running tests/single_head_regions.rs (target/debug/deps/single_head_regions-baf958e4c6a1b140)

running 6 tests
test eligibility_checks_every_head_use_and_arity ... ok
test selected_calls_bypass_tuple_cursor_and_history ... ok
test mixed_context_and_nonground_source_cases ... ok
test recursive_choices_and_guard_local_identity ... ok
test generated_mixed_plans_and_prepared_query_leases ... ok
test guard_and_constructor_crossing_corpus ... ok

test result: ok. 6 passed; 0 failed; 0 ignored; 0 measured; 0 filtered out; finished in 0.01s

     Running tests/state_preservation.rs (target/debug/deps/state_preservation-d685edd58408d7e9)

running 5 tests
test complete_answer_checker_rejects_alias_and_multiplicity_changes ... ok
test payload_omission_or_broken_alias_prevents_small_answer ... ok
test requested_key_selects_early_late_or_no_success_without_changing_rules ... ok
test source_payload_is_live_and_bound_before_first_split ... ok
test independent_live_state_and_complete_branch_gate ... ok

test result: ok. 5 passed; 0 failed; 0 ignored; 0 measured; 0 filtered out; finished in 0.03s

     Running tests/structural_maintenance.rs (target/debug/deps/structural_maintenance-ade859467139fb2d)

running 2 tests
test open_parent_dependencies_survive_alias_then_binding ... ok
test immutable_suffix_work_is_distinct_from_source_applications ... ok

test result: ok. 2 passed; 0 failed; 0 ignored; 0 measured; 0 filtered out; finished in 0.00s

     Running tests/subscription_join_gate.rs (target/debug/deps/subscription_join_gate-dcfa42f33054eab1)

running 4 tests
test both_bound_endpoints_avoid_dead_middle_continuations ... ok
test indexed_control_uses_selective_final_endpoint ... ok
test inactive_demands_avoid_retention_and_repeated_requests_avoid_rediscovery ... ok
test updates_retirement_reopening_and_occurrences_match_independent_product ... ok

test result: ok. 4 passed; 0 failed; 0 ignored; 0 measured; 0 filtered out; finished in 0.75s

     Running tests/subscription_source_gate.rs (target/debug/deps/subscription_source_gate-3a1f58b4cf15a5b5)

running 11 tests
test existing_single_head_specialization_has_no_eligible_region_here ... ok
test unmatched_resource_update_blocks_driver_with_exact_residual ... ok
test consuming_source_priority_is_preserved_across_distinct_matching_demands ... ok
test duplicate_demand_occurrences_have_independent_history_and_retirement ... ok
test changed_prepared_queries_cancellation_failure_and_certification ... ok
test live_demand_repeated_pulses_retirement_and_reopening ... ok
test aliases_and_structural_binding_enable_matches_without_binding_during_match ... ok
test binding_changes_demand_endpoints_shared_rows_and_late_receipts ... ok
test updates_to_each_relation_and_demand_retirement ... ok
test occurrence_multiplicity_selectivity_and_consuming_shared_partners ... ok
test low_yield_sources_preserve_all_dead_rows_and_exact_bridge_receipts ... ok

test result: ok. 11 passed; 0 failed; 0 ignored; 0 measured; 0 filtered out; finished in 1.46s

     Running tests/update_join_gate.rs (target/debug/deps/update_join_gate-dece1629ae44cd64)

running 9 tests
test prepared_reuse_cancellation_and_output_roots ... ok
test unique_consumed_partner_preserves_kept_resource ... ok
test sparse_replacement_and_broad_binding_have_distinct_maintenance ... ok
test lowerings_reject_source_changes_and_preserve_blocked_replacement ... ok
test active_policy_propagation_completion_screen ... ok
test bounded_resume_and_oracle_mutations ... ok
test retained_updates_are_incident_and_repeated_requests_do_not_rebuild_pairs ... ok
test global_cartesian_grid_and_adverse_empty_requests ... ok
test source_mutation_bindings_duplicates_and_joint_aliases ... ok

test result: ok. 9 passed; 0 failed; 0 ignored; 0 measured; 0 filtered out; finished in 0.49s

   Doc-tests chr_compiled

running 0 tests

test result: ok. 0 passed; 0 failed; 0 ignored; 0 measured; 0 filtered out; finished in 0.00s
