    Checking chr-observe v0.1.0 (/home/ahart/Documents/CHRLang/research/chr-observe)
   Compiling chr-compiled v0.1.0 (/home/ahart/Documents/CHRLang/research/chr-compiled)
    Checking chr-direct-choice v0.1.0 (/home/ahart/Documents/CHRLang/research/chr-direct-choice)
    Checking chr-direct-conditional v0.1.0 (/home/ahart/Documents/CHRLang/research/chr-direct-conditional)
    Checking chr-persistent v0.1.0 (/home/ahart/Documents/CHRLang/research/chr-persistent)
error: this `if` statement can be collapsed
   --> research/chr-direct-choice/src/demand.rs:740:33
    |
740 | / ...                   if let Node::Call(_, _, out, _) = self.nodes[*i].node {
741 | | ...                       if let Node::Unknown(logical) = self.nodes[out].node {
742 | | ...                           return Some((logical, out));
743 | | ...                       }
744 | | ...                   }
    | |_______________________^
    |
    = help: for further information visit https://rust-lang.github.io/rust-clippy/rust-1.97.0/index.html#collapsible_if
    = note: `-D clippy::collapsible-if` implied by `-D warnings`
    = help: to override `-D warnings` add `#[allow(clippy::collapsible_if)]`
help: collapse nested if block
    |
740 ~                                 if let Node::Call(_, _, out, _) = self.nodes[*i].node
741 ~                                     && let Node::Unknown(logical) = self.nodes[out].node {
742 |                                         return Some((logical, out));
743 ~                                     }
    |

    Checking chr-relational v0.1.0 (/home/ahart/Documents/CHRLang/research/chr-relational)
error: could not compile `chr-direct-choice` (lib) due to 1 previous error
warning: build failed, waiting for other jobs to finish...
