   Compiling chr-syntax v0.1.0 (/home/ahart/Documents/CHRLang/crates/chr-syntax)
    Checking chr-observe v0.1.0 (/home/ahart/Documents/CHRLang/research/chr-observe)
   Compiling chr-compiled v0.1.0 (/home/ahart/Documents/CHRLang/research/chr-compiled)
   Compiling chr-integrated v0.1.0 (/home/ahart/Documents/CHRLang/research/chr-integrated)
warning: method `access_key` is never used
   --> research/chr-integrated/../chr-compiled/src/generate.rs:229:8
    |
227 | impl Emit {
    | --------- method in this implementation
228 |     /// A key exists only when every source-pattern component is established.
229 |     fn access_key(&mut self, term: &Term) -> String {
    |        ^^^^^^^^^^
    |
    = note: `#[warn(dead_code)]` (part of `#[warn(unused)]`) on by default

warning: function `emit_access` is never used
   --> research/chr-integrated/../chr-compiled/src/generate.rs:255:8
    |
255 | pub fn emit_access(name: &str, rules: &[Rule]) -> Result<String, String> {
    |        ^^^^^^^^^^^

warning: function `update_columns` is never used
   --> research/chr-integrated/../chr-compiled/src/generate.rs:400:8
    |
400 | pub fn update_columns(rules: &[Rule]) -> BTreeMap<(String, usize), BTreeSet<usize>> {
    |        ^^^^^^^^^^^^^^

    Checking chr-persistent v0.1.0 (/home/ahart/Documents/CHRLang/research/chr-persistent)
warning: `chr-integrated` (build script) generated 3 warnings
    Checking chr-relational v0.1.0 (/home/ahart/Documents/CHRLang/research/chr-relational)
    Finished `dev` profile [unoptimized + debuginfo] target(s) in 1.97s
