   Compiling chr-relational v0.1.0 (/home/ahart/Documents/CHRLang/research/chr-relational)
    Finished `test` profile [unoptimized + debuginfo] target(s) in 1.10s
     Running unittests src/lib.rs (target/debug/deps/chr_relational-01bc1605d4c8412b)

running 7 tests
test contextual::ownership_tests::cached_maps_do_not_keep_their_arena_alive ... ok
test contextual_execute::shared_deduction_tests::source_execution_reuses_post_fork_equality_states ... ok
test execute::interleaving_tests::merged_constructor_facts_are_unique_but_source_occurrences_are_not ... ok
test contextual::cursor_order_tests::cursor_retains_all_partial_constructor_environments_in_order ... ok
depth=4 deep=false fail=false interleaved=5 settled=5
depth=4 deep=false fail=true interleaved=2 settled=5

thread 'execute::interleaving_tests::partial_equality_distinguishes_priority_from_permitted_serialization' (172) panicked at research/chr-relational/src/interleaving_tests.rs:202:21:
assertion `left == right` failed
  left: 0
 right: 1
note: run with `RUST_BACKTRACE=1` environment variable to display a backtrace
test execute::interleaving_tests::partial_equality_distinguishes_priority_from_permitted_serialization ... FAILED
depth=4 deep=true fail=false interleaved=5 settled=5
depth=4 deep=true fail=true interleaved=5 settled=5
depth=16 deep=false fail=false interleaved=17 settled=17
depth=16 deep=false fail=true interleaved=2 settled=17
test contextual_execute::deduction_cost_source_tests::measured_sources_exercise_reuse_and_adverse_keys ... ok
depth=16 deep=true fail=false interleaved=17 settled=17
depth=16 deep=true fail=true interleaved=17 settled=17
depth=64 deep=false fail=false interleaved=65 settled=65
depth=64 deep=false fail=true interleaved=2 settled=65
depth=64 deep=true fail=false interleaved=65 settled=65
depth=64 deep=true fail=true interleaved=65 settled=65
test execute::interleaving_tests::useful_early_failure_and_settlement_dependent_control ... ok

failures:

failures:
    execute::interleaving_tests::partial_equality_distinguishes_priority_from_permitted_serialization

test result: FAILED. 6 passed; 1 failed; 0 ignored; 0 measured; 0 filtered out; finished in 0.15s

error: test failed, to rerun pass `-p chr-relational --lib`
