warning: method `access_key` is never used
   --> research/chr-integrated/../chr-compiled/src/generate.rs:229:8
    |
227 | impl Emit {
    | --------- method in this implementation
228 |     /// A key exists only when every source-pattern component is established.
229 |     fn access_key(&mut self, term: &Term) -> String {
    |        ^^^^^^^^^^
    |
    = note: `#[warn(dead_code)]` (part of `#[warn(unused)]`) on by default

warning: function `emit_access` is never used
   --> research/chr-integrated/../chr-compiled/src/generate.rs:255:8
    |
255 | pub fn emit_access(name: &str, rules: &[Rule]) -> Result<String, String> {
    |        ^^^^^^^^^^^

warning: function `update_columns` is never used
   --> research/chr-integrated/../chr-compiled/src/generate.rs:400:8
    |
400 | pub fn update_columns(rules: &[Rule]) -> BTreeMap<(String, usize), BTreeSet<usize>> {
    |        ^^^^^^^^^^^^^^

warning: `chr-integrated` (build script) generated 3 warnings
   Compiling chr-relational v0.1.0 (/home/ahart/Documents/CHRLang/research/chr-relational)
    Finished `test` profile [unoptimized + debuginfo] target(s) in 0.45s
     Running tests/chr_constructors.rs (target/debug/deps/chr_constructors-38f0999488686d52)

running 17 tests
constructor width=1: inspections=2
constructor width=8: inspections=16
test indexed_equality_must_deliver_identity_notifications_and_release_relations ... ok
test local_decomposition_preserves_cross_child_aliases_and_arity ... ok
test local_forks_preserve_fresh_handles_and_isolate_hidden_failure ... ok
WORK stable Endpoint 8 {"inspections":72,"notifications":64,"pair_operations":0,"membership_edits":0,"subscription_edits":400,"incident_visits":0,"incident_edits":0,"moved_relations":0,"moved_subscribers":0,"moved_endpoint_subscriptions":0,"pattern_nodes":216,"equality_nodes":72,"repaired_handles":16}
equality width=8: inspections before useful equality=72
test nested_source_pattern_waits_for_inner_information ... ok
test source_plan_rejects_unimplemented_effects_and_ownership ... ok
test local_handle_repair_wakes_only_the_affected_region ... ok
test registering_a_known_input_does_not_revisit_existing_requests ... ok
test descriptor_waits_follow_both_merge_directions_and_nested_information ... ok
WORK supplied Endpoint 8 {"inspections":108,"notifications":108,"pair_operations":0,"membership_edits":0,"subscription_edits":600,"incident_visits":0,"incident_edits":0,"moved_relations":0,"moved_subscribers":0,"moved_endpoint_subscriptions":8,"pattern_nodes":324,"equality_nodes":108,"repaired_handles":32}
constructor width=64: inspections=128
test a_hidden_constructor_cycle_cannot_publish_or_poison_its_sibling ... ok
reverse=false access=Scan source=[("v1", App("a", [])), ("v3", Var(Var(1)))] kernel=[("v1", App("a", [])), ("v3", Var(Var(3)))]
test unresolved_equality_observes_descendants_and_releases_consumed_dependencies ... ok
reverse=false access=Indexed source=[("v1", App("a", [])), ("v3", Var(Var(1)))] kernel=[("v1", App("a", [])), ("v3", Var(Var(3)))]
constructor width=256: inspections=512
test local_broad_merge_repairs_every_alias_and_services_all_consumers ... ok
reverse=true access=Scan source=[("v1", Var(Var(0))), ("v3", App("b", []))] kernel=[("v1", App("a", [])), ("v3", Var(Var(3)))]
reverse=true access=Indexed source=[("v1", Var(Var(0))), ("v3", App("b", []))] kernel=[("v1", App("a", [])), ("v3", Var(Var(3)))]
test competing_consumers_expose_descriptor_order_as_a_scheduling_choice ... ok
test source_patterns_preserve_nonbinding_repeated_variables_and_late_aliases ... ok
test equality_enables_consumption_which_enables_another_consumption ... ok
WORK stable Endpoint 64 {"inspections":4160,"notifications":4096,"pair_operations":0,"membership_edits":0,"subscription_edits":24704,"incident_visits":0,"incident_edits":0,"moved_relations":0,"moved_subscribers":0,"moved_endpoint_subscriptions":0,"pattern_nodes":12480,"equality_nodes":4160,"repaired_handles":128}
equality width=64: inspections before useful equality=4160
test choice_keeps_consumption_local_and_checks_cycles ... ok
WORK supplied Endpoint 64 {"inspections":6240,"notifications":6240,"pair_operations":0,"membership_edits":0,"subscription_edits":37056,"incident_visits":0,"incident_edits":0,"moved_relations":0,"moved_subscribers":0,"moved_endpoint_subscriptions":64,"pattern_nodes":18720,"equality_nodes":6240,"repaired_handles":256}
WORK stable Filtered 8 {"inspections":8,"notifications":64,"pair_operations":0,"membership_edits":0,"subscription_edits":16,"incident_visits":0,"incident_edits":0,"moved_relations":0,"moved_subscribers":0,"moved_endpoint_subscriptions":0,"pattern_nodes":24,"equality_nodes":8,"repaired_handles":16}
equality width=8: inspections before useful equality=8
WORK supplied Filtered 8 {"inspections":16,"notifications":108,"pair_operations":0,"membership_edits":0,"subscription_edits":48,"incident_visits":0,"incident_edits":0,"moved_relations":0,"moved_subscribers":0,"moved_endpoint_subscriptions":8,"pattern_nodes":48,"equality_nodes":16,"repaired_handles":32}
WORK stable Filtered 64 {"inspections":64,"notifications":4096,"pair_operations":0,"membership_edits":0,"subscription_edits":128,"incident_visits":0,"incident_edits":0,"moved_relations":0,"moved_subscribers":0,"moved_endpoint_subscriptions":0,"pattern_nodes":192,"equality_nodes":64,"repaired_handles":128}
equality width=64: inspections before useful equality=64
WORK supplied Filtered 64 {"inspections":128,"notifications":6240,"pair_operations":0,"membership_edits":0,"subscription_edits":384,"incident_visits":0,"incident_edits":0,"moved_relations":0,"moved_subscribers":0,"moved_endpoint_subscriptions":64,"pattern_nodes":384,"equality_nodes":128,"repaired_handles":256}
WORK stable Indexed 8 {"inspections":8,"notifications":0,"pair_operations":8,"membership_edits":8,"subscription_edits":0,"incident_visits":0,"incident_edits":16,"moved_relations":0,"moved_subscribers":0,"moved_endpoint_subscriptions":0,"pattern_nodes":24,"equality_nodes":8,"repaired_handles":16}
equality width=8: inspections before useful equality=8
WORK supplied Indexed 8 {"inspections":16,"notifications":8,"pair_operations":24,"membership_edits":8,"subscription_edits":0,"incident_visits":8,"incident_edits":24,"moved_relations":8,"moved_subscribers":8,"moved_endpoint_subscriptions":0,"pattern_nodes":48,"equality_nodes":16,"repaired_handles":32}
WORK stable Indexed 64 {"inspections":64,"notifications":0,"pair_operations":64,"membership_edits":64,"subscription_edits":0,"incident_visits":0,"incident_edits":128,"moved_relations":0,"moved_subscribers":0,"moved_endpoint_subscriptions":0,"pattern_nodes":192,"equality_nodes":64,"repaired_handles":128}
equality width=64: inspections before useful equality=64
WORK supplied Indexed 64 {"inspections":128,"notifications":64,"pair_operations":192,"membership_edits":64,"subscription_edits":0,"incident_visits":64,"incident_edits":192,"moved_relations":64,"moved_subscribers":64,"moved_endpoint_subscriptions":0,"pattern_nodes":384,"equality_nodes":128,"repaired_handles":256}
test equality_alias_overhead_is_explicit_and_both_forks_preserve_source_answers ... ok
test constructor_classes_agree_with_independent_finite_tree_substitution ... ok

test result: ok. 17 passed; 0 failed; 0 ignored; 0 measured; 0 filtered out; finished in 2.83s

