warning: method `access_key` is never used
   --> research/chr-integrated/../chr-compiled/src/generate.rs:229:8
    |
227 | impl Emit {
    | --------- method in this implementation
228 |     /// A key exists only when every source-pattern component is established.
229 |     fn access_key(&mut self, term: &Term) -> String {
    |        ^^^^^^^^^^
    |
    = note: `#[warn(dead_code)]` (part of `#[warn(unused)]`) on by default

warning: function `emit_access` is never used
   --> research/chr-integrated/../chr-compiled/src/generate.rs:255:8
    |
255 | pub fn emit_access(name: &str, rules: &[Rule]) -> Result<String, String> {
    |        ^^^^^^^^^^^

warning: function `update_columns` is never used
   --> research/chr-integrated/../chr-compiled/src/generate.rs:400:8
    |
400 | pub fn update_columns(rules: &[Rule]) -> BTreeMap<(String, usize), BTreeSet<usize>> {
    |        ^^^^^^^^^^^^^^

warning: `chr-integrated` (build script) generated 3 warnings
   Compiling chr-relational v0.1.0 (/home/ahart/Documents/CHRLang/research/chr-relational)
    Finished `test` profile [unoptimized + debuginfo] target(s) in 0.27s
     Running tests/multihead.rs (target/debug/deps/multihead-87ea71fc20a7ef62)

running 6 tests
test unsupported_search_and_guards_are_rejected ... ok
test body_completion_and_occurrence_order_select_the_actual_consumer ... ok
test kept_and_removed_heads_require_distinct_occurrences_and_keep_identity ... ok
test duplicate_kept_occurrences_generate_ordered_history_entries ... ok
test body_barrier_freshness_and_failure ... ok
test ordered_multiheads_history_and_late_aliases ... ok

test result: ok. 6 passed; 0 failed; 0 ignored; 0 measured; 0 filtered out; finished in 0.02s

