    Checking chr-compiled v0.1.0 (/home/ahart/Documents/CHRLang/research/chr-compiled)
error: this assertion has a constant value
  --> research/chr-compiled/examples/recursive_work.rs:48:5
   |
48 | /     assert!(
49 | |         chr_compiled::COLLECT_METRICS
50 | |             && chr_compiled::COLLECT_KERNEL_METRICS
51 | |             && chr_observe::COLLECT_METRICS
52 | |     );
   | |_____^
   |
   = help: consider moving this into a const block: `const { assert!(..) }`
   = help: for further information visit https://rust-lang.github.io/rust-clippy/rust-1.97.0/index.html#assertions_on_constants
   = note: `-D clippy::assertions-on-constants` implied by `-D warnings`
   = help: to override `-D warnings` add `#[allow(clippy::assertions_on_constants)]`

error: this assertion has a constant value
  --> research/chr-compiled/examples/recursive_work.rs:53:5
   |
53 |     assert!(!cfg!(feature = "alloc-meter"));
   |     ^^^^^^^^^^^^^^^^^^^^^^^^^^^^^^^^^^^^^^^
   |
   = help: consider moving this into a const block: `const { assert!(..) }`
   = help: for further information visit https://rust-lang.github.io/rust-clippy/rust-1.97.0/index.html#assertions_on_constants

error: could not compile `chr-compiled` (example "recursive_work") due to 2 previous errors
