warning: linker stderr: terminate called after throwing an instance of 'std::system_error'
           what():  Resource temporarily unavailable
         PLEASE submit a bug report to https://github.com/llvm/llvm-project/issues/ and include the crash backtrace and instructions to reproduce the bug.
  |
  = note: `#[warn(linker_messages)]` on by default

warning: `chr-compiled` (build script) generated 1 warning
   Compiling chr-reuse v0.1.0 (/home/ahart/Documents/CHRLang/research/chr-reuse)
    Finished `test` profile [unoptimized + debuginfo] target(s) in 0.17s
     Running tests/call_trace_caller.rs (target/debug/deps/call_trace_caller-b8ba4f46ea0ae307)

running 5 tests
test callers_enforce_table_ownership_and_private_head_ownership ... ok
test suspended_fresh_alias_is_shared_with_the_caller_input ... ok
mode=0 query=0 unfinished=1 nodes=2
test a_suspended_call_resumes_after_caller_input ... ok
mode=0 query=1 unfinished=2 nodes=4
mode=0 query=2 unfinished=3 nodes=6
mode=0 query=3 unfinished=4 nodes=8
mode=1 query=0 unfinished=0 nodes=2
mode=1 query=1 unfinished=0 nodes=4
mode=1 query=2 unfinished=0 nodes=6
mode=1 query=3 unfinished=0 nodes=8
test changed_query_retention_tracks_completed_and_unfinished_traces ... ok
callers=256 complete_service_events=28608
test complete_callers_preserve_delivery_resources_history_and_restarts ... ok

test result: ok. 5 passed; 0 failed; 0 ignored; 0 measured; 0 filtered out; finished in 0.30s

