   Compiling chr-compiled v0.1.0 (/home/ahart/Documents/CHRLang/research/chr-compiled)
    Finished `test` profile [unoptimized + debuginfo] target(s) in 0.18s
     Running tests/probe_projection.rs (target/debug/deps/probe_projection-1d155c0758c221a9)

running 1 test
test repeated_projection_preserves_occurrences_and_records_each_step ... FAILED

failures:

---- repeated_projection_preserves_occurrences_and_records_each_step stdout ----
PROJECT_STEP,n=16,duplicates=false,query=0,step=1,probe=0,bucket=0,pool=0,candidate=0
PROJECT_STEP,n=16,duplicates=false,query=0,step=2,probe=0,bucket=0,pool=0,candidate=0
PROJECT_STEP,n=16,duplicates=false,query=0,step=3,probe=0,bucket=0,pool=0,candidate=0
PROJECT_STEP,n=16,duplicates=false,query=0,step=4,probe=0,bucket=0,pool=0,candidate=0
PROJECT_STEP,n=16,duplicates=false,query=0,step=5,probe=0,bucket=0,pool=0,candidate=0
PROJECT_STEP,n=16,duplicates=false,query=0,step=6,probe=0,bucket=0,pool=0,candidate=0
PROJECT_STEP,n=16,duplicates=false,query=0,step=7,probe=0,bucket=0,pool=0,candidate=0
PROJECT_STEP,n=16,duplicates=false,query=0,step=8,probe=0,bucket=0,pool=0,candidate=0
PROJECT_STEP,n=16,duplicates=false,query=0,step=9,probe=0,bucket=0,pool=0,candidate=0
PROJECT_STEP,n=16,duplicates=false,query=0,step=10,probe=0,bucket=0,pool=0,candidate=0
PROJECT_STEP,n=16,duplicates=false,query=0,step=11,probe=0,bucket=0,pool=0,candidate=0
PROJECT_STEP,n=16,duplicates=false,query=0,step=12,probe=0,bucket=0,pool=0,candidate=0
PROJECT_STEP,n=16,duplicates=false,query=0,step=13,probe=0,bucket=0,pool=0,candidate=0
PROJECT_STEP,n=16,duplicates=false,query=0,step=14,probe=0,bucket=0,pool=0,candidate=0
PROJECT_STEP,n=16,duplicates=false,query=0,step=15,probe=0,bucket=0,pool=0,candidate=0
PROJECT_STEP,n=16,duplicates=false,query=0,step=16,probe=0,bucket=0,pool=0,candidate=0
PROJECT_STEP,n=16,duplicates=false,query=0,step=17,probe=0,bucket=0,pool=0,candidate=0
PROJECT_STEP,n=16,duplicates=false,query=0,step=18,probe=0,bucket=0,pool=0,candidate=0
PROJECT_STEP,n=16,duplicates=false,query=0,step=19,probe=0,bucket=0,pool=0,candidate=0
PROJECT_STEP,n=16,duplicates=false,query=0,step=20,probe=0,bucket=0,pool=1,candidate=1
PROJECT_STEP,n=16,duplicates=false,query=0,step=21,probe=1,bucket=17,pool=0,candidate=1
PROJECT_STEP,n=16,duplicates=false,query=0,step=22,probe=0,bucket=1,pool=0,candidate=1
PROJECT_STEP,n=16,duplicates=false,query=0,step=23,probe=0,bucket=0,pool=1,candidate=1
PROJECT_STEP,n=16,duplicates=false,query=0,step=24,probe=0,bucket=0,pool=0,candidate=0
PROJECT_STEP,n=16,duplicates=false,query=0,step=25,probe=0,bucket=0,pool=0,candidate=0
PROJECT_STEP,n=16,duplicates=false,query=0,step=26,probe=0,bucket=0,pool=1,candidate=1
PROJECT_STEP,n=16,duplicates=false,query=0,step=27,probe=1,bucket=17,pool=0,candidate=1
PROJECT_STEP,n=16,duplicates=false,query=0,step=28,probe=0,bucket=1,pool=0,candidate=1
PROJECT_STEP,n=16,duplicates=false,query=0,step=29,probe=0,bucket=0,pool=0,candidate=0
PROJECT_STEP,n=16,duplicates=false,query=0,step=30,probe=0,bucket=0,pool=0,candidate=0
PROJECT_STEP,n=16,duplicates=false,query=0,step=31,probe=0,bucket=0,pool=0,candidate=1
PROJECT_STEP,n=16,duplicates=false,query=0,step=32,probe=0,bucket=1,pool=0,candidate=1
PROJECT_STEP,n=16,duplicates=false,query=0,step=33,probe=0,bucket=0,pool=0,candidate=0
PROJECT_STEP,n=16,duplicates=false,query=0,step=34,probe=0,bucket=0,pool=0,candidate=0
PROJECT_STEP,n=16,duplicates=false,query=0,step=35,probe=0,bucket=0,pool=0,candidate=1
PROJECT_STEP,n=16,duplicates=false,query=0,step=36,probe=0,bucket=1,pool=0,candidate=1
PROJECT_STEP,n=16,duplicates=false,query=0,step=37,probe=0,bucket=0,pool=0,candidate=0
PROJECT_STEP,n=16,duplicates=false,query=0,step=38,probe=0,bucket=0,pool=0,candidate=0
PROJECT_STEP,n=16,duplicates=false,query=0,step=39,probe=0,bucket=0,pool=0,candidate=1
PROJECT_STEP,n=16,duplicates=false,query=0,step=40,probe=0,bucket=1,pool=0,candidate=1
PROJECT_STEP,n=16,duplicates=false,query=0,step=41,probe=0,bucket=0,pool=0,candidate=0
PROJECT_STEP,n=16,duplicates=false,query=0,step=42,probe=0,bucket=0,pool=0,candidate=0
PROJECT_STEP,n=16,duplicates=false,query=0,step=43,probe=0,bucket=0,pool=0,candidate=1
PROJECT_STEP,n=16,duplicates=false,query=0,step=44,probe=0,bucket=1,pool=0,candidate=1
PROJECT_STEP,n=16,duplicates=false,query=0,step=45,probe=0,bucket=0,pool=0,candidate=0
PROJECT_STEP,n=16,duplicates=false,query=0,step=46,probe=0,bucket=0,pool=0,candidate=0
PROJECT_STEP,n=16,duplicates=false,query=0,step=47,probe=0,bucket=0,pool=0,candidate=1
PROJECT_STEP,n=16,duplicates=false,query=0,step=48,probe=0,bucket=1,pool=0,candidate=1
PROJECT_STEP,n=16,duplicates=false,query=0,step=49,probe=0,bucket=0,pool=0,candidate=0
PROJECT_STEP,n=16,duplicates=false,query=0,step=50,probe=0,bucket=0,pool=0,candidate=0
PROJECT_STEP,n=16,duplicates=false,query=0,step=51,probe=0,bucket=0,pool=0,candidate=1
PROJECT_STEP,n=16,duplicates=false,query=0,step=52,probe=0,bucket=1,pool=0,candidate=1
PROJECT_STEP,n=16,duplicates=false,query=0,step=53,probe=0,bucket=0,pool=0,candidate=0
PROJECT_STEP,n=16,duplicates=false,query=0,step=54,probe=0,bucket=0,pool=0,candidate=0
PROJECT_STEP,n=16,duplicates=false,query=0,step=55,probe=0,bucket=0,pool=0,candidate=1
PROJECT_STEP,n=16,duplicates=false,query=0,step=56,probe=0,bucket=1,pool=0,candidate=1
PROJECT_STEP,n=16,duplicates=false,query=0,step=57,probe=0,bucket=0,pool=0,candidate=0
PROJECT_STEP,n=16,duplicates=false,query=0,step=58,probe=0,bucket=0,pool=0,candidate=0
PROJECT_STEP,n=16,duplicates=false,query=0,step=59,probe=0,bucket=0,pool=0,candidate=1
PROJECT_STEP,n=16,duplicates=false,query=0,step=60,probe=0,bucket=1,pool=0,candidate=1
PROJECT_STEP,n=16,duplicates=false,query=0,step=61,probe=0,bucket=0,pool=0,candidate=0
PROJECT_STEP,n=16,duplicates=false,query=0,step=62,probe=0,bucket=0,pool=0,candidate=0
PROJECT_STEP,n=16,duplicates=false,query=0,step=63,probe=0,bucket=0,pool=0,candidate=1
PROJECT_STEP,n=16,duplicates=false,query=0,step=64,probe=0,bucket=1,pool=0,candidate=1
PROJECT_STEP,n=16,duplicates=false,query=0,step=65,probe=0,bucket=0,pool=0,candidate=0
PROJECT_STEP,n=16,duplicates=false,query=0,step=66,probe=0,bucket=0,pool=0,candidate=0
PROJECT_STEP,n=16,duplicates=false,query=0,step=67,probe=0,bucket=0,pool=0,candidate=1
PROJECT_STEP,n=16,duplicates=false,query=0,step=68,probe=0,bucket=1,pool=0,candidate=1
PROJECT_STEP,n=16,duplicates=false,query=0,step=69,probe=0,bucket=0,pool=0,candidate=0
PROJECT_STEP,n=16,duplicates=false,query=0,step=70,probe=0,bucket=0,pool=0,candidate=0
PROJECT_STEP,n=16,duplicates=false,query=0,step=71,probe=0,bucket=0,pool=0,candidate=1
PROJECT_STEP,n=16,duplicates=false,query=0,step=72,probe=0,bucket=1,pool=0,candidate=1
PROJECT_STEP,n=16,duplicates=false,query=0,step=73,probe=0,bucket=0,pool=0,candidate=0
PROJECT_STEP,n=16,duplicates=false,query=0,step=74,probe=0,bucket=0,pool=0,candidate=0
PROJECT_STEP,n=16,duplicates=false,query=0,step=75,probe=0,bucket=0,pool=0,candidate=1
PROJECT_STEP,n=16,duplicates=false,query=0,step=76,probe=0,bucket=1,pool=0,candidate=1
PROJECT_STEP,n=16,duplicates=false,query=0,step=77,probe=0,bucket=0,pool=0,candidate=0
PROJECT_STEP,n=16,duplicates=false,query=0,step=78,probe=0,bucket=0,pool=0,candidate=0
PROJECT_STEP,n=16,duplicates=false,query=0,step=79,probe=0,bucket=0,pool=0,candidate=1
PROJECT_STEP,n=16,duplicates=false,query=0,step=80,probe=0,bucket=1,pool=0,candidate=1
PROJECT_STEP,n=16,duplicates=false,query=0,step=81,probe=0,bucket=0,pool=0,candidate=0
PROJECT_STEP,n=16,duplicates=false,query=0,step=82,probe=0,bucket=0,pool=0,candidate=0
PROJECT_STEP,n=16,duplicates=false,query=0,step=83,probe=0,bucket=0,pool=0,candidate=1
PROJECT_STEP,n=16,duplicates=false,query=0,step=84,probe=0,bucket=1,pool=0,candidate=1
PROJECT_STEP,n=16,duplicates=false,query=0,step=85,probe=0,bucket=0,pool=0,candidate=0
PROJECT_STEP,n=16,duplicates=false,query=0,step=86,probe=0,bucket=0,pool=0,candidate=0
PROJECT_STEP,n=16,duplicates=false,query=0,step=87,probe=0,bucket=0,pool=0,candidate=1
PROJECT_STEP,n=16,duplicates=false,query=0,step=88,probe=0,bucket=1,pool=0,candidate=1
PROJECT_STEP,n=16,duplicates=false,query=0,step=89,probe=0,bucket=0,pool=0,candidate=0
PROJECT_STEP,n=16,duplicates=false,query=0,step=90,probe=0,bucket=0,pool=0,candidate=0
PROJECT_STEP,n=16,duplicates=false,query=0,step=91,probe=0,bucket=0,pool=0,candidate=0
PROJECT_STEP,n=16,duplicates=false,query=0,step=92,probe=0,bucket=0,pool=0,candidate=0
PROJECT_STEP,n=16,duplicates=false,query=0,step=93,probe=0,bucket=0,pool=0,candidate=0
PROJECT_DONE,n=16,duplicates=false,query=0,steps=93,metrics=true
PROJECT_STEP,n=16,duplicates=false,query=1,step=1,probe=0,bucket=0,pool=0,candidate=0
PROJECT_STEP,n=16,duplicates=false,query=1,step=2,probe=0,bucket=0,pool=0,candidate=0
PROJECT_STEP,n=16,duplicates=false,query=1,step=3,probe=0,bucket=0,pool=0,candidate=0
PROJECT_STEP,n=16,duplicates=false,query=1,step=4,probe=0,bucket=0,pool=0,candidate=0
PROJECT_STEP,n=16,duplicates=false,query=1,step=5,probe=0,bucket=0,pool=0,candidate=0
PROJECT_STEP,n=16,duplicates=false,query=1,step=6,probe=0,bucket=0,pool=0,candidate=0
PROJECT_STEP,n=16,duplicates=false,query=1,step=7,probe=0,bucket=0,pool=0,candidate=0
PROJECT_STEP,n=16,duplicates=false,query=1,step=8,probe=0,bucket=0,pool=0,candidate=0
PROJECT_STEP,n=16,duplicates=false,query=1,step=9,probe=0,bucket=0,pool=0,candidate=0
PROJECT_STEP,n=16,duplicates=false,query=1,step=10,probe=0,bucket=0,pool=0,candidate=0
PROJECT_STEP,n=16,duplicates=false,query=1,step=11,probe=0,bucket=0,pool=0,candidate=0
PROJECT_STEP,n=16,duplicates=false,query=1,step=12,probe=0,bucket=0,pool=0,candidate=0
PROJECT_STEP,n=16,duplicates=false,query=1,step=13,probe=0,bucket=0,pool=0,candidate=0
PROJECT_STEP,n=16,duplicates=false,query=1,step=14,probe=0,bucket=0,pool=0,candidate=0
PROJECT_STEP,n=16,duplicates=false,query=1,step=15,probe=0,bucket=0,pool=0,candidate=0
PROJECT_STEP,n=16,duplicates=false,query=1,step=16,probe=0,bucket=0,pool=0,candidate=0
PROJECT_STEP,n=16,duplicates=false,query=1,step=17,probe=0,bucket=0,pool=0,candidate=0
PROJECT_STEP,n=16,duplicates=false,query=1,step=18,probe=0,bucket=0,pool=0,candidate=0
PROJECT_STEP,n=16,duplicates=false,query=1,step=19,probe=0,bucket=0,pool=0,candidate=0
PROJECT_STEP,n=16,duplicates=false,query=1,step=20,probe=0,bucket=0,pool=1,candidate=1
PROJECT_STEP,n=16,duplicates=false,query=1,step=21,probe=1,bucket=17,pool=0,candidate=1
PROJECT_STEP,n=16,duplicates=false,query=1,step=22,probe=0,bucket=1,pool=0,candidate=1
PROJECT_STEP,n=16,duplicates=false,query=1,step=23,probe=0,bucket=0,pool=1,candidate=1
PROJECT_STEP,n=16,duplicates=false,query=1,step=24,probe=0,bucket=0,pool=0,candidate=0
PROJECT_STEP,n=16,duplicates=false,query=1,step=25,probe=0,bucket=0,pool=0,candidate=0
PROJECT_STEP,n=16,duplicates=false,query=1,step=26,probe=0,bucket=0,pool=1,candidate=1
PROJECT_STEP,n=16,duplicates=false,query=1,step=27,probe=1,bucket=17,pool=0,candidate=1
PROJECT_STEP,n=16,duplicates=false,query=1,step=28,probe=0,bucket=1,pool=0,candidate=1
PROJECT_STEP,n=16,duplicates=false,query=1,step=29,probe=0,bucket=0,pool=0,candidate=0
PROJECT_STEP,n=16,duplicates=false,query=1,step=30,probe=0,bucket=0,pool=0,candidate=0
PROJECT_STEP,n=16,duplicates=false,query=1,step=31,probe=0,bucket=0,pool=0,candidate=1
PROJECT_STEP,n=16,duplicates=false,query=1,step=32,probe=0,bucket=1,pool=0,candidate=1
PROJECT_STEP,n=16,duplicates=false,query=1,step=33,probe=0,bucket=0,pool=0,candidate=0
PROJECT_STEP,n=16,duplicates=false,query=1,step=34,probe=0,bucket=0,pool=0,candidate=0
PROJECT_STEP,n=16,duplicates=false,query=1,step=35,probe=0,bucket=0,pool=0,candidate=1
PROJECT_STEP,n=16,duplicates=false,query=1,step=36,probe=0,bucket=1,pool=0,candidate=1
PROJECT_STEP,n=16,duplicates=false,query=1,step=37,probe=0,bucket=0,pool=0,candidate=0
PROJECT_STEP,n=16,duplicates=false,query=1,step=38,probe=0,bucket=0,pool=0,candidate=0
PROJECT_STEP,n=16,duplicates=false,query=1,step=39,probe=0,bucket=0,pool=0,candidate=1
PROJECT_STEP,n=16,duplicates=false,query=1,step=40,probe=0,bucket=1,pool=0,candidate=1
PROJECT_STEP,n=16,duplicates=false,query=1,step=41,probe=0,bucket=0,pool=0,candidate=0
PROJECT_STEP,n=16,duplicates=false,query=1,step=42,probe=0,bucket=0,pool=0,candidate=0
PROJECT_STEP,n=16,duplicates=false,query=1,step=43,probe=0,bucket=0,pool=0,candidate=1
PROJECT_STEP,n=16,duplicates=false,query=1,step=44,probe=0,bucket=1,pool=0,candidate=1
PROJECT_STEP,n=16,duplicates=false,query=1,step=45,probe=0,bucket=0,pool=0,candidate=0
PROJECT_STEP,n=16,duplicates=false,query=1,step=46,probe=0,bucket=0,pool=0,candidate=0
PROJECT_STEP,n=16,duplicates=false,query=1,step=47,probe=0,bucket=0,pool=0,candidate=1
PROJECT_STEP,n=16,duplicates=false,query=1,step=48,probe=0,bucket=1,pool=0,candidate=1
PROJECT_STEP,n=16,duplicates=false,query=1,step=49,probe=0,bucket=0,pool=0,candidate=0
PROJECT_STEP,n=16,duplicates=false,query=1,step=50,probe=0,bucket=0,pool=0,candidate=0
PROJECT_STEP,n=16,duplicates=false,query=1,step=51,probe=0,bucket=0,pool=0,candidate=1
PROJECT_STEP,n=16,duplicates=false,query=1,step=52,probe=0,bucket=1,pool=0,candidate=1
PROJECT_STEP,n=16,duplicates=false,query=1,step=53,probe=0,bucket=0,pool=0,candidate=0
PROJECT_STEP,n=16,duplicates=false,query=1,step=54,probe=0,bucket=0,pool=0,candidate=0
PROJECT_STEP,n=16,duplicates=false,query=1,step=55,probe=0,bucket=0,pool=0,candidate=1
PROJECT_STEP,n=16,duplicates=false,query=1,step=56,probe=0,bucket=1,pool=0,candidate=1
PROJECT_STEP,n=16,duplicates=false,query=1,step=57,probe=0,bucket=0,pool=0,candidate=0
PROJECT_STEP,n=16,duplicates=false,query=1,step=58,probe=0,bucket=0,pool=0,candidate=0
PROJECT_STEP,n=16,duplicates=false,query=1,step=59,probe=0,bucket=0,pool=0,candidate=1
PROJECT_STEP,n=16,duplicates=false,query=1,step=60,probe=0,bucket=1,pool=0,candidate=1
PROJECT_STEP,n=16,duplicates=false,query=1,step=61,probe=0,bucket=0,pool=0,candidate=0
PROJECT_STEP,n=16,duplicates=false,query=1,step=62,probe=0,bucket=0,pool=0,candidate=0
PROJECT_STEP,n=16,duplicates=false,query=1,step=63,probe=0,bucket=0,pool=0,candidate=1
PROJECT_STEP,n=16,duplicates=false,query=1,step=64,probe=0,bucket=1,pool=0,candidate=1
PROJECT_STEP,n=16,duplicates=false,query=1,step=65,probe=0,bucket=0,pool=0,candidate=0
PROJECT_STEP,n=16,duplicates=false,query=1,step=66,probe=0,bucket=0,pool=0,candidate=0
PROJECT_STEP,n=16,duplicates=false,query=1,step=67,probe=0,bucket=0,pool=0,candidate=1
PROJECT_STEP,n=16,duplicates=false,query=1,step=68,probe=0,bucket=1,pool=0,candidate=1
PROJECT_STEP,n=16,duplicates=false,query=1,step=69,probe=0,bucket=0,pool=0,candidate=0
PROJECT_STEP,n=16,duplicates=false,query=1,step=70,probe=0,bucket=0,pool=0,candidate=0
PROJECT_STEP,n=16,duplicates=false,query=1,step=71,probe=0,bucket=0,pool=0,candidate=1
PROJECT_STEP,n=16,duplicates=false,query=1,step=72,probe=0,bucket=1,pool=0,candidate=1
PROJECT_STEP,n=16,duplicates=false,query=1,step=73,probe=0,bucket=0,pool=0,candidate=0
PROJECT_STEP,n=16,duplicates=false,query=1,step=74,probe=0,bucket=0,pool=0,candidate=0
PROJECT_STEP,n=16,duplicates=false,query=1,step=75,probe=0,bucket=0,pool=0,candidate=1
PROJECT_STEP,n=16,duplicates=false,query=1,step=76,probe=0,bucket=1,pool=0,candidate=1
PROJECT_STEP,n=16,duplicates=false,query=1,step=77,probe=0,bucket=0,pool=0,candidate=0
PROJECT_STEP,n=16,duplicates=false,query=1,step=78,probe=0,bucket=0,pool=0,candidate=0
PROJECT_STEP,n=16,duplicates=false,query=1,step=79,probe=0,bucket=0,pool=0,candidate=1
PROJECT_STEP,n=16,duplicates=false,query=1,step=80,probe=0,bucket=1,pool=0,candidate=1
PROJECT_STEP,n=16,duplicates=false,query=1,step=81,probe=0,bucket=0,pool=0,candidate=0
PROJECT_STEP,n=16,duplicates=false,query=1,step=82,probe=0,bucket=0,pool=0,candidate=0
PROJECT_STEP,n=16,duplicates=false,query=1,step=83,probe=0,bucket=0,pool=0,candidate=1
PROJECT_STEP,n=16,duplicates=false,query=1,step=84,probe=0,bucket=1,pool=0,candidate=1
PROJECT_STEP,n=16,duplicates=false,query=1,step=85,probe=0,bucket=0,pool=0,candidate=0
PROJECT_STEP,n=16,duplicates=false,query=1,step=86,probe=0,bucket=0,pool=0,candidate=0
PROJECT_STEP,n=16,duplicates=false,query=1,step=87,probe=0,bucket=0,pool=0,candidate=1
PROJECT_STEP,n=16,duplicates=false,query=1,step=88,probe=0,bucket=1,pool=0,candidate=1
PROJECT_STEP,n=16,duplicates=false,query=1,step=89,probe=0,bucket=0,pool=0,candidate=0
PROJECT_STEP,n=16,duplicates=false,query=1,step=90,probe=0,bucket=0,pool=0,candidate=0
PROJECT_STEP,n=16,duplicates=false,query=1,step=91,probe=0,bucket=0,pool=0,candidate=0
PROJECT_STEP,n=16,duplicates=false,query=1,step=92,probe=0,bucket=0,pool=0,candidate=0
PROJECT_STEP,n=16,duplicates=false,query=1,step=93,probe=0,bucket=0,pool=0,candidate=0
PROJECT_DONE,n=16,duplicates=false,query=1,steps=93,metrics=true
PROJECT_STEP,n=16,duplicates=true,query=0,step=1,probe=0,bucket=0,pool=0,candidate=0
PROJECT_STEP,n=16,duplicates=true,query=0,step=2,probe=0,bucket=0,pool=0,candidate=0
PROJECT_STEP,n=16,duplicates=true,query=0,step=3,probe=0,bucket=0,pool=0,candidate=0
PROJECT_STEP,n=16,duplicates=true,query=0,step=4,probe=0,bucket=0,pool=0,candidate=0
PROJECT_STEP,n=16,duplicates=true,query=0,step=5,probe=0,bucket=0,pool=0,candidate=0
PROJECT_STEP,n=16,duplicates=true,query=0,step=6,probe=0,bucket=0,pool=0,candidate=0
PROJECT_STEP,n=16,duplicates=true,query=0,step=7,probe=0,bucket=0,pool=0,candidate=0
PROJECT_STEP,n=16,duplicates=true,query=0,step=8,probe=0,bucket=0,pool=0,candidate=0
PROJECT_STEP,n=16,duplicates=true,query=0,step=9,probe=0,bucket=0,pool=0,candidate=0
PROJECT_STEP,n=16,duplicates=true,query=0,step=10,probe=0,bucket=0,pool=0,candidate=0
PROJECT_STEP,n=16,duplicates=true,query=0,step=11,probe=0,bucket=0,pool=0,candidate=0
PROJECT_STEP,n=16,duplicates=true,query=0,step=12,probe=0,bucket=0,pool=0,candidate=0
PROJECT_STEP,n=16,duplicates=true,query=0,step=13,probe=0,bucket=0,pool=0,candidate=0
PROJECT_STEP,n=16,duplicates=true,query=0,step=14,probe=0,bucket=0,pool=0,candidate=0
PROJECT_STEP,n=16,duplicates=true,query=0,step=15,probe=0,bucket=0,pool=0,candidate=0
PROJECT_STEP,n=16,duplicates=true,query=0,step=16,probe=0,bucket=0,pool=0,candidate=0
PROJECT_STEP,n=16,duplicates=true,query=0,step=17,probe=0,bucket=0,pool=0,candidate=0
PROJECT_STEP,n=16,duplicates=true,query=0,step=18,probe=0,bucket=0,pool=0,candidate=0
PROJECT_STEP,n=16,duplicates=true,query=0,step=19,probe=0,bucket=0,pool=0,candidate=0
PROJECT_STEP,n=16,duplicates=true,query=0,step=20,probe=0,bucket=0,pool=0,candidate=0
PROJECT_STEP,n=16,duplicates=true,query=0,step=21,probe=0,bucket=0,pool=0,candidate=0
PROJECT_STEP,n=16,duplicates=true,query=0,step=22,probe=0,bucket=0,pool=0,candidate=0
PROJECT_STEP,n=16,duplicates=true,query=0,step=23,probe=0,bucket=0,pool=0,candidate=0
PROJECT_STEP,n=16,duplicates=true,query=0,step=24,probe=0,bucket=0,pool=0,candidate=0
PROJECT_STEP,n=16,duplicates=true,query=0,step=25,probe=0,bucket=0,pool=0,candidate=0
PROJECT_STEP,n=16,duplicates=true,query=0,step=26,probe=0,bucket=0,pool=0,candidate=0
PROJECT_STEP,n=16,duplicates=true,query=0,step=27,probe=0,bucket=0,pool=0,candidate=0
PROJECT_STEP,n=16,duplicates=true,query=0,step=28,probe=0,bucket=0,pool=0,candidate=0
PROJECT_STEP,n=16,duplicates=true,query=0,step=29,probe=0,bucket=0,pool=0,candidate=0
PROJECT_STEP,n=16,duplicates=true,query=0,step=30,probe=0,bucket=0,pool=0,candidate=0
PROJECT_STEP,n=16,duplicates=true,query=0,step=31,probe=0,bucket=0,pool=0,candidate=0
PROJECT_STEP,n=16,duplicates=true,query=0,step=32,probe=0,bucket=0,pool=0,candidate=0
PROJECT_STEP,n=16,duplicates=true,query=0,step=33,probe=0,bucket=0,pool=0,candidate=0
PROJECT_STEP,n=16,duplicates=true,query=0,step=34,probe=0,bucket=0,pool=1,candidate=1
PROJECT_STEP,n=16,duplicates=true,query=0,step=35,probe=15,bucket=255,pool=0,candidate=1
PROJECT_STEP,n=16,duplicates=true,query=0,step=36,probe=0,bucket=15,pool=0,candidate=1
PROJECT_STEP,n=16,duplicates=true,query=0,step=37,probe=0,bucket=0,pool=1,candidate=1
PROJECT_STEP,n=16,duplicates=true,query=0,step=38,probe=0,bucket=0,pool=0,candidate=0
PROJECT_STEP,n=16,duplicates=true,query=0,step=39,probe=0,bucket=0,pool=0,candidate=0
PROJECT_STEP,n=16,duplicates=true,query=0,step=40,probe=0,bucket=0,pool=1,candidate=1
PROJECT_STEP,n=16,duplicates=true,query=0,step=41,probe=15,bucket=255,pool=0,candidate=1
PROJECT_STEP,n=16,duplicates=true,query=0,step=42,probe=0,bucket=15,pool=0,candidate=1
PROJECT_STEP,n=16,duplicates=true,query=0,step=43,probe=0,bucket=0,pool=0,candidate=0
PROJECT_STEP,n=16,duplicates=true,query=0,step=44,probe=0,bucket=0,pool=0,candidate=1
PROJECT_STEP,n=16,duplicates=true,query=0,step=45,probe=0,bucket=0,pool=0,candidate=0
PROJECT_STEP,n=16,duplicates=true,query=0,step=46,probe=0,bucket=0,pool=0,candidate=1
PROJECT_STEP,n=16,duplicates=true,query=0,step=47,probe=0,bucket=0,pool=0,candidate=0
PROJECT_STEP,n=16,duplicates=true,query=0,step=48,probe=0,bucket=0,pool=0,candidate=1
PROJECT_STEP,n=16,duplicates=true,query=0,step=49,probe=0,bucket=0,pool=0,candidate=0
PROJECT_STEP,n=16,duplicates=true,query=0,step=50,probe=0,bucket=0,pool=0,candidate=1
PROJECT_STEP,n=16,duplicates=true,query=0,step=51,probe=0,bucket=0,pool=0,candidate=0
PROJECT_STEP,n=16,duplicates=true,query=0,step=52,probe=0,bucket=0,pool=0,candidate=1
PROJECT_STEP,n=16,duplicates=true,query=0,step=53,probe=0,bucket=0,pool=0,candidate=0
PROJECT_STEP,n=16,duplicates=true,query=0,step=54,probe=0,bucket=0,pool=0,candidate=1
PROJECT_STEP,n=16,duplicates=true,query=0,step=55,probe=0,bucket=0,pool=0,candidate=0
PROJECT_STEP,n=16,duplicates=true,query=0,step=56,probe=0,bucket=0,pool=0,candidate=1
PROJECT_STEP,n=16,duplicates=true,query=0,step=57,probe=0,bucket=0,pool=0,candidate=0
PROJECT_STEP,n=16,duplicates=true,query=0,step=58,probe=0,bucket=0,pool=0,candidate=1
PROJECT_STEP,n=16,duplicates=true,query=0,step=59,probe=0,bucket=0,pool=0,candidate=0
PROJECT_STEP,n=16,duplicates=true,query=0,step=60,probe=0,bucket=0,pool=0,candidate=1
PROJECT_STEP,n=16,duplicates=true,query=0,step=61,probe=0,bucket=0,pool=0,candidate=0
PROJECT_STEP,n=16,duplicates=true,query=0,step=62,probe=0,bucket=0,pool=0,candidate=1
PROJECT_STEP,n=16,duplicates=true,query=0,step=63,probe=0,bucket=0,pool=0,candidate=0
PROJECT_STEP,n=16,duplicates=true,query=0,step=64,probe=0,bucket=0,pool=0,candidate=1
PROJECT_STEP,n=16,duplicates=true,query=0,step=65,probe=0,bucket=0,pool=0,candidate=0
PROJECT_STEP,n=16,duplicates=true,query=0,step=66,probe=0,bucket=0,pool=0,candidate=1
PROJECT_STEP,n=16,duplicates=true,query=0,step=67,probe=0,bucket=0,pool=0,candidate=0
PROJECT_STEP,n=16,duplicates=true,query=0,step=68,probe=0,bucket=0,pool=0,candidate=1
PROJECT_STEP,n=16,duplicates=true,query=0,step=69,probe=0,bucket=0,pool=0,candidate=0
PROJECT_STEP,n=16,duplicates=true,query=0,step=70,probe=0,bucket=0,pool=0,candidate=1
PROJECT_STEP,n=16,duplicates=true,query=0,step=71,probe=0,bucket=0,pool=0,candidate=0
PROJECT_STEP,n=16,duplicates=true,query=0,step=72,probe=0,bucket=0,pool=0,candidate=0
PROJECT_STEP,n=16,duplicates=true,query=0,step=73,probe=0,bucket=0,pool=0,candidate=1
PROJECT_STEP,n=16,duplicates=true,query=0,step=74,probe=0,bucket=15,pool=0,candidate=1
PROJECT_STEP,n=16,duplicates=true,query=0,step=75,probe=0,bucket=0,pool=0,candidate=0
PROJECT_STEP,n=16,duplicates=true,query=0,step=76,probe=0,bucket=0,pool=0,candidate=1
PROJECT_STEP,n=16,duplicates=true,query=0,step=77,probe=0,bucket=0,pool=0,candidate=0
PROJECT_STEP,n=16,duplicates=true,query=0,step=78,probe=0,bucket=0,pool=0,candidate=1
PROJECT_STEP,n=16,duplicates=true,query=0,step=79,probe=0,bucket=0,pool=0,candidate=0
PROJECT_STEP,n=16,duplicates=true,query=0,step=80,probe=0,bucket=0,pool=0,candidate=1
PROJECT_STEP,n=16,duplicates=true,query=0,step=81,probe=0,bucket=0,pool=0,candidate=0
PROJECT_STEP,n=16,duplicates=true,query=0,step=82,probe=0,bucket=0,pool=0,candidate=1
PROJECT_STEP,n=16,duplicates=true,query=0,step=83,probe=0,bucket=0,pool=0,candidate=0
PROJECT_STEP,n=16,duplicates=true,query=0,step=84,probe=0,bucket=0,pool=0,candidate=1
PROJECT_STEP,n=16,duplicates=true,query=0,step=85,probe=0,bucket=0,pool=0,candidate=0
PROJECT_STEP,n=16,duplicates=true,query=0,step=86,probe=0,bucket=0,pool=0,candidate=1
PROJECT_STEP,n=16,duplicates=true,query=0,step=87,probe=0,bucket=0,pool=0,candidate=0
PROJECT_STEP,n=16,duplicates=true,query=0,step=88,probe=0,bucket=0,pool=0,candidate=1
PROJECT_STEP,n=16,duplicates=true,query=0,step=89,probe=0,bucket=0,pool=0,candidate=0
PROJECT_STEP,n=16,duplicates=true,query=0,step=90,probe=0,bucket=0,pool=0,candidate=1
PROJECT_STEP,n=16,duplicates=true,query=0,step=91,probe=0,bucket=0,pool=0,candidate=0
PROJECT_STEP,n=16,duplicates=true,query=0,step=92,probe=0,bucket=0,pool=0,candidate=1
PROJECT_STEP,n=16,duplicates=true,query=0,step=93,probe=0,bucket=0,pool=0,candidate=0
PROJECT_STEP,n=16,duplicates=true,query=0,step=94,probe=0,bucket=0,pool=0,candidate=1
PROJECT_STEP,n=16,duplicates=true,query=0,step=95,probe=0,bucket=0,pool=0,candidate=0
PROJECT_STEP,n=16,duplicates=true,query=0,step=96,probe=0,bucket=0,pool=0,candidate=1
PROJECT_STEP,n=16,duplicates=true,query=0,step=97,probe=0,bucket=0,pool=0,candidate=0
PROJECT_STEP,n=16,duplicates=true,query=0,step=98,probe=0,bucket=0,pool=0,candidate=1
PROJECT_STEP,n=16,duplicates=true,query=0,step=99,probe=0,bucket=0,pool=0,candidate=0
PROJECT_STEP,n=16,duplicates=true,query=0,step=100,probe=0,bucket=0,pool=0,candidate=1
PROJECT_STEP,n=16,duplicates=true,query=0,step=101,probe=0,bucket=0,pool=0,candidate=0
PROJECT_STEP,n=16,duplicates=true,query=0,step=102,probe=0,bucket=0,pool=0,candidate=1
PROJECT_STEP,n=16,duplicates=true,query=0,step=103,probe=0,bucket=0,pool=0,candidate=0
PROJECT_STEP,n=16,duplicates=true,query=0,step=104,probe=0,bucket=0,pool=0,candidate=0
PROJECT_STEP,n=16,duplicates=true,query=0,step=105,probe=0,bucket=0,pool=0,candidate=1
PROJECT_STEP,n=16,duplicates=true,query=0,step=106,probe=0,bucket=15,pool=0,candidate=1
PROJECT_STEP,n=16,duplicates=true,query=0,step=107,probe=0,bucket=0,pool=0,candidate=0
PROJECT_STEP,n=16,duplicates=true,query=0,step=108,probe=0,bucket=0,pool=0,candidate=1
PROJECT_STEP,n=16,duplicates=true,query=0,step=109,probe=0,bucket=0,pool=0,candidate=0
PROJECT_STEP,n=16,duplicates=true,query=0,step=110,probe=0,bucket=0,pool=0,candidate=1
PROJECT_STEP,n=16,duplicates=true,query=0,step=111,probe=0,bucket=0,pool=0,candidate=0
PROJECT_STEP,n=16,duplicates=true,query=0,step=112,probe=0,bucket=0,pool=0,candidate=1
PROJECT_STEP,n=16,duplicates=true,query=0,step=113,probe=0,bucket=0,pool=0,candidate=0
PROJECT_STEP,n=16,duplicates=true,query=0,step=114,probe=0,bucket=0,pool=0,candidate=1
PROJECT_STEP,n=16,duplicates=true,query=0,step=115,probe=0,bucket=0,pool=0,candidate=0
PROJECT_STEP,n=16,duplicates=true,query=0,step=116,probe=0,bucket=0,pool=0,candidate=1
PROJECT_STEP,n=16,duplicates=true,query=0,step=117,probe=0,bucket=0,pool=0,candidate=0
PROJECT_STEP,n=16,duplicates=true,query=0,step=118,probe=0,bucket=0,pool=0,candidate=1
PROJECT_STEP,n=16,duplicates=true,query=0,step=119,probe=0,bucket=0,pool=0,candidate=0
PROJECT_STEP,n=16,duplicates=true,query=0,step=120,probe=0,bucket=0,pool=0,candidate=1
PROJECT_STEP,n=16,duplicates=true,query=0,step=121,probe=0,bucket=0,pool=0,candidate=0
PROJECT_STEP,n=16,duplicates=true,query=0,step=122,probe=0,bucket=0,pool=0,candidate=1
PROJECT_STEP,n=16,duplicates=true,query=0,step=123,probe=0,bucket=0,pool=0,candidate=0
PROJECT_STEP,n=16,duplicates=true,query=0,step=124,probe=0,bucket=0,pool=0,candidate=1
PROJECT_STEP,n=16,duplicates=true,query=0,step=125,probe=0,bucket=0,pool=0,candidate=0
PROJECT_STEP,n=16,duplicates=true,query=0,step=126,probe=0,bucket=0,pool=0,candidate=1
PROJECT_STEP,n=16,duplicates=true,query=0,step=127,probe=0,bucket=0,pool=0,candidate=0
PROJECT_STEP,n=16,duplicates=true,query=0,step=128,probe=0,bucket=0,pool=0,candidate=1
PROJECT_STEP,n=16,duplicates=true,query=0,step=129,probe=0,bucket=0,pool=0,candidate=0
PROJECT_STEP,n=16,duplicates=true,query=0,step=130,probe=0,bucket=0,pool=0,candidate=1
PROJECT_STEP,n=16,duplicates=true,query=0,step=131,probe=0,bucket=0,pool=0,candidate=0
PROJECT_STEP,n=16,duplicates=true,query=0,step=132,probe=0,bucket=0,pool=0,candidate=1
PROJECT_STEP,n=16,duplicates=true,query=0,step=133,probe=0,bucket=0,pool=0,candidate=0
PROJECT_STEP,n=16,duplicates=true,query=0,step=134,probe=0,bucket=0,pool=0,candidate=1
PROJECT_STEP,n=16,duplicates=true,query=0,step=135,probe=0,bucket=0,pool=0,candidate=0
PROJECT_STEP,n=16,duplicates=true,query=0,step=136,probe=0,bucket=0,pool=0,candidate=0
PROJECT_STEP,n=16,duplicates=true,query=0,step=137,probe=0,bucket=0,pool=0,candidate=1
PROJECT_STEP,n=16,duplicates=true,query=0,step=138,probe=0,bucket=15,pool=0,candidate=1
PROJECT_STEP,n=16,duplicates=true,query=0,step=139,probe=0,bucket=0,pool=0,candidate=0
PROJECT_STEP,n=16,duplicates=true,query=0,step=140,probe=0,bucket=0,pool=0,candidate=1
PROJECT_STEP,n=16,duplicates=true,query=0,step=141,probe=0,bucket=0,pool=0,candidate=0
PROJECT_STEP,n=16,duplicates=true,query=0,step=142,probe=0,bucket=0,pool=0,candidate=1
PROJECT_STEP,n=16,duplicates=true,query=0,step=143,probe=0,bucket=0,pool=0,candidate=0
PROJECT_STEP,n=16,duplicates=true,query=0,step=144,probe=0,bucket=0,pool=0,candidate=1
PROJECT_STEP,n=16,duplicates=true,query=0,step=145,probe=0,bucket=0,pool=0,candidate=0
PROJECT_STEP,n=16,duplicates=true,query=0,step=146,probe=0,bucket=0,pool=0,candidate=1
PROJECT_STEP,n=16,duplicates=true,query=0,step=147,probe=0,bucket=0,pool=0,candidate=0
PROJECT_STEP,n=16,duplicates=true,query=0,step=148,probe=0,bucket=0,pool=0,candidate=1
PROJECT_STEP,n=16,duplicates=true,query=0,step=149,probe=0,bucket=0,pool=0,candidate=0
PROJECT_STEP,n=16,duplicates=true,query=0,step=150,probe=0,bucket=0,pool=0,candidate=1
PROJECT_STEP,n=16,duplicates=true,query=0,step=151,probe=0,bucket=0,pool=0,candidate=0
PROJECT_STEP,n=16,duplicates=true,query=0,step=152,probe=0,bucket=0,pool=0,candidate=1
PROJECT_STEP,n=16,duplicates=true,query=0,step=153,probe=0,bucket=0,pool=0,candidate=0
PROJECT_STEP,n=16,duplicates=true,query=0,step=154,probe=0,bucket=0,pool=0,candidate=1
PROJECT_STEP,n=16,duplicates=true,query=0,step=155,probe=0,bucket=0,pool=0,candidate=0
PROJECT_STEP,n=16,duplicates=true,query=0,step=156,probe=0,bucket=0,pool=0,candidate=1
PROJECT_STEP,n=16,duplicates=true,query=0,step=157,probe=0,bucket=0,pool=0,candidate=0
PROJECT_STEP,n=16,duplicates=true,query=0,step=158,probe=0,bucket=0,pool=0,candidate=1
PROJECT_STEP,n=16,duplicates=true,query=0,step=159,probe=0,bucket=0,pool=0,candidate=0
PROJECT_STEP,n=16,duplicates=true,query=0,step=160,probe=0,bucket=0,pool=0,candidate=1
PROJECT_STEP,n=16,duplicates=true,query=0,step=161,probe=0,bucket=0,pool=0,candidate=0
PROJECT_STEP,n=16,duplicates=true,query=0,step=162,probe=0,bucket=0,pool=0,candidate=1
PROJECT_STEP,n=16,duplicates=true,query=0,step=163,probe=0,bucket=0,pool=0,candidate=0
PROJECT_STEP,n=16,duplicates=true,query=0,step=164,probe=0,bucket=0,pool=0,candidate=1
PROJECT_STEP,n=16,duplicates=true,query=0,step=165,probe=0,bucket=0,pool=0,candidate=0
PROJECT_STEP,n=16,duplicates=true,query=0,step=166,probe=0,bucket=0,pool=0,candidate=1
PROJECT_STEP,n=16,duplicates=true,query=0,step=167,probe=0,bucket=0,pool=0,candidate=0
PROJECT_STEP,n=16,duplicates=true,query=0,step=168,probe=0,bucket=0,pool=0,candidate=0
PROJECT_STEP,n=16,duplicates=true,query=0,step=169,probe=0,bucket=0,pool=0,candidate=1
PROJECT_STEP,n=16,duplicates=true,query=0,step=170,probe=0,bucket=15,pool=0,candidate=1
PROJECT_STEP,n=16,duplicates=true,query=0,step=171,probe=0,bucket=0,pool=0,candidate=0
PROJECT_STEP,n=16,duplicates=true,query=0,step=172,probe=0,bucket=0,pool=0,candidate=1
PROJECT_STEP,n=16,duplicates=true,query=0,step=173,probe=0,bucket=0,pool=0,candidate=0
PROJECT_STEP,n=16,duplicates=true,query=0,step=174,probe=0,bucket=0,pool=0,candidate=1
PROJECT_STEP,n=16,duplicates=true,query=0,step=175,probe=0,bucket=0,pool=0,candidate=0
PROJECT_STEP,n=16,duplicates=true,query=0,step=176,probe=0,bucket=0,pool=0,candidate=1
PROJECT_STEP,n=16,duplicates=true,query=0,step=177,probe=0,bucket=0,pool=0,candidate=0
PROJECT_STEP,n=16,duplicates=true,query=0,step=178,probe=0,bucket=0,pool=0,candidate=1
PROJECT_STEP,n=16,duplicates=true,query=0,step=179,probe=0,bucket=0,pool=0,candidate=0
PROJECT_STEP,n=16,duplicates=true,query=0,step=180,probe=0,bucket=0,pool=0,candidate=1
PROJECT_STEP,n=16,duplicates=true,query=0,step=181,probe=0,bucket=0,pool=0,candidate=0
PROJECT_STEP,n=16,duplicates=true,query=0,step=182,probe=0,bucket=0,pool=0,candidate=1
PROJECT_STEP,n=16,duplicates=true,query=0,step=183,probe=0,bucket=0,pool=0,candidate=0
PROJECT_STEP,n=16,duplicates=true,query=0,step=184,probe=0,bucket=0,pool=0,candidate=1
PROJECT_STEP,n=16,duplicates=true,query=0,step=185,probe=0,bucket=0,pool=0,candidate=0
PROJECT_STEP,n=16,duplicates=true,query=0,step=186,probe=0,bucket=0,pool=0,candidate=1
PROJECT_STEP,n=16,duplicates=true,query=0,step=187,probe=0,bucket=0,pool=0,candidate=0
PROJECT_STEP,n=16,duplicates=true,query=0,step=188,probe=0,bucket=0,pool=0,candidate=1
PROJECT_STEP,n=16,duplicates=true,query=0,step=189,probe=0,bucket=0,pool=0,candidate=0
PROJECT_STEP,n=16,duplicates=true,query=0,step=190,probe=0,bucket=0,pool=0,candidate=1
PROJECT_STEP,n=16,duplicates=true,query=0,step=191,probe=0,bucket=0,pool=0,candidate=0
PROJECT_STEP,n=16,duplicates=true,query=0,step=192,probe=0,bucket=0,pool=0,candidate=1
PROJECT_STEP,n=16,duplicates=true,query=0,step=193,probe=0,bucket=0,pool=0,candidate=0
PROJECT_STEP,n=16,duplicates=true,query=0,step=194,probe=0,bucket=0,pool=0,candidate=1
PROJECT_STEP,n=16,duplicates=true,query=0,step=195,probe=0,bucket=0,pool=0,candidate=0
PROJECT_STEP,n=16,duplicates=true,query=0,step=196,probe=0,bucket=0,pool=0,candidate=1
PROJECT_STEP,n=16,duplicates=true,query=0,step=197,probe=0,bucket=0,pool=0,candidate=0
PROJECT_STEP,n=16,duplicates=true,query=0,step=198,probe=0,bucket=0,pool=0,candidate=1
PROJECT_STEP,n=16,duplicates=true,query=0,step=199,probe=0,bucket=0,pool=0,candidate=0
PROJECT_STEP,n=16,duplicates=true,query=0,step=200,probe=0,bucket=0,pool=0,candidate=0
PROJECT_STEP,n=16,duplicates=true,query=0,step=201,probe=0,bucket=0,pool=0,candidate=1
PROJECT_STEP,n=16,duplicates=true,query=0,step=202,probe=0,bucket=15,pool=0,candidate=1
PROJECT_STEP,n=16,duplicates=true,query=0,step=203,probe=0,bucket=0,pool=0,candidate=0
PROJECT_STEP,n=16,duplicates=true,query=0,step=204,probe=0,bucket=0,pool=0,candidate=1
PROJECT_STEP,n=16,duplicates=true,query=0,step=205,probe=0,bucket=0,pool=0,candidate=0
PROJECT_STEP,n=16,duplicates=true,query=0,step=206,probe=0,bucket=0,pool=0,candidate=1
PROJECT_STEP,n=16,duplicates=true,query=0,step=207,probe=0,bucket=0,pool=0,candidate=0
PROJECT_STEP,n=16,duplicates=true,query=0,step=208,probe=0,bucket=0,pool=0,candidate=1
PROJECT_STEP,n=16,duplicates=true,query=0,step=209,probe=0,bucket=0,pool=0,candidate=0
PROJECT_STEP,n=16,duplicates=true,query=0,step=210,probe=0,bucket=0,pool=0,candidate=1
PROJECT_STEP,n=16,duplicates=true,query=0,step=211,probe=0,bucket=0,pool=0,candidate=0
PROJECT_STEP,n=16,duplicates=true,query=0,step=212,probe=0,bucket=0,pool=0,candidate=1
PROJECT_STEP,n=16,duplicates=true,query=0,step=213,probe=0,bucket=0,pool=0,candidate=0
PROJECT_STEP,n=16,duplicates=true,query=0,step=214,probe=0,bucket=0,pool=0,candidate=1
PROJECT_STEP,n=16,duplicates=true,query=0,step=215,probe=0,bucket=0,pool=0,candidate=0
PROJECT_STEP,n=16,duplicates=true,query=0,step=216,probe=0,bucket=0,pool=0,candidate=1
PROJECT_STEP,n=16,duplicates=true,query=0,step=217,probe=0,bucket=0,pool=0,candidate=0
PROJECT_STEP,n=16,duplicates=true,query=0,step=218,probe=0,bucket=0,pool=0,candidate=1
PROJECT_STEP,n=16,duplicates=true,query=0,step=219,probe=0,bucket=0,pool=0,candidate=0
PROJECT_STEP,n=16,duplicates=true,query=0,step=220,probe=0,bucket=0,pool=0,candidate=1
PROJECT_STEP,n=16,duplicates=true,query=0,step=221,probe=0,bucket=0,pool=0,candidate=0
PROJECT_STEP,n=16,duplicates=true,query=0,step=222,probe=0,bucket=0,pool=0,candidate=1
PROJECT_STEP,n=16,duplicates=true,query=0,step=223,probe=0,bucket=0,pool=0,candidate=0
PROJECT_STEP,n=16,duplicates=true,query=0,step=224,probe=0,bucket=0,pool=0,candidate=1
PROJECT_STEP,n=16,duplicates=true,query=0,step=225,probe=0,bucket=0,pool=0,candidate=0
PROJECT_STEP,n=16,duplicates=true,query=0,step=226,probe=0,bucket=0,pool=0,candidate=1
PROJECT_STEP,n=16,duplicates=true,query=0,step=227,probe=0,bucket=0,pool=0,candidate=0
PROJECT_STEP,n=16,duplicates=true,query=0,step=228,probe=0,bucket=0,pool=0,candidate=1
PROJECT_STEP,n=16,duplicates=true,query=0,step=229,probe=0,bucket=0,pool=0,candidate=0
PROJECT_STEP,n=16,duplicates=true,query=0,step=230,probe=0,bucket=0,pool=0,candidate=1
PROJECT_STEP,n=16,duplicates=true,query=0,step=231,probe=0,bucket=0,pool=0,candidate=0
PROJECT_STEP,n=16,duplicates=true,query=0,step=232,probe=0,bucket=0,pool=0,candidate=0
PROJECT_STEP,n=16,duplicates=true,query=0,step=233,probe=0,bucket=0,pool=0,candidate=1
PROJECT_STEP,n=16,duplicates=true,query=0,step=234,probe=0,bucket=15,pool=0,candidate=1
PROJECT_STEP,n=16,duplicates=true,query=0,step=235,probe=0,bucket=0,pool=0,candidate=0
PROJECT_STEP,n=16,duplicates=true,query=0,step=236,probe=0,bucket=0,pool=0,candidate=1
PROJECT_STEP,n=16,duplicates=true,query=0,step=237,probe=0,bucket=0,pool=0,candidate=0
PROJECT_STEP,n=16,duplicates=true,query=0,step=238,probe=0,bucket=0,pool=0,candidate=1
PROJECT_STEP,n=16,duplicates=true,query=0,step=239,probe=0,bucket=0,pool=0,candidate=0
PROJECT_STEP,n=16,duplicates=true,query=0,step=240,probe=0,bucket=0,pool=0,candidate=1
PROJECT_STEP,n=16,duplicates=true,query=0,step=241,probe=0,bucket=0,pool=0,candidate=0
PROJECT_STEP,n=16,duplicates=true,query=0,step=242,probe=0,bucket=0,pool=0,candidate=1
PROJECT_STEP,n=16,duplicates=true,query=0,step=243,probe=0,bucket=0,pool=0,candidate=0
PROJECT_STEP,n=16,duplicates=true,query=0,step=244,probe=0,bucket=0,pool=0,candidate=1
PROJECT_STEP,n=16,duplicates=true,query=0,step=245,probe=0,bucket=0,pool=0,candidate=0
PROJECT_STEP,n=16,duplicates=true,query=0,step=246,probe=0,bucket=0,pool=0,candidate=1
PROJECT_STEP,n=16,duplicates=true,query=0,step=247,probe=0,bucket=0,pool=0,candidate=0
PROJECT_STEP,n=16,duplicates=true,query=0,step=248,probe=0,bucket=0,pool=0,candidate=1
PROJECT_STEP,n=16,duplicates=true,query=0,step=249,probe=0,bucket=0,pool=0,candidate=0
PROJECT_STEP,n=16,duplicates=true,query=0,step=250,probe=0,bucket=0,pool=0,candidate=1
PROJECT_STEP,n=16,duplicates=true,query=0,step=251,probe=0,bucket=0,pool=0,candidate=0
PROJECT_STEP,n=16,duplicates=true,query=0,step=252,probe=0,bucket=0,pool=0,candidate=1
PROJECT_STEP,n=16,duplicates=true,query=0,step=253,probe=0,bucket=0,pool=0,candidate=0
PROJECT_STEP,n=16,duplicates=true,query=0,step=254,probe=0,bucket=0,pool=0,candidate=1
PROJECT_STEP,n=16,duplicates=true,query=0,step=255,probe=0,bucket=0,pool=0,candidate=0
PROJECT_STEP,n=16,duplicates=true,query=0,step=256,probe=0,bucket=0,pool=0,candidate=1
PROJECT_STEP,n=16,duplicates=true,query=0,step=257,probe=0,bucket=0,pool=0,candidate=0
PROJECT_STEP,n=16,duplicates=true,query=0,step=258,probe=0,bucket=0,pool=0,candidate=1
PROJECT_STEP,n=16,duplicates=true,query=0,step=259,probe=0,bucket=0,pool=0,candidate=0
PROJECT_STEP,n=16,duplicates=true,query=0,step=260,probe=0,bucket=0,pool=0,candidate=1
PROJECT_STEP,n=16,duplicates=true,query=0,step=261,probe=0,bucket=0,pool=0,candidate=0
PROJECT_STEP,n=16,duplicates=true,query=0,step=262,probe=0,bucket=0,pool=0,candidate=1
PROJECT_STEP,n=16,duplicates=true,query=0,step=263,probe=0,bucket=0,pool=0,candidate=0
PROJECT_STEP,n=16,duplicates=true,query=0,step=264,probe=0,bucket=0,pool=0,candidate=0
PROJECT_STEP,n=16,duplicates=true,query=0,step=265,probe=0,bucket=0,pool=0,candidate=1
PROJECT_STEP,n=16,duplicates=true,query=0,step=266,probe=0,bucket=15,pool=0,candidate=1
PROJECT_STEP,n=16,duplicates=true,query=0,step=267,probe=0,bucket=0,pool=0,candidate=0
PROJECT_STEP,n=16,duplicates=true,query=0,step=268,probe=0,bucket=0,pool=0,candidate=1
PROJECT_STEP,n=16,duplicates=true,query=0,step=269,probe=0,bucket=0,pool=0,candidate=0
PROJECT_STEP,n=16,duplicates=true,query=0,step=270,probe=0,bucket=0,pool=0,candidate=1
PROJECT_STEP,n=16,duplicates=true,query=0,step=271,probe=0,bucket=0,pool=0,candidate=0
PROJECT_STEP,n=16,duplicates=true,query=0,step=272,probe=0,bucket=0,pool=0,candidate=1
PROJECT_STEP,n=16,duplicates=true,query=0,step=273,probe=0,bucket=0,pool=0,candidate=0
PROJECT_STEP,n=16,duplicates=true,query=0,step=274,probe=0,bucket=0,pool=0,candidate=1
PROJECT_STEP,n=16,duplicates=true,query=0,step=275,probe=0,bucket=0,pool=0,candidate=0
PROJECT_STEP,n=16,duplicates=true,query=0,step=276,probe=0,bucket=0,pool=0,candidate=1
PROJECT_STEP,n=16,duplicates=true,query=0,step=277,probe=0,bucket=0,pool=0,candidate=0
PROJECT_STEP,n=16,duplicates=true,query=0,step=278,probe=0,bucket=0,pool=0,candidate=1
PROJECT_STEP,n=16,duplicates=true,query=0,step=279,probe=0,bucket=0,pool=0,candidate=0
PROJECT_STEP,n=16,duplicates=true,query=0,step=280,probe=0,bucket=0,pool=0,candidate=1
PROJECT_STEP,n=16,duplicates=true,query=0,step=281,probe=0,bucket=0,pool=0,candidate=0
PROJECT_STEP,n=16,duplicates=true,query=0,step=282,probe=0,bucket=0,pool=0,candidate=1
PROJECT_STEP,n=16,duplicates=true,query=0,step=283,probe=0,bucket=0,pool=0,candidate=0
PROJECT_STEP,n=16,duplicates=true,query=0,step=284,probe=0,bucket=0,pool=0,candidate=1
PROJECT_STEP,n=16,duplicates=true,query=0,step=285,probe=0,bucket=0,pool=0,candidate=0
PROJECT_STEP,n=16,duplicates=true,query=0,step=286,probe=0,bucket=0,pool=0,candidate=1
PROJECT_STEP,n=16,duplicates=true,query=0,step=287,probe=0,bucket=0,pool=0,candidate=0
PROJECT_STEP,n=16,duplicates=true,query=0,step=288,probe=0,bucket=0,pool=0,candidate=1
PROJECT_STEP,n=16,duplicates=true,query=0,step=289,probe=0,bucket=0,pool=0,candidate=0
PROJECT_STEP,n=16,duplicates=true,query=0,step=290,probe=0,bucket=0,pool=0,candidate=1
PROJECT_STEP,n=16,duplicates=true,query=0,step=291,probe=0,bucket=0,pool=0,candidate=0
PROJECT_STEP,n=16,duplicates=true,query=0,step=292,probe=0,bucket=0,pool=0,candidate=1
PROJECT_STEP,n=16,duplicates=true,query=0,step=293,probe=0,bucket=0,pool=0,candidate=0
PROJECT_STEP,n=16,duplicates=true,query=0,step=294,probe=0,bucket=0,pool=0,candidate=1
PROJECT_STEP,n=16,duplicates=true,query=0,step=295,probe=0,bucket=0,pool=0,candidate=0
PROJECT_STEP,n=16,duplicates=true,query=0,step=296,probe=0,bucket=0,pool=0,candidate=0
PROJECT_STEP,n=16,duplicates=true,query=0,step=297,probe=0,bucket=0,pool=0,candidate=1
PROJECT_STEP,n=16,duplicates=true,query=0,step=298,probe=0,bucket=15,pool=0,candidate=1
PROJECT_STEP,n=16,duplicates=true,query=0,step=299,probe=0,bucket=0,pool=0,candidate=0
PROJECT_STEP,n=16,duplicates=true,query=0,step=300,probe=0,bucket=0,pool=0,candidate=1
PROJECT_STEP,n=16,duplicates=true,query=0,step=301,probe=0,bucket=0,pool=0,candidate=0
PROJECT_STEP,n=16,duplicates=true,query=0,step=302,probe=0,bucket=0,pool=0,candidate=1
PROJECT_STEP,n=16,duplicates=true,query=0,step=303,probe=0,bucket=0,pool=0,candidate=0
PROJECT_STEP,n=16,duplicates=true,query=0,step=304,probe=0,bucket=0,pool=0,candidate=1
PROJECT_STEP,n=16,duplicates=true,query=0,step=305,probe=0,bucket=0,pool=0,candidate=0
PROJECT_STEP,n=16,duplicates=true,query=0,step=306,probe=0,bucket=0,pool=0,candidate=1
PROJECT_STEP,n=16,duplicates=true,query=0,step=307,probe=0,bucket=0,pool=0,candidate=0
PROJECT_STEP,n=16,duplicates=true,query=0,step=308,probe=0,bucket=0,pool=0,candidate=1
PROJECT_STEP,n=16,duplicates=true,query=0,step=309,probe=0,bucket=0,pool=0,candidate=0
PROJECT_STEP,n=16,duplicates=true,query=0,step=310,probe=0,bucket=0,pool=0,candidate=1
PROJECT_STEP,n=16,duplicates=true,query=0,step=311,probe=0,bucket=0,pool=0,candidate=0
PROJECT_STEP,n=16,duplicates=true,query=0,step=312,probe=0,bucket=0,pool=0,candidate=1
PROJECT_STEP,n=16,duplicates=true,query=0,step=313,probe=0,bucket=0,pool=0,candidate=0
PROJECT_STEP,n=16,duplicates=true,query=0,step=314,probe=0,bucket=0,pool=0,candidate=1
PROJECT_STEP,n=16,duplicates=true,query=0,step=315,probe=0,bucket=0,pool=0,candidate=0
PROJECT_STEP,n=16,duplicates=true,query=0,step=316,probe=0,bucket=0,pool=0,candidate=1
PROJECT_STEP,n=16,duplicates=true,query=0,step=317,probe=0,bucket=0,pool=0,candidate=0
PROJECT_STEP,n=16,duplicates=true,query=0,step=318,probe=0,bucket=0,pool=0,candidate=1
PROJECT_STEP,n=16,duplicates=true,query=0,step=319,probe=0,bucket=0,pool=0,candidate=0
PROJECT_STEP,n=16,duplicates=true,query=0,step=320,probe=0,bucket=0,pool=0,candidate=1
PROJECT_STEP,n=16,duplicates=true,query=0,step=321,probe=0,bucket=0,pool=0,candidate=0
PROJECT_STEP,n=16,duplicates=true,query=0,step=322,probe=0,bucket=0,pool=0,candidate=1
PROJECT_STEP,n=16,duplicates=true,query=0,step=323,probe=0,bucket=0,pool=0,candidate=0
PROJECT_STEP,n=16,duplicates=true,query=0,step=324,probe=0,bucket=0,pool=0,candidate=1
PROJECT_STEP,n=16,duplicates=true,query=0,step=325,probe=0,bucket=0,pool=0,candidate=0
PROJECT_STEP,n=16,duplicates=true,query=0,step=326,probe=0,bucket=0,pool=0,candidate=1
PROJECT_STEP,n=16,duplicates=true,query=0,step=327,probe=0,bucket=0,pool=0,candidate=0
PROJECT_STEP,n=16,duplicates=true,query=0,step=328,probe=0,bucket=0,pool=0,candidate=0
PROJECT_STEP,n=16,duplicates=true,query=0,step=329,probe=0,bucket=0,pool=0,candidate=1
PROJECT_STEP,n=16,duplicates=true,query=0,step=330,probe=0,bucket=15,pool=0,candidate=1
PROJECT_STEP,n=16,duplicates=true,query=0,step=331,probe=0,bucket=0,pool=0,candidate=0
PROJECT_STEP,n=16,duplicates=true,query=0,step=332,probe=0,bucket=0,pool=0,candidate=1
PROJECT_STEP,n=16,duplicates=true,query=0,step=333,probe=0,bucket=0,pool=0,candidate=0
PROJECT_STEP,n=16,duplicates=true,query=0,step=334,probe=0,bucket=0,pool=0,candidate=1
PROJECT_STEP,n=16,duplicates=true,query=0,step=335,probe=0,bucket=0,pool=0,candidate=0
PROJECT_STEP,n=16,duplicates=true,query=0,step=336,probe=0,bucket=0,pool=0,candidate=1
PROJECT_STEP,n=16,duplicates=true,query=0,step=337,probe=0,bucket=0,pool=0,candidate=0
PROJECT_STEP,n=16,duplicates=true,query=0,step=338,probe=0,bucket=0,pool=0,candidate=1
PROJECT_STEP,n=16,duplicates=true,query=0,step=339,probe=0,bucket=0,pool=0,candidate=0
PROJECT_STEP,n=16,duplicates=true,query=0,step=340,probe=0,bucket=0,pool=0,candidate=1
PROJECT_STEP,n=16,duplicates=true,query=0,step=341,probe=0,bucket=0,pool=0,candidate=0
PROJECT_STEP,n=16,duplicates=true,query=0,step=342,probe=0,bucket=0,pool=0,candidate=1
PROJECT_STEP,n=16,duplicates=true,query=0,step=343,probe=0,bucket=0,pool=0,candidate=0
PROJECT_STEP,n=16,duplicates=true,query=0,step=344,probe=0,bucket=0,pool=0,candidate=1
PROJECT_STEP,n=16,duplicates=true,query=0,step=345,probe=0,bucket=0,pool=0,candidate=0
PROJECT_STEP,n=16,duplicates=true,query=0,step=346,probe=0,bucket=0,pool=0,candidate=1
PROJECT_STEP,n=16,duplicates=true,query=0,step=347,probe=0,bucket=0,pool=0,candidate=0
PROJECT_STEP,n=16,duplicates=true,query=0,step=348,probe=0,bucket=0,pool=0,candidate=1
PROJECT_STEP,n=16,duplicates=true,query=0,step=349,probe=0,bucket=0,pool=0,candidate=0
PROJECT_STEP,n=16,duplicates=true,query=0,step=350,probe=0,bucket=0,pool=0,candidate=1
PROJECT_STEP,n=16,duplicates=true,query=0,step=351,probe=0,bucket=0,pool=0,candidate=0
PROJECT_STEP,n=16,duplicates=true,query=0,step=352,probe=0,bucket=0,pool=0,candidate=1
PROJECT_STEP,n=16,duplicates=true,query=0,step=353,probe=0,bucket=0,pool=0,candidate=0
PROJECT_STEP,n=16,duplicates=true,query=0,step=354,probe=0,bucket=0,pool=0,candidate=1
PROJECT_STEP,n=16,duplicates=true,query=0,step=355,probe=0,bucket=0,pool=0,candidate=0
PROJECT_STEP,n=16,duplicates=true,query=0,step=356,probe=0,bucket=0,pool=0,candidate=1
PROJECT_STEP,n=16,duplicates=true,query=0,step=357,probe=0,bucket=0,pool=0,candidate=0
PROJECT_STEP,n=16,duplicates=true,query=0,step=358,probe=0,bucket=0,pool=0,candidate=1
PROJECT_STEP,n=16,duplicates=true,query=0,step=359,probe=0,bucket=0,pool=0,candidate=0
PROJECT_STEP,n=16,duplicates=true,query=0,step=360,probe=0,bucket=0,pool=0,candidate=0
PROJECT_STEP,n=16,duplicates=true,query=0,step=361,probe=0,bucket=0,pool=0,candidate=1
PROJECT_STEP,n=16,duplicates=true,query=0,step=362,probe=0,bucket=15,pool=0,candidate=1
PROJECT_STEP,n=16,duplicates=true,query=0,step=363,probe=0,bucket=0,pool=0,candidate=0
PROJECT_STEP,n=16,duplicates=true,query=0,step=364,probe=0,bucket=0,pool=0,candidate=1
PROJECT_STEP,n=16,duplicates=true,query=0,step=365,probe=0,bucket=0,pool=0,candidate=0
PROJECT_STEP,n=16,duplicates=true,query=0,step=366,probe=0,bucket=0,pool=0,candidate=1
PROJECT_STEP,n=16,duplicates=true,query=0,step=367,probe=0,bucket=0,pool=0,candidate=0
PROJECT_STEP,n=16,duplicates=true,query=0,step=368,probe=0,bucket=0,pool=0,candidate=1
PROJECT_STEP,n=16,duplicates=true,query=0,step=369,probe=0,bucket=0,pool=0,candidate=0
PROJECT_STEP,n=16,duplicates=true,query=0,step=370,probe=0,bucket=0,pool=0,candidate=1
PROJECT_STEP,n=16,duplicates=true,query=0,step=371,probe=0,bucket=0,pool=0,candidate=0
PROJECT_STEP,n=16,duplicates=true,query=0,step=372,probe=0,bucket=0,pool=0,candidate=1
PROJECT_STEP,n=16,duplicates=true,query=0,step=373,probe=0,bucket=0,pool=0,candidate=0
PROJECT_STEP,n=16,duplicates=true,query=0,step=374,probe=0,bucket=0,pool=0,candidate=1
PROJECT_STEP,n=16,duplicates=true,query=0,step=375,probe=0,bucket=0,pool=0,candidate=0
PROJECT_STEP,n=16,duplicates=true,query=0,step=376,probe=0,bucket=0,pool=0,candidate=1
PROJECT_STEP,n=16,duplicates=true,query=0,step=377,probe=0,bucket=0,pool=0,candidate=0
PROJECT_STEP,n=16,duplicates=true,query=0,step=378,probe=0,bucket=0,pool=0,candidate=1
PROJECT_STEP,n=16,duplicates=true,query=0,step=379,probe=0,bucket=0,pool=0,candidate=0
PROJECT_STEP,n=16,duplicates=true,query=0,step=380,probe=0,bucket=0,pool=0,candidate=1
PROJECT_STEP,n=16,duplicates=true,query=0,step=381,probe=0,bucket=0,pool=0,candidate=0
PROJECT_STEP,n=16,duplicates=true,query=0,step=382,probe=0,bucket=0,pool=0,candidate=1
PROJECT_STEP,n=16,duplicates=true,query=0,step=383,probe=0,bucket=0,pool=0,candidate=0
PROJECT_STEP,n=16,duplicates=true,query=0,step=384,probe=0,bucket=0,pool=0,candidate=1
PROJECT_STEP,n=16,duplicates=true,query=0,step=385,probe=0,bucket=0,pool=0,candidate=0
PROJECT_STEP,n=16,duplicates=true,query=0,step=386,probe=0,bucket=0,pool=0,candidate=1
PROJECT_STEP,n=16,duplicates=true,query=0,step=387,probe=0,bucket=0,pool=0,candidate=0
PROJECT_STEP,n=16,duplicates=true,query=0,step=388,probe=0,bucket=0,pool=0,candidate=1
PROJECT_STEP,n=16,duplicates=true,query=0,step=389,probe=0,bucket=0,pool=0,candidate=0
PROJECT_STEP,n=16,duplicates=true,query=0,step=390,probe=0,bucket=0,pool=0,candidate=1
PROJECT_STEP,n=16,duplicates=true,query=0,step=391,probe=0,bucket=0,pool=0,candidate=0
PROJECT_STEP,n=16,duplicates=true,query=0,step=392,probe=0,bucket=0,pool=0,candidate=0
PROJECT_STEP,n=16,duplicates=true,query=0,step=393,probe=0,bucket=0,pool=0,candidate=1
PROJECT_STEP,n=16,duplicates=true,query=0,step=394,probe=0,bucket=15,pool=0,candidate=1
PROJECT_STEP,n=16,duplicates=true,query=0,step=395,probe=0,bucket=0,pool=0,candidate=0
PROJECT_STEP,n=16,duplicates=true,query=0,step=396,probe=0,bucket=0,pool=0,candidate=1
PROJECT_STEP,n=16,duplicates=true,query=0,step=397,probe=0,bucket=0,pool=0,candidate=0
PROJECT_STEP,n=16,duplicates=true,query=0,step=398,probe=0,bucket=0,pool=0,candidate=1
PROJECT_STEP,n=16,duplicates=true,query=0,step=399,probe=0,bucket=0,pool=0,candidate=0
PROJECT_STEP,n=16,duplicates=true,query=0,step=400,probe=0,bucket=0,pool=0,candidate=1
PROJECT_STEP,n=16,duplicates=true,query=0,step=401,probe=0,bucket=0,pool=0,candidate=0
PROJECT_STEP,n=16,duplicates=true,query=0,step=402,probe=0,bucket=0,pool=0,candidate=1
PROJECT_STEP,n=16,duplicates=true,query=0,step=403,probe=0,bucket=0,pool=0,candidate=0
PROJECT_STEP,n=16,duplicates=true,query=0,step=404,probe=0,bucket=0,pool=0,candidate=1
PROJECT_STEP,n=16,duplicates=true,query=0,step=405,probe=0,bucket=0,pool=0,candidate=0
PROJECT_STEP,n=16,duplicates=true,query=0,step=406,probe=0,bucket=0,pool=0,candidate=1
PROJECT_STEP,n=16,duplicates=true,query=0,step=407,probe=0,bucket=0,pool=0,candidate=0
PROJECT_STEP,n=16,duplicates=true,query=0,step=408,probe=0,bucket=0,pool=0,candidate=1
PROJECT_STEP,n=16,duplicates=true,query=0,step=409,probe=0,bucket=0,pool=0,candidate=0
PROJECT_STEP,n=16,duplicates=true,query=0,step=410,probe=0,bucket=0,pool=0,candidate=1
PROJECT_STEP,n=16,duplicates=true,query=0,step=411,probe=0,bucket=0,pool=0,candidate=0
PROJECT_STEP,n=16,duplicates=true,query=0,step=412,probe=0,bucket=0,pool=0,candidate=1
PROJECT_STEP,n=16,duplicates=true,query=0,step=413,probe=0,bucket=0,pool=0,candidate=0
PROJECT_STEP,n=16,duplicates=true,query=0,step=414,probe=0,bucket=0,pool=0,candidate=1
PROJECT_STEP,n=16,duplicates=true,query=0,step=415,probe=0,bucket=0,pool=0,candidate=0
PROJECT_STEP,n=16,duplicates=true,query=0,step=416,probe=0,bucket=0,pool=0,candidate=1
PROJECT_STEP,n=16,duplicates=true,query=0,step=417,probe=0,bucket=0,pool=0,candidate=0
PROJECT_STEP,n=16,duplicates=true,query=0,step=418,probe=0,bucket=0,pool=0,candidate=1
PROJECT_STEP,n=16,duplicates=true,query=0,step=419,probe=0,bucket=0,pool=0,candidate=0
PROJECT_STEP,n=16,duplicates=true,query=0,step=420,probe=0,bucket=0,pool=0,candidate=1
PROJECT_STEP,n=16,duplicates=true,query=0,step=421,probe=0,bucket=0,pool=0,candidate=0
PROJECT_STEP,n=16,duplicates=true,query=0,step=422,probe=0,bucket=0,pool=0,candidate=1
PROJECT_STEP,n=16,duplicates=true,query=0,step=423,probe=0,bucket=0,pool=0,candidate=0
PROJECT_STEP,n=16,duplicates=true,query=0,step=424,probe=0,bucket=0,pool=0,candidate=0
PROJECT_STEP,n=16,duplicates=true,query=0,step=425,probe=0,bucket=0,pool=0,candidate=1
PROJECT_STEP,n=16,duplicates=true,query=0,step=426,probe=0,bucket=15,pool=0,candidate=1
PROJECT_STEP,n=16,duplicates=true,query=0,step=427,probe=0,bucket=0,pool=0,candidate=0
PROJECT_STEP,n=16,duplicates=true,query=0,step=428,probe=0,bucket=0,pool=0,candidate=1
PROJECT_STEP,n=16,duplicates=true,query=0,step=429,probe=0,bucket=0,pool=0,candidate=0
PROJECT_STEP,n=16,duplicates=true,query=0,step=430,probe=0,bucket=0,pool=0,candidate=1
PROJECT_STEP,n=16,duplicates=true,query=0,step=431,probe=0,bucket=0,pool=0,candidate=0
PROJECT_STEP,n=16,duplicates=true,query=0,step=432,probe=0,bucket=0,pool=0,candidate=1
PROJECT_STEP,n=16,duplicates=true,query=0,step=433,probe=0,bucket=0,pool=0,candidate=0
PROJECT_STEP,n=16,duplicates=true,query=0,step=434,probe=0,bucket=0,pool=0,candidate=1
PROJECT_STEP,n=16,duplicates=true,query=0,step=435,probe=0,bucket=0,pool=0,candidate=0
PROJECT_STEP,n=16,duplicates=true,query=0,step=436,probe=0,bucket=0,pool=0,candidate=1
PROJECT_STEP,n=16,duplicates=true,query=0,step=437,probe=0,bucket=0,pool=0,candidate=0
PROJECT_STEP,n=16,duplicates=true,query=0,step=438,probe=0,bucket=0,pool=0,candidate=1
PROJECT_STEP,n=16,duplicates=true,query=0,step=439,probe=0,bucket=0,pool=0,candidate=0
PROJECT_STEP,n=16,duplicates=true,query=0,step=440,probe=0,bucket=0,pool=0,candidate=1
PROJECT_STEP,n=16,duplicates=true,query=0,step=441,probe=0,bucket=0,pool=0,candidate=0
PROJECT_STEP,n=16,duplicates=true,query=0,step=442,probe=0,bucket=0,pool=0,candidate=1
PROJECT_STEP,n=16,duplicates=true,query=0,step=443,probe=0,bucket=0,pool=0,candidate=0
PROJECT_STEP,n=16,duplicates=true,query=0,step=444,probe=0,bucket=0,pool=0,candidate=1
PROJECT_STEP,n=16,duplicates=true,query=0,step=445,probe=0,bucket=0,pool=0,candidate=0
PROJECT_STEP,n=16,duplicates=true,query=0,step=446,probe=0,bucket=0,pool=0,candidate=1
PROJECT_STEP,n=16,duplicates=true,query=0,step=447,probe=0,bucket=0,pool=0,candidate=0
PROJECT_STEP,n=16,duplicates=true,query=0,step=448,probe=0,bucket=0,pool=0,candidate=1
PROJECT_STEP,n=16,duplicates=true,query=0,step=449,probe=0,bucket=0,pool=0,candidate=0
PROJECT_STEP,n=16,duplicates=true,query=0,step=450,probe=0,bucket=0,pool=0,candidate=1
PROJECT_STEP,n=16,duplicates=true,query=0,step=451,probe=0,bucket=0,pool=0,candidate=0
PROJECT_STEP,n=16,duplicates=true,query=0,step=452,probe=0,bucket=0,pool=0,candidate=1
PROJECT_STEP,n=16,duplicates=true,query=0,step=453,probe=0,bucket=0,pool=0,candidate=0
PROJECT_STEP,n=16,duplicates=true,query=0,step=454,probe=0,bucket=0,pool=0,candidate=1
PROJECT_STEP,n=16,duplicates=true,query=0,step=455,probe=0,bucket=0,pool=0,candidate=0
PROJECT_STEP,n=16,duplicates=true,query=0,step=456,probe=0,bucket=0,pool=0,candidate=0
PROJECT_STEP,n=16,duplicates=true,query=0,step=457,probe=0,bucket=0,pool=0,candidate=1
PROJECT_STEP,n=16,duplicates=true,query=0,step=458,probe=0,bucket=15,pool=0,candidate=1
PROJECT_STEP,n=16,duplicates=true,query=0,step=459,probe=0,bucket=0,pool=0,candidate=0
PROJECT_STEP,n=16,duplicates=true,query=0,step=460,probe=0,bucket=0,pool=0,candidate=1
PROJECT_STEP,n=16,duplicates=true,query=0,step=461,probe=0,bucket=0,pool=0,candidate=0
PROJECT_STEP,n=16,duplicates=true,query=0,step=462,probe=0,bucket=0,pool=0,candidate=1
PROJECT_STEP,n=16,duplicates=true,query=0,step=463,probe=0,bucket=0,pool=0,candidate=0
PROJECT_STEP,n=16,duplicates=true,query=0,step=464,probe=0,bucket=0,pool=0,candidate=1
PROJECT_STEP,n=16,duplicates=true,query=0,step=465,probe=0,bucket=0,pool=0,candidate=0
PROJECT_STEP,n=16,duplicates=true,query=0,step=466,probe=0,bucket=0,pool=0,candidate=1
PROJECT_STEP,n=16,duplicates=true,query=0,step=467,probe=0,bucket=0,pool=0,candidate=0
PROJECT_STEP,n=16,duplicates=true,query=0,step=468,probe=0,bucket=0,pool=0,candidate=1
PROJECT_STEP,n=16,duplicates=true,query=0,step=469,probe=0,bucket=0,pool=0,candidate=0
PROJECT_STEP,n=16,duplicates=true,query=0,step=470,probe=0,bucket=0,pool=0,candidate=1
PROJECT_STEP,n=16,duplicates=true,query=0,step=471,probe=0,bucket=0,pool=0,candidate=0
PROJECT_STEP,n=16,duplicates=true,query=0,step=472,probe=0,bucket=0,pool=0,candidate=1
PROJECT_STEP,n=16,duplicates=true,query=0,step=473,probe=0,bucket=0,pool=0,candidate=0
PROJECT_STEP,n=16,duplicates=true,query=0,step=474,probe=0,bucket=0,pool=0,candidate=1
PROJECT_STEP,n=16,duplicates=true,query=0,step=475,probe=0,bucket=0,pool=0,candidate=0
PROJECT_STEP,n=16,duplicates=true,query=0,step=476,probe=0,bucket=0,pool=0,candidate=1
PROJECT_STEP,n=16,duplicates=true,query=0,step=477,probe=0,bucket=0,pool=0,candidate=0
PROJECT_STEP,n=16,duplicates=true,query=0,step=478,probe=0,bucket=0,pool=0,candidate=1
PROJECT_STEP,n=16,duplicates=true,query=0,step=479,probe=0,bucket=0,pool=0,candidate=0
PROJECT_STEP,n=16,duplicates=true,query=0,step=480,probe=0,bucket=0,pool=0,candidate=1
PROJECT_STEP,n=16,duplicates=true,query=0,step=481,probe=0,bucket=0,pool=0,candidate=0
PROJECT_STEP,n=16,duplicates=true,query=0,step=482,probe=0,bucket=0,pool=0,candidate=1
PROJECT_STEP,n=16,duplicates=true,query=0,step=483,probe=0,bucket=0,pool=0,candidate=0
PROJECT_STEP,n=16,duplicates=true,query=0,step=484,probe=0,bucket=0,pool=0,candidate=1
PROJECT_STEP,n=16,duplicates=true,query=0,step=485,probe=0,bucket=0,pool=0,candidate=0
PROJECT_STEP,n=16,duplicates=true,query=0,step=486,probe=0,bucket=0,pool=0,candidate=1
PROJECT_STEP,n=16,duplicates=true,query=0,step=487,probe=0,bucket=0,pool=0,candidate=0
PROJECT_STEP,n=16,duplicates=true,query=0,step=488,probe=0,bucket=0,pool=0,candidate=0
PROJECT_STEP,n=16,duplicates=true,query=0,step=489,probe=0,bucket=0,pool=0,candidate=1
PROJECT_STEP,n=16,duplicates=true,query=0,step=490,probe=0,bucket=15,pool=0,candidate=1
PROJECT_STEP,n=16,duplicates=true,query=0,step=491,probe=0,bucket=0,pool=0,candidate=0
PROJECT_STEP,n=16,duplicates=true,query=0,step=492,probe=0,bucket=0,pool=0,candidate=1
PROJECT_STEP,n=16,duplicates=true,query=0,step=493,probe=0,bucket=0,pool=0,candidate=0
PROJECT_STEP,n=16,duplicates=true,query=0,step=494,probe=0,bucket=0,pool=0,candidate=1
PROJECT_STEP,n=16,duplicates=true,query=0,step=495,probe=0,bucket=0,pool=0,candidate=0
PROJECT_STEP,n=16,duplicates=true,query=0,step=496,probe=0,bucket=0,pool=0,candidate=1
PROJECT_STEP,n=16,duplicates=true,query=0,step=497,probe=0,bucket=0,pool=0,candidate=0
PROJECT_STEP,n=16,duplicates=true,query=0,step=498,probe=0,bucket=0,pool=0,candidate=1
PROJECT_STEP,n=16,duplicates=true,query=0,step=499,probe=0,bucket=0,pool=0,candidate=0
PROJECT_STEP,n=16,duplicates=true,query=0,step=500,probe=0,bucket=0,pool=0,candidate=1
PROJECT_STEP,n=16,duplicates=true,query=0,step=501,probe=0,bucket=0,pool=0,candidate=0
PROJECT_STEP,n=16,duplicates=true,query=0,step=502,probe=0,bucket=0,pool=0,candidate=1
PROJECT_STEP,n=16,duplicates=true,query=0,step=503,probe=0,bucket=0,pool=0,candidate=0
PROJECT_STEP,n=16,duplicates=true,query=0,step=504,probe=0,bucket=0,pool=0,candidate=1
PROJECT_STEP,n=16,duplicates=true,query=0,step=505,probe=0,bucket=0,pool=0,candidate=0
PROJECT_STEP,n=16,duplicates=true,query=0,step=506,probe=0,bucket=0,pool=0,candidate=1
PROJECT_STEP,n=16,duplicates=true,query=0,step=507,probe=0,bucket=0,pool=0,candidate=0
PROJECT_STEP,n=16,duplicates=true,query=0,step=508,probe=0,bucket=0,pool=0,candidate=1
PROJECT_STEP,n=16,duplicates=true,query=0,step=509,probe=0,bucket=0,pool=0,candidate=0
PROJECT_STEP,n=16,duplicates=true,query=0,step=510,probe=0,bucket=0,pool=0,candidate=1
PROJECT_STEP,n=16,duplicates=true,query=0,step=511,probe=0,bucket=0,pool=0,candidate=0
PROJECT_STEP,n=16,duplicates=true,query=0,step=512,probe=0,bucket=0,pool=0,candidate=1
PROJECT_STEP,n=16,duplicates=true,query=0,step=513,probe=0,bucket=0,pool=0,candidate=0
PROJECT_STEP,n=16,duplicates=true,query=0,step=514,probe=0,bucket=0,pool=0,candidate=1
PROJECT_STEP,n=16,duplicates=true,query=0,step=515,probe=0,bucket=0,pool=0,candidate=0
PROJECT_STEP,n=16,duplicates=true,query=0,step=516,probe=0,bucket=0,pool=0,candidate=1
PROJECT_STEP,n=16,duplicates=true,query=0,step=517,probe=0,bucket=0,pool=0,candidate=0
PROJECT_STEP,n=16,duplicates=true,query=0,step=518,probe=0,bucket=0,pool=0,candidate=1
PROJECT_STEP,n=16,duplicates=true,query=0,step=519,probe=0,bucket=0,pool=0,candidate=0
PROJECT_STEP,n=16,duplicates=true,query=0,step=520,probe=0,bucket=0,pool=0,candidate=0
PROJECT_STEP,n=16,duplicates=true,query=0,step=521,probe=0,bucket=0,pool=0,candidate=1
PROJECT_STEP,n=16,duplicates=true,query=0,step=522,probe=0,bucket=15,pool=0,candidate=1
PROJECT_STEP,n=16,duplicates=true,query=0,step=523,probe=0,bucket=0,pool=0,candidate=0
PROJECT_STEP,n=16,duplicates=true,query=0,step=524,probe=0,bucket=0,pool=0,candidate=1
PROJECT_STEP,n=16,duplicates=true,query=0,step=525,probe=0,bucket=0,pool=0,candidate=0
PROJECT_STEP,n=16,duplicates=true,query=0,step=526,probe=0,bucket=0,pool=0,candidate=1
PROJECT_STEP,n=16,duplicates=true,query=0,step=527,probe=0,bucket=0,pool=0,candidate=0
PROJECT_STEP,n=16,duplicates=true,query=0,step=528,probe=0,bucket=0,pool=0,candidate=1
PROJECT_STEP,n=16,duplicates=true,query=0,step=529,probe=0,bucket=0,pool=0,candidate=0
PROJECT_STEP,n=16,duplicates=true,query=0,step=530,probe=0,bucket=0,pool=0,candidate=1
PROJECT_STEP,n=16,duplicates=true,query=0,step=531,probe=0,bucket=0,pool=0,candidate=0
PROJECT_STEP,n=16,duplicates=true,query=0,step=532,probe=0,bucket=0,pool=0,candidate=1
PROJECT_STEP,n=16,duplicates=true,query=0,step=533,probe=0,bucket=0,pool=0,candidate=0
PROJECT_STEP,n=16,duplicates=true,query=0,step=534,probe=0,bucket=0,pool=0,candidate=1
PROJECT_STEP,n=16,duplicates=true,query=0,step=535,probe=0,bucket=0,pool=0,candidate=0
PROJECT_STEP,n=16,duplicates=true,query=0,step=536,probe=0,bucket=0,pool=0,candidate=1
PROJECT_STEP,n=16,duplicates=true,query=0,step=537,probe=0,bucket=0,pool=0,candidate=0
PROJECT_STEP,n=16,duplicates=true,query=0,step=538,probe=0,bucket=0,pool=0,candidate=1
PROJECT_STEP,n=16,duplicates=true,query=0,step=539,probe=0,bucket=0,pool=0,candidate=0
PROJECT_STEP,n=16,duplicates=true,query=0,step=540,probe=0,bucket=0,pool=0,candidate=1
PROJECT_STEP,n=16,duplicates=true,query=0,step=541,probe=0,bucket=0,pool=0,candidate=0
PROJECT_STEP,n=16,duplicates=true,query=0,step=542,probe=0,bucket=0,pool=0,candidate=1
PROJECT_STEP,n=16,duplicates=true,query=0,step=543,probe=0,bucket=0,pool=0,candidate=0
PROJECT_STEP,n=16,duplicates=true,query=0,step=544,probe=0,bucket=0,pool=0,candidate=1
PROJECT_STEP,n=16,duplicates=true,query=0,step=545,probe=0,bucket=0,pool=0,candidate=0
PROJECT_STEP,n=16,duplicates=true,query=0,step=546,probe=0,bucket=0,pool=0,candidate=1
PROJECT_STEP,n=16,duplicates=true,query=0,step=547,probe=0,bucket=0,pool=0,candidate=0
PROJECT_STEP,n=16,duplicates=true,query=0,step=548,probe=0,bucket=0,pool=0,candidate=1
PROJECT_STEP,n=16,duplicates=true,query=0,step=549,probe=0,bucket=0,pool=0,candidate=0
PROJECT_STEP,n=16,duplicates=true,query=0,step=550,probe=0,bucket=0,pool=0,candidate=1
PROJECT_STEP,n=16,duplicates=true,query=0,step=551,probe=0,bucket=0,pool=0,candidate=0
PROJECT_STEP,n=16,duplicates=true,query=0,step=552,probe=0,bucket=0,pool=0,candidate=0
PROJECT_STEP,n=16,duplicates=true,query=0,step=553,probe=0,bucket=0,pool=0,candidate=0
PROJECT_STEP,n=16,duplicates=true,query=0,step=554,probe=0,bucket=0,pool=0,candidate=0
PROJECT_STEP,n=16,duplicates=true,query=0,step=555,probe=0,bucket=0,pool=0,candidate=0

thread 'repeated_projection_preserves_occurrences_and_records_each_step' (87) panicked at research/chr-compiled/tests/probe_projection.rs:69:86:
max bucket entries 255 at n=16
note: run with `RUST_BACKTRACE=1` environment variable to display a backtrace


failures:
    repeated_projection_preserves_occurrences_and_records_each_step

test result: FAILED. 0 passed; 1 failed; 0 ignored; 0 measured; 0 filtered out; finished in 0.00s

error: test failed, to rerun pass `-p chr-compiled --test probe_projection`
