    Checking chr-programs v0.1.0 (/home/ahart/Documents/CHRLang/crates/chr-programs)
    Checking chr-reuse v0.1.0 (/home/ahart/Documents/CHRLang/research/chr-reuse)
    Checking chr-direct-conditional v0.1.0 (/home/ahart/Documents/CHRLang/research/chr-direct-conditional)
    Checking chr-reference v0.1.0 (/home/ahart/Documents/CHRLang/crates/chr-reference)
    Checking chr-cases v0.1.0 (/home/ahart/Documents/CHRLang/research/chr-cases)
error: large size difference between variants
  --> research/chr-reuse/tests/consumer_pressure.rs:28:1
   |
28 | / enum Service {
29 | |     Existing(Running),
   | |     ----------------- the second-largest variant contains at least 56 bytes
30 | |     Conditional(chr_direct_conditional::engine::Engine),
   | |     --------------------------------------------------- the largest variant contains at least 2832 bytes
31 | | }
   | |_^ the entire enum is at least 2832 bytes
   |
   = help: for further information visit https://rust-lang.github.io/rust-clippy/rust-1.97.0/index.html#large_enum_variant
   = note: `-D clippy::large-enum-variant` implied by `-D warnings`
   = help: to override `-D warnings` add `#[allow(clippy::large_enum_variant)]`
help: consider boxing the large fields or introducing indirection in some other way to reduce the total size of the enum
   |
30 -     Conditional(chr_direct_conditional::engine::Engine),
30 +     Conditional(Box<chr_direct_conditional::engine::Engine>),
   |

error: could not compile `chr-reuse` (test "consumer_pressure") due to 1 previous error
