
running 1 test
active alphabet=Binary reject=false depth=0 two=false token_first=false access=Scan expected_raw=1 actual_raw=1 agrees=false
active alphabet=Binary reject=false depth=0 two=false token_first=false access=Indexed expected_raw=1 actual_raw=1 agrees=false
active alphabet=Binary reject=false depth=0 two=false token_first=true access=Scan expected_raw=1 actual_raw=1 agrees=true
active alphabet=Binary reject=false depth=0 two=false token_first=true access=Indexed expected_raw=1 actual_raw=1 agrees=true
active alphabet=Binary reject=false depth=1 two=false token_first=false access=Scan expected_raw=2 actual_raw=2 agrees=false
active alphabet=Binary reject=false depth=1 two=false token_first=false access=Indexed expected_raw=2 actual_raw=2 agrees=false
active alphabet=Binary reject=false depth=1 two=false token_first=true access=Scan expected_raw=2 actual_raw=2 agrees=true
active alphabet=Binary reject=false depth=1 two=false token_first=true access=Indexed expected_raw=2 actual_raw=2 agrees=true
active alphabet=Binary reject=false depth=2 two=false token_first=false access=Scan expected_raw=4 actual_raw=4 agrees=false
active alphabet=Binary reject=false depth=2 two=false token_first=false access=Indexed expected_raw=4 actual_raw=4 agrees=false
active alphabet=Binary reject=false depth=2 two=false token_first=true access=Scan expected_raw=4 actual_raw=4 agrees=true
active alphabet=Binary reject=false depth=2 two=false token_first=true access=Indexed expected_raw=4 actual_raw=4 agrees=true
active alphabet=Binary reject=false depth=3 two=false token_first=false access=Scan expected_raw=8 actual_raw=8 agrees=false
active alphabet=Binary reject=false depth=3 two=false token_first=false access=Indexed expected_raw=8 actual_raw=8 agrees=false
active alphabet=Binary reject=false depth=3 two=false token_first=true access=Scan expected_raw=8 actual_raw=8 agrees=true
active alphabet=Binary reject=false depth=3 two=false token_first=true access=Indexed expected_raw=8 actual_raw=8 agrees=true
active alphabet=Binary reject=false depth=1 two=true token_first=false access=Scan expected_raw=4 actual_raw=4 agrees=false
active alphabet=Binary reject=false depth=1 two=true token_first=false access=Indexed expected_raw=4 actual_raw=4 agrees=false
active alphabet=Binary reject=false depth=1 two=true token_first=true access=Scan expected_raw=4 actual_raw=4 agrees=true
active alphabet=Binary reject=false depth=1 two=true token_first=true access=Indexed expected_raw=4 actual_raw=4 agrees=true
active alphabet=Binary reject=false depth=2 two=true token_first=false access=Scan expected_raw=16 actual_raw=16 agrees=false
active alphabet=Binary reject=false depth=2 two=true token_first=false access=Indexed expected_raw=16 actual_raw=16 agrees=false
active alphabet=Binary reject=false depth=2 two=true token_first=true access=Scan expected_raw=16 actual_raw=16 agrees=true
active alphabet=Binary reject=false depth=2 two=true token_first=true access=Indexed expected_raw=16 actual_raw=16 agrees=true
active alphabet=Nested reject=false depth=1 two=false token_first=false access=Scan expected_raw=3 actual_raw=3 agrees=false
active alphabet=Nested reject=false depth=1 two=false token_first=false access=Indexed expected_raw=3 actual_raw=3 agrees=false
active alphabet=Nested reject=false depth=1 two=false token_first=true access=Scan expected_raw=3 actual_raw=3 agrees=true
active alphabet=Nested reject=false depth=1 two=false token_first=true access=Indexed expected_raw=3 actual_raw=3 agrees=true
active alphabet=Nested reject=false depth=2 two=false token_first=false access=Scan expected_raw=9 actual_raw=9 agrees=false
active alphabet=Nested reject=false depth=2 two=false token_first=false access=Indexed expected_raw=9 actual_raw=9 agrees=false
active alphabet=Nested reject=false depth=2 two=false token_first=true access=Scan expected_raw=9 actual_raw=9 agrees=true
active alphabet=Nested reject=false depth=2 two=false token_first=true access=Indexed expected_raw=9 actual_raw=9 agrees=true
active alphabet=Nested reject=false depth=2 two=true token_first=false access=Scan expected_raw=81 actual_raw=81 agrees=false
active alphabet=Nested reject=false depth=2 two=true token_first=false access=Indexed expected_raw=81 actual_raw=81 agrees=false
active alphabet=Nested reject=false depth=2 two=true token_first=true access=Scan expected_raw=81 actual_raw=81 agrees=true
active alphabet=Nested reject=false depth=2 two=true token_first=true access=Indexed expected_raw=81 actual_raw=81 agrees=true
active alphabet=Duplicate reject=false depth=1 two=false token_first=false access=Scan expected_raw=2 actual_raw=2 agrees=false
active alphabet=Duplicate reject=false depth=1 two=false token_first=false access=Indexed expected_raw=2 actual_raw=2 agrees=false
active alphabet=Duplicate reject=false depth=1 two=false token_first=true access=Scan expected_raw=2 actual_raw=2 agrees=true
active alphabet=Duplicate reject=false depth=1 two=false token_first=true access=Indexed expected_raw=2 actual_raw=2 agrees=true
active alphabet=Duplicate reject=false depth=2 two=false token_first=false access=Scan expected_raw=4 actual_raw=4 agrees=false
active alphabet=Duplicate reject=false depth=2 two=false token_first=false access=Indexed expected_raw=4 actual_raw=4 agrees=false
active alphabet=Duplicate reject=false depth=2 two=false token_first=true access=Scan expected_raw=4 actual_raw=4 agrees=true
active alphabet=Duplicate reject=false depth=2 two=false token_first=true access=Indexed expected_raw=4 actual_raw=4 agrees=true
active alphabet=Duplicate reject=false depth=3 two=false token_first=false access=Scan expected_raw=8 actual_raw=8 agrees=false
active alphabet=Duplicate reject=false depth=3 two=false token_first=false access=Indexed expected_raw=8 actual_raw=8 agrees=false
active alphabet=Duplicate reject=false depth=3 two=false token_first=true access=Scan expected_raw=8 actual_raw=8 agrees=true
active alphabet=Duplicate reject=false depth=3 two=false token_first=true access=Indexed expected_raw=8 actual_raw=8 agrees=true
active alphabet=Binary reject=true depth=1 two=false token_first=false access=Scan expected_raw=1 actual_raw=1 agrees=false
active alphabet=Binary reject=true depth=1 two=false token_first=false access=Indexed expected_raw=1 actual_raw=1 agrees=false
active alphabet=Binary reject=true depth=1 two=false token_first=true access=Scan expected_raw=1 actual_raw=1 agrees=true
active alphabet=Binary reject=true depth=1 two=false token_first=true access=Indexed expected_raw=1 actual_raw=1 agrees=true
active alphabet=Binary reject=true depth=2 two=false token_first=false access=Scan expected_raw=2 actual_raw=2 agrees=false
active alphabet=Binary reject=true depth=2 two=false token_first=false access=Indexed expected_raw=2 actual_raw=2 agrees=false
active alphabet=Binary reject=true depth=2 two=false token_first=true access=Scan expected_raw=2 actual_raw=2 agrees=true
active alphabet=Binary reject=true depth=2 two=false token_first=true access=Indexed expected_raw=2 actual_raw=2 agrees=true
active agreements=28/56; this is a diagnostic, not admission of mismatched cases
test active_policy_word_screen_records_complete_answer_agreement ... ok

test result: ok. 1 passed; 0 failed; 0 ignored; 0 measured; 10 filtered out; finished in 0.03s

   Compiling chr-direct-conditional v0.1.0 (/home/ahart/Documents/CHRLang/research/chr-direct-conditional)
    Finished `test` profile [unoptimized + debuginfo] target(s) in 0.23s
     Running tests/direct_graph_entry.rs (target/debug/deps/direct_graph_entry-3daf60ba41bb91ed)
