   Compiling chr-relational v0.1.0 (/home/ahart/Documents/CHRLang/research/chr-relational)
    Finished `test` profile [unoptimized + debuginfo] target(s) in 0.82s
     Running tests/read_near_miss.rs (target/s02-read-near-gate/debug/deps/read_near_miss-a5d19451af72a0ec)

running 2 tests
NEAR_OPERATION,1,0,0,0
NEAR_OPERATION,8,0,0,0
NEAR_SOURCE,1,1,unique,false,false,plain,0,0,0
NEAR_OPERATION,8,1,1,1
NEAR_SOURCE,1,1,unique,false,false,exact,0,0,0
NEAR_SOURCE,1,1,unique,false,false,relevant,0,0,0
NEAR_OPERATION,8,2,2,2
NEAR_SOURCE,1,1,unique,false,false,persistent-relevant,0,0,0
NEAR_OPERATION,8,3,3,3
NEAR_SOURCE,1,1,unique,false,false,validated,0,0,0
NEAR_SOURCE,1,1,unique,false,false,persistent-validated,0,0,0
NEAR_OPERATION,8,4,4,4
NEAR_OPERATION,8,5,5,5
NEAR_OPERATION,8,6,6,6
NEAR_OPERATION,8,7,7,7
NEAR_SOURCE,1,1,unique,false,true,plain,0,0,0
NEAR_SOURCE,1,1,unique,false,true,exact,0,0,0
NEAR_OPERATION,32,0,0,0
NEAR_SOURCE,1,1,unique,false,true,relevant,0,0,0
NEAR_SOURCE,1,1,unique,false,true,persistent-relevant,0,0,0
NEAR_OPERATION,32,1,1,1
NEAR_SOURCE,1,1,unique,false,true,validated,0,0,0
NEAR_OPERATION,32,2,2,2
NEAR_SOURCE,1,1,unique,false,true,persistent-validated,0,0,0
NEAR_OPERATION,32,3,3,3
NEAR_OPERATION,32,4,4,4
NEAR_OPERATION,32,5,5,5
NEAR_SOURCE,1,1,unique,true,false,plain,0,0,0
NEAR_OPERATION,32,6,6,6
NEAR_SOURCE,1,1,unique,true,false,exact,0,0,0
NEAR_OPERATION,32,7,7,7
NEAR_SOURCE,1,1,unique,true,false,relevant,0,0,0
NEAR_SOURCE,1,1,unique,true,false,persistent-relevant,0,0,0
NEAR_OPERATION,32,8,8,8
NEAR_SOURCE,1,1,unique,true,false,validated,0,0,0
NEAR_SOURCE,1,1,unique,true,false,persistent-validated,0,0,0
NEAR_OPERATION,32,9,9,9
NEAR_OPERATION,32,10,10,10
NEAR_OPERATION,32,11,11,11
NEAR_OPERATION,32,12,12,12
NEAR_SOURCE,1,1,unique,true,true,plain,0,0,0
NEAR_SOURCE,1,1,unique,true,true,exact,0,0,0
NEAR_OPERATION,32,13,13,13
NEAR_SOURCE,1,1,unique,true,true,relevant,0,0,0
NEAR_SOURCE,1,1,unique,true,true,persistent-relevant,0,0,0
NEAR_OPERATION,32,14,14,14
NEAR_SOURCE,1,1,unique,true,true,validated,0,0,0
NEAR_OPERATION,32,15,15,15
NEAR_SOURCE,1,1,unique,true,true,persistent-validated,0,0,0
NEAR_OPERATION,32,16,16,16
NEAR_OPERATION,32,17,17,17
NEAR_SOURCE,1,1,repeated,false,false,plain,0,0,0
NEAR_OPERATION,32,18,18,18
NEAR_SOURCE,1,1,repeated,false,false,exact,0,0,0
NEAR_SOURCE,1,1,repeated,false,false,relevant,0,0,0
NEAR_OPERATION,32,19,19,19
NEAR_SOURCE,1,1,repeated,false,false,persistent-relevant,0,0,0
NEAR_SOURCE,1,1,repeated,false,false,validated,0,0,0
NEAR_OPERATION,32,20,20,20
NEAR_SOURCE,1,1,repeated,false,false,persistent-validated,0,0,0
NEAR_OPERATION,32,21,21,21
NEAR_OPERATION,32,22,22,22
NEAR_SOURCE,1,1,repeated,false,true,plain,0,0,0
NEAR_OPERATION,32,23,23,23
NEAR_SOURCE,1,1,repeated,false,true,exact,0,0,0
NEAR_SOURCE,1,1,repeated,false,true,relevant,0,0,0
NEAR_OPERATION,32,24,24,24
NEAR_SOURCE,1,1,repeated,false,true,persistent-relevant,0,0,0
NEAR_SOURCE,1,1,repeated,false,true,validated,0,0,0
NEAR_OPERATION,32,25,25,25
NEAR_SOURCE,1,1,repeated,false,true,persistent-validated,0,0,0
NEAR_OPERATION,32,26,26,26
NEAR_OPERATION,32,27,27,27
NEAR_SOURCE,1,1,repeated,true,false,plain,0,0,0
NEAR_OPERATION,32,28,28,28
NEAR_SOURCE,1,1,repeated,true,false,exact,0,0,0
NEAR_SOURCE,1,1,repeated,true,false,relevant,0,0,0
NEAR_OPERATION,32,29,29,29
NEAR_SOURCE,1,1,repeated,true,false,persistent-relevant,0,0,0
NEAR_SOURCE,1,1,repeated,true,false,validated,0,0,0
NEAR_OPERATION,32,30,30,30
NEAR_SOURCE,1,1,repeated,true,false,persistent-validated,0,0,0
NEAR_OPERATION,32,31,31,31
test same_inputs_examine_each_prior_incompatible_context ... ok
NEAR_SOURCE,1,1,repeated,true,true,plain,0,0,0
NEAR_SOURCE,1,1,repeated,true,true,exact,0,0,0
NEAR_SOURCE,1,1,repeated,true,true,relevant,0,0,0
NEAR_SOURCE,1,1,repeated,true,true,persistent-relevant,0,0,0
NEAR_SOURCE,1,1,repeated,true,true,validated,0,0,0
NEAR_SOURCE,1,1,repeated,true,true,persistent-validated,0,0,0
NEAR_SOURCE,1,1,mixed,false,false,plain,0,0,0
NEAR_SOURCE,1,1,mixed,false,false,exact,0,0,0
NEAR_SOURCE,1,1,mixed,false,false,relevant,0,0,0
NEAR_SOURCE,1,1,mixed,false,false,persistent-relevant,0,0,0
NEAR_SOURCE,1,1,mixed,false,false,validated,0,0,0
NEAR_SOURCE,1,1,mixed,false,false,persistent-validated,0,0,0
NEAR_SOURCE,1,1,mixed,false,true,plain,0,0,0
NEAR_SOURCE,1,1,mixed,false,true,exact,0,0,0
NEAR_SOURCE,1,1,mixed,false,true,relevant,0,0,0
NEAR_SOURCE,1,1,mixed,false,true,persistent-relevant,0,0,0
NEAR_SOURCE,1,1,mixed,false,true,validated,0,0,0
NEAR_SOURCE,1,1,mixed,false,true,persistent-validated,0,0,0
NEAR_SOURCE,1,1,mixed,true,false,plain,0,0,0
NEAR_SOURCE,1,1,mixed,true,false,exact,0,0,0
NEAR_SOURCE,1,1,mixed,true,false,relevant,0,0,0
NEAR_SOURCE,1,1,mixed,true,false,persistent-relevant,0,0,0
NEAR_SOURCE,1,1,mixed,true,false,validated,0,0,0
NEAR_SOURCE,1,1,mixed,true,false,persistent-validated,0,0,0
NEAR_SOURCE,1,1,mixed,true,true,plain,0,0,0
NEAR_SOURCE,1,1,mixed,true,true,exact,0,0,0
NEAR_SOURCE,1,1,mixed,true,true,relevant,0,0,0
NEAR_SOURCE,1,1,mixed,true,true,persistent-relevant,0,0,0
NEAR_SOURCE,1,1,mixed,true,true,validated,0,0,0
NEAR_SOURCE,1,1,mixed,true,true,persistent-validated,0,0,0
NEAR_SOURCE,1,8,unique,false,false,plain,0,0,0
NEAR_SOURCE,1,8,unique,false,false,exact,0,0,0
NEAR_SOURCE,1,8,unique,false,false,relevant,0,0,0
NEAR_SOURCE,1,8,unique,false,false,persistent-relevant,0,0,0
NEAR_SOURCE,1,8,unique,false,false,validated,0,0,0
NEAR_SOURCE,1,8,unique,false,false,persistent-validated,0,0,0
NEAR_SOURCE,1,8,unique,false,true,plain,0,0,0
NEAR_SOURCE,1,8,unique,false,true,exact,0,0,0
NEAR_SOURCE,1,8,unique,false,true,relevant,0,0,0
NEAR_SOURCE,1,8,unique,false,true,persistent-relevant,0,0,0
NEAR_SOURCE,1,8,unique,false,true,validated,0,0,0
NEAR_SOURCE,1,8,unique,false,true,persistent-validated,0,0,0
NEAR_SOURCE,1,8,unique,true,false,plain,0,0,0
NEAR_SOURCE,1,8,unique,true,false,exact,0,0,0
NEAR_SOURCE,1,8,unique,true,false,relevant,0,0,0
NEAR_SOURCE,1,8,unique,true,false,persistent-relevant,0,0,0
NEAR_SOURCE,1,8,unique,true,false,validated,0,0,0
NEAR_SOURCE,1,8,unique,true,false,persistent-validated,0,0,0
NEAR_SOURCE,1,8,unique,true,true,plain,0,0,0
NEAR_SOURCE,1,8,unique,true,true,exact,0,0,0
NEAR_SOURCE,1,8,unique,true,true,relevant,0,0,0
NEAR_SOURCE,1,8,unique,true,true,persistent-relevant,0,0,0
NEAR_SOURCE,1,8,unique,true,true,validated,0,0,0
NEAR_SOURCE,1,8,unique,true,true,persistent-validated,0,0,0
NEAR_SOURCE,1,8,repeated,false,false,plain,0,0,0
NEAR_SOURCE,1,8,repeated,false,false,exact,0,0,0
NEAR_SOURCE,1,8,repeated,false,false,relevant,0,0,0
NEAR_SOURCE,1,8,repeated,false,false,persistent-relevant,0,0,0
NEAR_SOURCE,1,8,repeated,false,false,validated,0,0,0
NEAR_SOURCE,1,8,repeated,false,false,persistent-validated,0,0,0
NEAR_SOURCE,1,8,repeated,false,true,plain,0,0,0
NEAR_SOURCE,1,8,repeated,false,true,exact,0,0,0
NEAR_SOURCE,1,8,repeated,false,true,relevant,0,0,0
NEAR_SOURCE,1,8,repeated,false,true,persistent-relevant,0,0,0
NEAR_SOURCE,1,8,repeated,false,true,validated,0,0,0
NEAR_SOURCE,1,8,repeated,false,true,persistent-validated,0,0,0
NEAR_SOURCE,1,8,repeated,true,false,plain,0,0,0
NEAR_SOURCE,1,8,repeated,true,false,exact,0,0,0
NEAR_SOURCE,1,8,repeated,true,false,relevant,0,0,0
NEAR_SOURCE,1,8,repeated,true,false,persistent-relevant,0,0,0
NEAR_SOURCE,1,8,repeated,true,false,validated,0,0,0
NEAR_SOURCE,1,8,repeated,true,false,persistent-validated,0,0,0
NEAR_SOURCE,1,8,repeated,true,true,plain,0,0,0
NEAR_SOURCE,1,8,repeated,true,true,exact,0,0,0
NEAR_SOURCE,1,8,repeated,true,true,relevant,0,0,0
NEAR_SOURCE,1,8,repeated,true,true,persistent-relevant,0,0,0
NEAR_SOURCE,1,8,repeated,true,true,validated,0,0,0
NEAR_SOURCE,1,8,repeated,true,true,persistent-validated,0,0,0
NEAR_SOURCE,1,8,mixed,false,false,plain,0,0,0
NEAR_SOURCE,1,8,mixed,false,false,exact,0,0,0
NEAR_SOURCE,1,8,mixed,false,false,relevant,0,0,0
NEAR_SOURCE,1,8,mixed,false,false,persistent-relevant,0,0,0
NEAR_SOURCE,1,8,mixed,false,false,validated,0,0,0
NEAR_SOURCE,1,8,mixed,false,false,persistent-validated,0,0,0
NEAR_SOURCE,1,8,mixed,false,true,plain,0,0,0
NEAR_SOURCE,1,8,mixed,false,true,exact,0,0,0
NEAR_SOURCE,1,8,mixed,false,true,relevant,0,0,0
NEAR_SOURCE,1,8,mixed,false,true,persistent-relevant,0,0,0
NEAR_SOURCE,1,8,mixed,false,true,validated,0,0,0
NEAR_SOURCE,1,8,mixed,false,true,persistent-validated,0,0,0
NEAR_SOURCE,1,8,mixed,true,false,plain,0,0,0
NEAR_SOURCE,1,8,mixed,true,false,exact,0,0,0
NEAR_SOURCE,1,8,mixed,true,false,relevant,0,0,0
NEAR_SOURCE,1,8,mixed,true,false,persistent-relevant,0,0,0
NEAR_SOURCE,1,8,mixed,true,false,validated,0,0,0
NEAR_SOURCE,1,8,mixed,true,false,persistent-validated,0,0,0
NEAR_SOURCE,1,8,mixed,true,true,plain,0,0,0
NEAR_SOURCE,1,8,mixed,true,true,exact,0,0,0
NEAR_SOURCE,1,8,mixed,true,true,relevant,0,0,0
NEAR_SOURCE,1,8,mixed,true,true,persistent-relevant,0,0,0
NEAR_SOURCE,1,8,mixed,true,true,validated,0,0,0
NEAR_SOURCE,1,8,mixed,true,true,persistent-validated,0,0,0
NEAR_SOURCE,8,1,unique,false,false,plain,0,0,0
NEAR_SOURCE,8,1,unique,false,false,exact,0,0,0
NEAR_SOURCE,8,1,unique,false,false,relevant,0,0,0
NEAR_SOURCE,8,1,unique,false,false,persistent-relevant,0,0,0
NEAR_SOURCE,8,1,unique,false,false,validated,49,49,0
NEAR_SOURCE,8,1,unique,false,false,persistent-validated,49,49,0
NEAR_SOURCE,8,1,unique,false,true,plain,0,0,0
NEAR_SOURCE,8,1,unique,false,true,exact,0,0,0
NEAR_SOURCE,8,1,unique,false,true,relevant,0,0,0
NEAR_SOURCE,8,1,unique,false,true,persistent-relevant,0,0,0
NEAR_SOURCE,8,1,unique,false,true,validated,49,49,0
NEAR_SOURCE,8,1,unique,false,true,persistent-validated,49,49,0
NEAR_SOURCE,8,1,unique,true,false,plain,0,0,0
NEAR_SOURCE,8,1,unique,true,false,exact,0,0,0
NEAR_SOURCE,8,1,unique,true,false,relevant,0,0,0
NEAR_SOURCE,8,1,unique,true,false,persistent-relevant,0,0,0
NEAR_SOURCE,8,1,unique,true,false,validated,56,56,0
NEAR_SOURCE,8,1,unique,true,false,persistent-validated,56,56,0
NEAR_SOURCE,8,1,unique,true,true,plain,0,0,0
NEAR_SOURCE,8,1,unique,true,true,exact,0,0,0
NEAR_SOURCE,8,1,unique,true,true,relevant,0,0,0
NEAR_SOURCE,8,1,unique,true,true,persistent-relevant,0,0,0
NEAR_SOURCE,8,1,unique,true,true,validated,56,56,0
NEAR_SOURCE,8,1,unique,true,true,persistent-validated,56,56,0
NEAR_SOURCE,8,1,repeated,false,false,plain,0,0,0
NEAR_SOURCE,8,1,repeated,false,false,exact,0,0,0
NEAR_SOURCE,8,1,repeated,false,false,relevant,0,0,13
NEAR_SOURCE,8,1,repeated,false,false,persistent-relevant,0,0,13
NEAR_SOURCE,8,1,repeated,false,false,validated,13,40,13
NEAR_SOURCE,8,1,repeated,false,false,persistent-validated,13,40,13
NEAR_SOURCE,8,1,repeated,false,true,plain,0,0,0
NEAR_SOURCE,8,1,repeated,false,true,exact,0,0,0
NEAR_SOURCE,8,1,repeated,false,true,relevant,0,0,13
NEAR_SOURCE,8,1,repeated,false,true,persistent-relevant,0,0,13
NEAR_SOURCE,8,1,repeated,false,true,validated,13,40,13
NEAR_SOURCE,8,1,repeated,false,true,persistent-validated,13,40,13
NEAR_SOURCE,8,1,repeated,true,false,plain,0,0,0
NEAR_SOURCE,8,1,repeated,true,false,exact,0,0,0
NEAR_SOURCE,8,1,repeated,true,false,relevant,0,0,14
NEAR_SOURCE,8,1,repeated,true,false,persistent-relevant,0,0,14
NEAR_SOURCE,8,1,repeated,true,false,validated,14,42,14
NEAR_SOURCE,8,1,repeated,true,false,persistent-validated,14,42,14
NEAR_SOURCE,8,1,repeated,true,true,plain,0,0,0
NEAR_SOURCE,8,1,repeated,true,true,exact,0,0,0
NEAR_SOURCE,8,1,repeated,true,true,relevant,0,0,14
NEAR_SOURCE,8,1,repeated,true,true,persistent-relevant,0,0,14
NEAR_SOURCE,8,1,repeated,true,true,validated,14,42,14
NEAR_SOURCE,8,1,repeated,true,true,persistent-validated,14,42,14
NEAR_SOURCE,8,1,mixed,false,false,plain,0,0,0
NEAR_SOURCE,8,1,mixed,false,false,exact,0,0,0
NEAR_SOURCE,8,1,mixed,false,false,relevant,0,0,0
NEAR_SOURCE,8,1,mixed,false,false,persistent-relevant,0,0,0
NEAR_SOURCE,8,1,mixed,false,false,validated,49,49,0
NEAR_SOURCE,8,1,mixed,false,false,persistent-validated,49,49,0
NEAR_SOURCE,8,1,mixed,false,true,plain,0,0,0
NEAR_SOURCE,8,1,mixed,false,true,exact,0,0,0
NEAR_SOURCE,8,1,mixed,false,true,relevant,0,0,0
NEAR_SOURCE,8,1,mixed,false,true,persistent-relevant,0,0,0
NEAR_SOURCE,8,1,mixed,false,true,validated,49,49,0
NEAR_SOURCE,8,1,mixed,false,true,persistent-validated,49,49,0
NEAR_SOURCE,8,1,mixed,true,false,plain,0,0,0
NEAR_SOURCE,8,1,mixed,true,false,exact,0,0,0
NEAR_SOURCE,8,1,mixed,true,false,relevant,0,0,0
NEAR_SOURCE,8,1,mixed,true,false,persistent-relevant,0,0,0
NEAR_SOURCE,8,1,mixed,true,false,validated,56,56,0
NEAR_SOURCE,8,1,mixed,true,false,persistent-validated,56,56,0
NEAR_SOURCE,8,1,mixed,true,true,plain,0,0,0
NEAR_SOURCE,8,1,mixed,true,true,exact,0,0,0
NEAR_SOURCE,8,1,mixed,true,true,relevant,0,0,0
NEAR_SOURCE,8,1,mixed,true,true,persistent-relevant,0,0,0
NEAR_SOURCE,8,1,mixed,true,true,validated,56,56,0
NEAR_SOURCE,8,1,mixed,true,true,persistent-validated,56,56,0
NEAR_SOURCE,8,8,unique,false,false,plain,0,0,0
NEAR_SOURCE,8,8,unique,false,false,exact,0,0,0
NEAR_SOURCE,8,8,unique,false,false,relevant,0,0,0
NEAR_SOURCE,8,8,unique,false,false,persistent-relevant,0,0,0
NEAR_SOURCE,8,8,unique,false,false,validated,245,245,0
NEAR_SOURCE,8,8,unique,false,false,persistent-validated,245,245,0
NEAR_SOURCE,8,8,unique,false,true,plain,0,0,0
NEAR_SOURCE,8,8,unique,false,true,exact,0,0,0
NEAR_SOURCE,8,8,unique,false,true,relevant,0,0,0
NEAR_SOURCE,8,8,unique,false,true,persistent-relevant,0,0,0
NEAR_SOURCE,8,8,unique,false,true,validated,245,245,0
NEAR_SOURCE,8,8,unique,false,true,persistent-validated,245,245,0
NEAR_SOURCE,8,8,unique,true,false,plain,0,0,0
NEAR_SOURCE,8,8,unique,true,false,exact,0,0,0
NEAR_SOURCE,8,8,unique,true,false,relevant,0,0,0
NEAR_SOURCE,8,8,unique,true,false,persistent-relevant,0,0,0
NEAR_SOURCE,8,8,unique,true,false,validated,245,245,0
NEAR_SOURCE,8,8,unique,true,false,persistent-validated,245,245,0
NEAR_SOURCE,8,8,unique,true,true,plain,0,0,0
NEAR_SOURCE,8,8,unique,true,true,exact,0,0,0
NEAR_SOURCE,8,8,unique,true,true,relevant,0,0,0
NEAR_SOURCE,8,8,unique,true,true,persistent-relevant,0,0,0
NEAR_SOURCE,8,8,unique,true,true,validated,245,245,0
NEAR_SOURCE,8,8,unique,true,true,persistent-validated,245,245,0
NEAR_SOURCE,8,8,repeated,false,false,plain,0,0,0
NEAR_SOURCE,8,8,repeated,false,false,exact,0,0,0
NEAR_SOURCE,8,8,repeated,false,false,relevant,0,0,62
NEAR_SOURCE,8,8,repeated,false,false,persistent-relevant,0,0,62
NEAR_SOURCE,8,8,repeated,false,false,validated,62,628,62
NEAR_SOURCE,8,8,repeated,false,false,persistent-validated,62,628,62
NEAR_SOURCE,8,8,repeated,false,true,plain,0,0,0
NEAR_SOURCE,8,8,repeated,false,true,exact,0,0,0
NEAR_SOURCE,8,8,repeated,false,true,relevant,0,0,62
NEAR_SOURCE,8,8,repeated,false,true,persistent-relevant,0,0,62
NEAR_SOURCE,8,8,repeated,false,true,validated,62,628,62
NEAR_SOURCE,8,8,repeated,false,true,persistent-validated,62,628,62
NEAR_SOURCE,8,8,repeated,true,false,plain,0,0,0
NEAR_SOURCE,8,8,repeated,true,false,exact,0,0,0
NEAR_SOURCE,8,8,repeated,true,false,relevant,0,0,62
NEAR_SOURCE,8,8,repeated,true,false,persistent-relevant,0,0,62
NEAR_SOURCE,8,8,repeated,true,false,validated,62,628,62
NEAR_SOURCE,8,8,repeated,true,false,persistent-validated,62,628,62
NEAR_SOURCE,8,8,repeated,true,true,plain,0,0,0
NEAR_SOURCE,8,8,repeated,true,true,exact,0,0,0
NEAR_SOURCE,8,8,repeated,true,true,relevant,0,0,62
NEAR_SOURCE,8,8,repeated,true,true,persistent-relevant,0,0,62
NEAR_SOURCE,8,8,repeated,true,true,validated,62,628,62
NEAR_SOURCE,8,8,repeated,true,true,persistent-validated,62,628,62
NEAR_SOURCE,8,8,mixed,false,false,plain,0,0,0
NEAR_SOURCE,8,8,mixed,false,false,exact,0,0,0
NEAR_SOURCE,8,8,mixed,false,false,relevant,0,0,0
NEAR_SOURCE,8,8,mixed,false,false,persistent-relevant,0,0,0
NEAR_SOURCE,8,8,mixed,false,false,validated,245,245,0
NEAR_SOURCE,8,8,mixed,false,false,persistent-validated,245,245,0
NEAR_SOURCE,8,8,mixed,false,true,plain,0,0,0
NEAR_SOURCE,8,8,mixed,false,true,exact,0,0,0
NEAR_SOURCE,8,8,mixed,false,true,relevant,0,0,0
NEAR_SOURCE,8,8,mixed,false,true,persistent-relevant,0,0,0
NEAR_SOURCE,8,8,mixed,false,true,validated,245,245,0
NEAR_SOURCE,8,8,mixed,false,true,persistent-validated,245,245,0
NEAR_SOURCE,8,8,mixed,true,false,plain,0,0,0
NEAR_SOURCE,8,8,mixed,true,false,exact,0,0,0
NEAR_SOURCE,8,8,mixed,true,false,relevant,0,0,0
NEAR_SOURCE,8,8,mixed,true,false,persistent-relevant,0,0,0
NEAR_SOURCE,8,8,mixed,true,false,validated,245,245,0
NEAR_SOURCE,8,8,mixed,true,false,persistent-validated,245,245,0
NEAR_SOURCE,8,8,mixed,true,true,plain,0,0,0
NEAR_SOURCE,8,8,mixed,true,true,exact,0,0,0
NEAR_SOURCE,8,8,mixed,true,true,relevant,0,0,0
NEAR_SOURCE,8,8,mixed,true,true,persistent-relevant,0,0,0
NEAR_SOURCE,8,8,mixed,true,true,validated,245,245,0
NEAR_SOURCE,8,8,mixed,true,true,persistent-validated,245,245,0
NEAR_SOURCE,32,1,unique,false,false,plain,0,0,0
NEAR_SOURCE,32,1,unique,false,false,exact,0,0,0
NEAR_SOURCE,32,1,unique,false,false,relevant,0,0,0
NEAR_SOURCE,32,1,unique,false,false,persistent-relevant,0,0,0
NEAR_SOURCE,32,1,unique,false,false,validated,961,961,0
NEAR_SOURCE,32,1,unique,false,false,persistent-validated,961,961,0
NEAR_SOURCE,32,1,unique,false,true,plain,0,0,0
NEAR_SOURCE,32,1,unique,false,true,exact,0,0,0
NEAR_SOURCE,32,1,unique,false,true,relevant,0,0,0
NEAR_SOURCE,32,1,unique,false,true,persistent-relevant,0,0,0
NEAR_SOURCE,32,1,unique,false,true,validated,961,961,0
NEAR_SOURCE,32,1,unique,false,true,persistent-validated,961,961,0
NEAR_SOURCE,32,1,unique,true,false,plain,0,0,0
NEAR_SOURCE,32,1,unique,true,false,exact,0,0,0
NEAR_SOURCE,32,1,unique,true,false,relevant,0,0,0
NEAR_SOURCE,32,1,unique,true,false,persistent-relevant,0,0,0
NEAR_SOURCE,32,1,unique,true,false,validated,992,992,0
NEAR_SOURCE,32,1,unique,true,false,persistent-validated,992,992,0
NEAR_SOURCE,32,1,unique,true,true,plain,0,0,0
NEAR_SOURCE,32,1,unique,true,true,exact,0,0,0
NEAR_SOURCE,32,1,unique,true,true,relevant,0,0,0
NEAR_SOURCE,32,1,unique,true,true,persistent-relevant,0,0,0
NEAR_SOURCE,32,1,unique,true,true,validated,992,992,0
NEAR_SOURCE,32,1,unique,true,true,persistent-validated,992,992,0
NEAR_SOURCE,32,1,repeated,false,false,plain,0,0,0
NEAR_SOURCE,32,1,repeated,false,false,exact,0,0,0
NEAR_SOURCE,32,1,repeated,false,false,relevant,0,0,61
NEAR_SOURCE,32,1,repeated,false,false,persistent-relevant,0,0,61
NEAR_SOURCE,32,1,repeated,false,false,validated,61,184,61
NEAR_SOURCE,32,1,repeated,false,false,persistent-validated,61,184,61
NEAR_SOURCE,32,1,repeated,false,true,plain,0,0,0
NEAR_SOURCE,32,1,repeated,false,true,exact,0,0,0
NEAR_SOURCE,32,1,repeated,false,true,relevant,0,0,61
NEAR_SOURCE,32,1,repeated,false,true,persistent-relevant,0,0,61
NEAR_SOURCE,32,1,repeated,false,true,validated,61,184,61
NEAR_SOURCE,32,1,repeated,false,true,persistent-validated,61,184,61
NEAR_SOURCE,32,1,repeated,true,false,plain,0,0,0
NEAR_SOURCE,32,1,repeated,true,false,exact,0,0,0
NEAR_SOURCE,32,1,repeated,true,false,relevant,0,0,62
NEAR_SOURCE,32,1,repeated,true,false,persistent-relevant,0,0,62
NEAR_SOURCE,32,1,repeated,true,false,validated,62,186,62
NEAR_SOURCE,32,1,repeated,true,false,persistent-validated,62,186,62
NEAR_SOURCE,32,1,repeated,true,true,plain,0,0,0
NEAR_SOURCE,32,1,repeated,true,true,exact,0,0,0
NEAR_SOURCE,32,1,repeated,true,true,relevant,0,0,62
NEAR_SOURCE,32,1,repeated,true,true,persistent-relevant,0,0,62
NEAR_SOURCE,32,1,repeated,true,true,validated,62,186,62
NEAR_SOURCE,32,1,repeated,true,true,persistent-validated,62,186,62
NEAR_SOURCE,32,1,mixed,false,false,plain,0,0,0
NEAR_SOURCE,32,1,mixed,false,false,exact,0,0,0
NEAR_SOURCE,32,1,mixed,false,false,relevant,0,0,0
NEAR_SOURCE,32,1,mixed,false,false,persistent-relevant,0,0,0
NEAR_SOURCE,32,1,mixed,false,false,validated,961,961,0
NEAR_SOURCE,32,1,mixed,false,false,persistent-validated,961,961,0
NEAR_SOURCE,32,1,mixed,false,true,plain,0,0,0
NEAR_SOURCE,32,1,mixed,false,true,exact,0,0,0
NEAR_SOURCE,32,1,mixed,false,true,relevant,0,0,0
NEAR_SOURCE,32,1,mixed,false,true,persistent-relevant,0,0,0
NEAR_SOURCE,32,1,mixed,false,true,validated,961,961,0
NEAR_SOURCE,32,1,mixed,false,true,persistent-validated,961,961,0
NEAR_SOURCE,32,1,mixed,true,false,plain,0,0,0
NEAR_SOURCE,32,1,mixed,true,false,exact,0,0,0
NEAR_SOURCE,32,1,mixed,true,false,relevant,0,0,0
NEAR_SOURCE,32,1,mixed,true,false,persistent-relevant,0,0,0
NEAR_SOURCE,32,1,mixed,true,false,validated,992,992,0
NEAR_SOURCE,32,1,mixed,true,false,persistent-validated,992,992,0
NEAR_SOURCE,32,1,mixed,true,true,plain,0,0,0
NEAR_SOURCE,32,1,mixed,true,true,exact,0,0,0
NEAR_SOURCE,32,1,mixed,true,true,relevant,0,0,0
NEAR_SOURCE,32,1,mixed,true,true,persistent-relevant,0,0,0
NEAR_SOURCE,32,1,mixed,true,true,validated,992,992,0
NEAR_SOURCE,32,1,mixed,true,true,persistent-validated,992,992,0
NEAR_SOURCE,32,8,unique,false,false,plain,0,0,0
NEAR_SOURCE,32,8,unique,false,false,exact,0,0,0
NEAR_SOURCE,32,8,unique,false,false,relevant,0,0,0
NEAR_SOURCE,32,8,unique,false,false,persistent-relevant,0,0,0
NEAR_SOURCE,32,8,unique,false,false,validated,4433,4433,0
NEAR_SOURCE,32,8,unique,false,false,persistent-validated,4433,4433,0
NEAR_SOURCE,32,8,unique,false,true,plain,0,0,0
NEAR_SOURCE,32,8,unique,false,true,exact,0,0,0
NEAR_SOURCE,32,8,unique,false,true,relevant,0,0,0
NEAR_SOURCE,32,8,unique,false,true,persistent-relevant,0,0,0
NEAR_SOURCE,32,8,unique,false,true,validated,4433,4433,0
NEAR_SOURCE,32,8,unique,false,true,persistent-validated,4433,4433,0
NEAR_SOURCE,32,8,unique,true,false,plain,0,0,0
NEAR_SOURCE,32,8,unique,true,false,exact,0,0,0
NEAR_SOURCE,32,8,unique,true,false,relevant,0,0,0
NEAR_SOURCE,32,8,unique,true,false,persistent-relevant,0,0,0
NEAR_SOURCE,32,8,unique,true,false,validated,4433,4433,0
NEAR_SOURCE,32,8,unique,true,false,persistent-validated,4433,4433,0
NEAR_SOURCE,32,8,unique,true,true,plain,0,0,0
NEAR_SOURCE,32,8,unique,true,true,exact,0,0,0
NEAR_SOURCE,32,8,unique,true,true,relevant,0,0,0
NEAR_SOURCE,32,8,unique,true,true,persistent-relevant,0,0,0
NEAR_SOURCE,32,8,unique,true,true,validated,4433,4433,0
NEAR_SOURCE,32,8,unique,true,true,persistent-validated,4433,4433,0
NEAR_SOURCE,32,8,repeated,false,false,plain,0,0,0
NEAR_SOURCE,32,8,repeated,false,false,exact,0,0,0
NEAR_SOURCE,32,8,repeated,false,false,relevant,0,0,278
NEAR_SOURCE,32,8,repeated,false,false,persistent-relevant,0,0,278
NEAR_SOURCE,32,8,repeated,false,false,validated,278,2788,278
NEAR_SOURCE,32,8,repeated,false,false,persistent-validated,278,2788,278
NEAR_SOURCE,32,8,repeated,false,true,plain,0,0,0
NEAR_SOURCE,32,8,repeated,false,true,exact,0,0,0
NEAR_SOURCE,32,8,repeated,false,true,relevant,0,0,278
NEAR_SOURCE,32,8,repeated,false,true,persistent-relevant,0,0,278
NEAR_SOURCE,32,8,repeated,false,true,validated,278,2788,278
NEAR_SOURCE,32,8,repeated,false,true,persistent-validated,278,2788,278
NEAR_SOURCE,32,8,repeated,true,false,plain,0,0,0
NEAR_SOURCE,32,8,repeated,true,false,exact,0,0,0
NEAR_SOURCE,32,8,repeated,true,false,relevant,0,0,278
NEAR_SOURCE,32,8,repeated,true,false,persistent-relevant,0,0,278
NEAR_SOURCE,32,8,repeated,true,false,validated,278,2788,278
NEAR_SOURCE,32,8,repeated,true,false,persistent-validated,278,2788,278
NEAR_SOURCE,32,8,repeated,true,true,plain,0,0,0
NEAR_SOURCE,32,8,repeated,true,true,exact,0,0,0
NEAR_SOURCE,32,8,repeated,true,true,relevant,0,0,278
NEAR_SOURCE,32,8,repeated,true,true,persistent-relevant,0,0,278
NEAR_SOURCE,32,8,repeated,true,true,validated,278,2788,278
NEAR_SOURCE,32,8,repeated,true,true,persistent-validated,278,2788,278
NEAR_SOURCE,32,8,mixed,false,false,plain,0,0,0
NEAR_SOURCE,32,8,mixed,false,false,exact,0,0,0
NEAR_SOURCE,32,8,mixed,false,false,relevant,0,0,0
NEAR_SOURCE,32,8,mixed,false,false,persistent-relevant,0,0,0
NEAR_SOURCE,32,8,mixed,false,false,validated,4433,4433,0
NEAR_SOURCE,32,8,mixed,false,false,persistent-validated,4433,4433,0
NEAR_SOURCE,32,8,mixed,false,true,plain,0,0,0
NEAR_SOURCE,32,8,mixed,false,true,exact,0,0,0
NEAR_SOURCE,32,8,mixed,false,true,relevant,0,0,0
NEAR_SOURCE,32,8,mixed,false,true,persistent-relevant,0,0,0
NEAR_SOURCE,32,8,mixed,false,true,validated,4433,4433,0
NEAR_SOURCE,32,8,mixed,false,true,persistent-validated,4433,4433,0
NEAR_SOURCE,32,8,mixed,true,false,plain,0,0,0
NEAR_SOURCE,32,8,mixed,true,false,exact,0,0,0
NEAR_SOURCE,32,8,mixed,true,false,relevant,0,0,0
NEAR_SOURCE,32,8,mixed,true,false,persistent-relevant,0,0,0
NEAR_SOURCE,32,8,mixed,true,false,validated,4433,4433,0
NEAR_SOURCE,32,8,mixed,true,false,persistent-validated,4433,4433,0
NEAR_SOURCE,32,8,mixed,true,true,plain,0,0,0
NEAR_SOURCE,32,8,mixed,true,true,exact,0,0,0
NEAR_SOURCE,32,8,mixed,true,true,relevant,0,0,0
NEAR_SOURCE,32,8,mixed,true,true,persistent-relevant,0,0,0
NEAR_SOURCE,32,8,mixed,true,true,validated,4433,4433,0
NEAR_SOURCE,32,8,mixed,true,true,persistent-validated,4433,4433,0
test near_misses_preserve_complete_source_answers ... ok

test result: ok. 2 passed; 0 failed; 0 ignored; 0 measured; 0 filtered out; finished in 0.53s

