   Compiling chr-persistent v0.1.0 (/home/ahart/Documents/CHRLang/research/chr-persistent)
    Finished `test` profile [unoptimized + debuginfo] target(s) in 0.69s
     Running unittests src/lib.rs (target/debug/deps/chr_persistent-108fe38fc7ee1606)

running 6 tests
test map::tests::old_snapshots_survive_replacements_and_removals ... ok
test map::tests::indexed_ranges_preserve_key_order_and_boundaries ... ok
test terms::tests::failed_equation_does_not_publish_earlier_pairs ... ok
test terms::tests::closedness_is_canonical_structural_and_independent_of_bindings ... ok
test terms::tests::cow_hits_share_storage_and_insertions_detach_all_dictionaries ... ok
test map::model_test::mixed_updates_and_snapshots_match_an_ordered_map ... ok

test result: ok. 6 passed; 0 failed; 0 ignored; 0 measured; 0 filtered out; finished in 0.00s

     Running tests/borrowed_observation.rs (target/debug/deps/borrowed_observation-e97d5b287c826061)

running 2 tests
test snapshots_keep_branch_bindings_and_reject_another_machine ... ok
test borrowed_and_eager_transitions_agree_on_aliases_duplicates_and_failure ... ok

test result: ok. 2 passed; 0 failed; 0 ignored; 0 measured; 0 filtered out; finished in 0.00s

     Running tests/closed_occurs.rs (target/debug/deps/closed_occurs-b5b0f267cb94d266)

running 2 tests
test occurs_open_aliases_forks_and_transactional_notifications ... ok
test occurs_skips_closed_suffixes_but_checks_open_fields ... ok

test result: ok. 2 passed; 0 failed; 0 ignored; 0 measured; 0 filtered out; finished in 0.00s

     Running tests/conformance.rs (target/debug/deps/conformance-11a430456bc2e95c)

running 3 tests
test kept_heads_and_ordered_propagation_tuples_remain_distinct ... ok
test snapshot_sharing_does_not_claim_to_share_source_execution ... ok
test both_snapshot_modes_preserve_registered_semantics ... ok

test result: ok. 3 passed; 0 failed; 0 ignored; 0 measured; 0 filtered out; finished in 0.02s

     Running tests/continuation_keys.rs (target/debug/deps/continuation_keys-a15ccf23fcea6ad6)

running 4 tests
test history_changes_the_next_enabled_event_with_identical_visible_store ... ok
test pending_failure_is_not_a_successful_continuation ... ok
test equation_path_reads_follow_current_bindings_and_reject_other_events ... ok
test keys_preserve_aliases_resource_multiplicity_and_occurrence_order ... ok

test result: ok. 4 passed; 0 failed; 0 ignored; 0 measured; 0 filtered out; finished in 0.00s

     Running tests/fork_diagnostics.rs (target/debug/deps/fork_diagnostics-2f6936460ec1f396)

running 1 test
test actual_clone_and_latest_prefix_interning_are_branch_local ... ok

test result: ok. 1 passed; 0 failed; 0 ignored; 0 measured; 0 filtered out; finished in 0.00s

     Running tests/graph_cost_cases.rs (target/debug/deps/graph_cost_cases-8a79fa5be2b6aba6)

running 2 tests
test graph_mode_exports_only_recognized_completions_and_retains_only_their_snapshots ... ok
test fixtures_and_policies_preserve_full_expected_answers_and_raw_counts ... ok

test result: ok. 2 passed; 0 failed; 0 ignored; 0 measured; 0 filtered out; finished in 0.22s

     Running tests/graph_registry.rs (target/debug/deps/graph_registry-ecfe0d2c71dbbb21)

running 1 test
test registered_completion_case ... ignored, registered isolated E14 graph-source gate

test result: ok. 0 passed; 0 failed; 1 ignored; 0 measured; 0 filtered out; finished in 0.00s

   Doc-tests chr_persistent

running 0 tests

test result: ok. 0 passed; 0 failed; 0 ignored; 0 measured; 0 filtered out; finished in 0.00s

